Hubbard/square_16_P_8_4: N=32 k=16 D=165636900 threads=32 nk.graph.Grid(square, L=4, pbc=True): 32 bonds on 16 sites; 32 spin-orbitals (up = bit i, down = bit 16+i)
  m=5 E=-2.27217658166115 resEst=5.33e+00 t=8s matvec=1.54s
  m=10 E=-9.33292677463525 resEst=3.24e+00 t=16s matvec=1.49s
  m=15 E=-11.67023698537017 resEst=2.00e+00 t=23s matvec=1.46s
  m=20 E=-12.78264805403338 resEst=1.65e+00 t=30s matvec=1.45s
  m=25 E=-13.39438323127182 resEst=9.29e-01 t=38s matvec=1.46s
  m=30 E=-13.53266313661941 resEst=3.97e-01 t=45s matvec=1.44s
  m=35 E=-13.56312232518302 resEst=2.44e-01 t=52s matvec=1.43s
  m=40 E=-13.58228239371546 resEst=2.42e-01 t=60s matvec=1.43s
  m=45 E=-13.60539007126421 resEst=2.53e-01 t=67s matvec=1.43s
  m=50 E=-13.61851335512111 resEst=1.33e-01 t=74s matvec=1.42s
  m=55 E=-13.62123892918376 resEst=5.14e-02 t=81s matvec=1.42s
  m=60 E=-13.62168209731900 resEst=2.51e-02 t=89s matvec=1.42s
  m=65 E=-13.62181642219733 resEst=1.44e-02 t=96s matvec=1.41s
  m=70 E=-13.62185061966530 resEst=5.51e-03 t=103s matvec=1.41s
  m=75 E=-13.62185447532601 resEst=1.54e-03 t=110s matvec=1.41s
  m=80 E=-13.62185478271335 resEst=4.82e-04 t=117s matvec=1.40s
  m=85 E=-13.62185481696085 resEst=1.73e-04 t=124s matvec=1.40s
  m=90 E=-13.62185482085831 resEst=4.93e-05 t=131s matvec=1.40s
  m=95 E=-13.62185482114356 resEst=1.23e-05 t=138s matvec=1.39s
  m=100 E=-13.62185482116136 resEst=3.13e-06 t=145s matvec=1.39s
  m=105 E=-13.62185482116255 resEst=8.56e-07 t=152s matvec=1.39s
  m=110 E=-13.62185482116264 resEst=2.36e-07 t=159s matvec=1.39s
  m=115 E=-13.62185482116265 resEst=6.18e-08 t=166s matvec=1.38s
  m=120 E=-13.62185482116265 resEst=1.53e-08 t=173s matvec=1.38s
  m=125 E=-13.62185482116265 resEst=3.90e-09 t=180s matvec=1.38s
  m=130 E=-13.62185482116265 resEst=8.77e-10 t=187s matvec=1.38s
  m=135 E=-13.62185482116265 resEst=1.93e-10 t=194s matvec=1.38s
  m=140 E=-13.62185482116265 resEst=5.21e-11 t=201s matvec=1.38s
  E=-13.62185482116144 residual=5.21e-11
done results/hubbard/Hubbard__square_16_P_8_4__B.json
