Hubbard/square_16_P_8_8: N=32 k=16 D=165636900 threads=32 nk.graph.Grid(square, L=4, pbc=True): 32 bonds on 16 sites; 32 spin-orbitals (up = bit i, down = bit 16+i)
  m=5 E=5.96323081355142 resEst=7.65e+00 t=8s matvec=1.50s
  m=10 E=-3.96968958710693 resEst=3.95e+00 t=15s matvec=1.42s
  m=15 E=-5.88567287016631 resEst=2.26e+00 t=22s matvec=1.41s
  m=20 E=-7.04986341309439 resEst=2.01e+00 t=29s matvec=1.39s
  m=25 E=-7.87941780309489 resEst=1.52e+00 t=36s matvec=1.38s
  m=30 E=-8.25937101921346 resEst=9.26e-01 t=43s matvec=1.38s
  m=35 E=-8.37976320952502 resEst=4.76e-01 t=51s matvec=1.38s
  m=40 E=-8.41272169359450 resEst=2.86e-01 t=58s matvec=1.37s
  m=45 E=-8.43259078166701 resEst=2.98e-01 t=65s matvec=1.37s
  m=50 E=-8.45381129291102 resEst=2.59e-01 t=72s matvec=1.37s
  m=55 E=-8.46422270876133 resEst=1.51e-01 t=79s matvec=1.37s
  m=60 E=-8.46748481444869 resEst=8.28e-02 t=86s matvec=1.37s
  m=65 E=-8.46852948022014 resEst=4.80e-02 t=93s matvec=1.38s
  m=70 E=-8.46882817057609 resEst=2.08e-02 t=101s matvec=1.38s
  m=75 E=-8.46887066797254 resEst=6.46e-03 t=108s matvec=1.38s
  m=80 E=-8.46887460856473 resEst=1.93e-03 t=115s matvec=1.37s
  m=85 E=-8.46887497342904 resEst=6.10e-04 t=122s matvec=1.37s
  m=90 E=-8.46887500993869 resEst=1.92e-04 t=129s matvec=1.37s
  m=95 E=-8.46887501366066 resEst=6.54e-05 t=136s matvec=1.37s
  m=100 E=-8.46887501412232 resEst=2.42e-05 t=143s matvec=1.37s
  m=105 E=-8.46887501418660 resEst=9.14e-06 t=150s matvec=1.37s
  m=110 E=-8.46887501419569 resEst=3.28e-06 t=157s matvec=1.37s
  m=115 E=-8.46887501419675 resEst=1.01e-06 t=164s matvec=1.37s
  m=120 E=-8.46887501419685 resEst=2.77e-07 t=171s matvec=1.37s
  m=125 E=-8.46887501419685 resEst=8.13e-08 t=178s matvec=1.37s
  m=130 E=-8.46887501419685 resEst=2.54e-08 t=185s matvec=1.37s
  m=135 E=-8.46887501419686 resEst=7.68e-09 t=192s matvec=1.37s
  m=140 E=-8.46887501419686 resEst=2.66e-09 t=199s matvec=1.37s
  m=145 E=-8.46887501419685 resEst=1.06e-09 t=206s matvec=1.37s
  m=150 E=-8.46887501419686 resEst=3.85e-10 t=213s matvec=1.37s
  m=155 E=-8.46887501419685 resEst=1.21e-10 t=220s matvec=1.37s
  m=160 E=-8.46887501419685 resEst=3.69e-11 t=228s matvec=1.37s
  E=-8.46887501419940 residual=3.70e-11
done results/hubbard/Hubbard__square_16_P_8_8__B.json
