09:35:47 cluster L1=(4, 2) L2=(-2, 4) N=20 translations Z_2 x Z_10 (g1=[1, 0], g2=[2, 1]), group c2 |P|=40 (x spin flip 80), bonds J1 40 J2 40, threads 192, md5 b627f70bab37d6e3c68f8d66e91f5c11
09:35:47 selftest passed: {'states': 300, 'targets': 1268} in 0.3s
09:35:47 basis: 2631 orbits (S^z=0 dim 184756, sum of orbit sizes 184756) in 0s; dims A=2631 B=2086; stabiliser/flags 0s; max stab 40
09:35:47 hash table: 2^13 slots (0.0 GB), load 0.321, insert max probe 9, mean extra probes 0.281, lookup check failures 0, 0s
09:35:47 hermiticity |<u|Hv>-<Hu|v>|/|<u|Hv>| per vector: ['1.6e-15', '1.4e-15', '7.6e-15', '2.7e-15', '1.4e-15', '1.3e-15', '2.7e-15']; first sweep 0.0s; not-found targets 0
09:35:48 pass 1 done: iterations [75, 70, 70, 65, 70, 95, 55], 1s, mean sweep 0.00s
09:35:48    ('B', 0.5): E_ritz -29.698331483565727 resEst 3.33e-10 it 75
09:35:48    ('B', 0.55): E_ritz -30.333203327640835 resEst 3.54e-10 it 70
09:35:48    ('B', 0.6): E_ritz -31.07806226357731 resEst 7.77e-11 it 70
09:35:48    ('B', 0.7): E_ritz -32.78770371140541 resEst 2.88e-10 it 65
09:35:48    ('B', 1.0): E_ritz -38.9921004319452 resEst 1.36e-10 it 70
09:35:48    ('A', 0.6): E_ritz -39.34529317619327 resEst 3.75e-10 it 95
09:35:48    ('A', 1.0): E_ritz -59.8060302674362 resEst 2.99e-10 it 55
09:35:49 pass 2 done in 1s; total sweeps 193, not-found targets 0
09:35:49 RESULT sq20c2 B+ J2=0.5: E=-29.698331483565738 (S.S total -7.4245828709) ritz=-29.698331483565727 residual=3.33e-10 it=75 <s0.s1>=-0.150201
09:35:49 RESULT sq20c2 B+ J2=0.55: E=-30.33320332764078 (S.S total -7.5833008319) ritz=-30.333203327640835 residual=3.52e-10 it=70 <s0.s1>=-0.141725
09:35:49 RESULT sq20c2 B+ J2=0.6: E=-31.078062263577316 (S.S total -7.7695155659) ritz=-31.07806226357731 residual=7.81e-11 it=70 <s0.s1>=-0.135100
09:35:49 RESULT sq20c2 B+ J2=0.7: E=-32.78770371140547 (S.S total -8.1969259279) ritz=-32.78770371140541 residual=2.88e-10 it=65 <s0.s1>=-0.125127
09:35:49 RESULT sq20c2 B+ J2=1: E=-38.99210043194512 (S.S total -9.7480251080) ritz=-38.9921004319452 residual=1.36e-10 it=70 <s0.s1>=-0.101639
09:35:49 RESULT sq20c2 A+ J2=0.6: E=-39.34529317619325 (S.S total -9.8363232940) ritz=-39.34529317619327 residual=3.75e-10 it=95 <s0.s1>=-0.106899
09:35:49 RESULT sq20c2 A+ J2=1: E=-59.80603026743618 (S.S total -14.9515075669) ritz=-59.8060302674362 residual=2.99e-10 it=55 <s0.s1>=-0.021736
09:35:49 ALL_DONE sq20c2 in 2s
