00:36:02 cluster L1=(6, 2) L2=(-2, 6) N=40 translations Z_2 x Z_20 (g1=[1, 0], g2=[1, -3]), group c4 |P|=160 (x spin flip 320), bonds J1 80 J2 80, threads 192, md5 b627f70bab37d6e3c68f8d66e91f5c11
00:36:02 selftest passed: {'states': 200, 'targets': 1562} in 0.4s
00:36:48 basis: 430909650 orbits (S^z=0 dim 137846528820, sum of orbit sizes 137846528820) in 41s; dims A=430909650 B=430909268; stabiliser/flags 4s; max stab 160
00:36:48 dimensions match the expected {'A': '430909650', 'B': '430909268'}
00:37:01 hash table: 2^30 slots (68.7 GB), load 0.401, insert max probe 36, mean extra probes 0.301, lookup check failures 0, 13s
00:37:45 hermiticity |<u|Hv>-<Hu|v>|/|<u|Hv>| per vector: ['1.9e-13', '7.6e-14', '7.1e-14', '5.1e-13', '1.1e-13', '7.6e-15', '1.8e-14']; first sweep 22.1s; not-found targets 0
01:39:40 pass 1 done: iterations [160, 115, 110, 90, 90, 90, 85], 3715s, mean sweep 22.72s
01:39:40    ('B', 0.6): E_ritz -76.73971980260565 resEst 3.98e-10 it 160
01:39:40    ('B', 0.65): E_ritz -80.18397191371442 resEst 2.94e-10 it 115
01:39:40    ('B', 0.7): E_ritz -84.21635736876847 resEst 9.70e-10 it 110
01:39:40    ('B', 0.8): E_ritz -93.24452544607324 resEst 9.71e-10 it 90
01:39:40    ('B', 0.9): E_ritz -102.91554222618262 resEst 1.97e-10 it 90
01:39:40    ('B', 1.0): E_ritz -112.89678665597437 resEst 1.64e-10 it 90
01:39:40    ('A', 1.0): E_ritz -113.7552356654649 resEst 2.46e-10 it 85
02:40:52 pass 2 done in 3669s; total sweeps 323, not-found targets 0
02:40:54 RESULT sq40 B+ J2=0.6: E=-76.73971980260544 (S.S total -19.1849299507) ritz=-76.73971980260565 residual=3.98e-10 it=160 <s0.s1>=-0.129081
02:40:55 RESULT sq40 B+ J2=0.65: E=-80.18397191371453 (S.S total -20.0459929784) ritz=-80.18397191371442 residual=2.94e-10 it=115 <s0.s1>=-0.096656
02:40:57 RESULT sq40 B+ J2=0.7: E=-84.2163573687684 (S.S total -21.0540893422) ritz=-84.21635736876847 residual=9.70e-10 it=110 <s0.s1>=-0.077583
02:40:58 RESULT sq40 B+ J2=0.8: E=-93.24452544607374 (S.S total -23.3111313615) ritz=-93.24452544607324 residual=9.71e-10 it=90 <s0.s1>=-0.055529
02:41:00 RESULT sq40 B+ J2=0.9: E=-102.91554222618245 (S.S total -25.7288855565) ritz=-102.91554222618262 residual=1.97e-10 it=90 <s0.s1>=-0.044356
02:41:01 RESULT sq40 B+ J2=1: E=-112.89678665597486 (S.S total -28.2241966640) ritz=-112.89678665597437 residual=1.64e-10 it=90 <s0.s1>=-0.037673
02:41:03 RESULT sq40 A+ J2=1: E=-113.75523566546488 (S.S total -28.4388089164) ritz=-113.7552356654649 residual=2.46e-10 it=85 <s0.s1>=-0.026295
02:41:05 ALL_DONE sq40 in 7503s
