02:41:07 cluster L1=(6, 2) L2=(-2, 6) N=40 translations Z_2 x Z_20 (g1=[1, 0], g2=[1, -3]), group c2 |P|=80 (x spin flip 160), bonds J1 80 J2 80, threads 192, md5 b627f70bab37d6e3c68f8d66e91f5c11
02:41:08 selftest passed: {'states': 100, 'targets': 1562} in 0.3s
02:41:49 basis: 861818918 orbits (S^z=0 dim 137846528820, sum of orbit sizes 137846528820) in 36s; dims A=861818918 B=861309014; stabiliser/flags 5s; max stab 80
02:41:49 dimensions match the expected {'A': '861818918'}
02:42:15 hash table: 2^31 slots (137.4 GB), load 0.401, insert max probe 36, mean extra probes 0.303, lookup check failures 0, 26s
02:43:29 hermiticity |<u|Hv>-<Hu|v>|/|<u|Hv>| per vector: ['9.2e-13', '1.9e-13', '6.0e-14', '3.6e-13', '9.3e-14', '5.4e-14', '2.8e-14']; first sweep 36.3s; not-found targets 0
05:29:44 pass 1 done: iterations [260, 170, 140, 120, 125, 105, 130], 9974s, mean sweep 37.50s
05:29:44    ('A', 0.6): E_ritz -76.73971980260565 resEst 5.11e-10 it 260
05:29:44    ('A', 0.65): E_ritz -80.18413021886572 resEst 4.35e-10 it 170
05:29:44    ('A', 0.7): E_ritz -84.22120955111616 resEst 3.55e-10 it 140
05:29:44    ('A', 0.8): E_ritz -93.36081712474795 resEst 7.17e-10 it 120
05:29:44    ('A', 0.9): E_ritz -103.34765147301844 resEst 2.09e-10 it 125
05:29:44    ('A', 1.0): E_ritz -113.75523566546485 resEst 2.91e-10 it 105
05:29:44    ('A', 0.55): E_ritz -78.07166104974142 resEst 3.84e-10 it 130
08:10:44 pass 2 done in 9655s; total sweeps 523, not-found targets 0
08:10:44 RESULT sq40c2 A+ J2=0.6: E=-76.7397198026056 (S.S total -19.1849299507) ritz=-76.73971980260565 residual=5.11e-10 it=260 <s0.s1>=-0.129081
08:10:44 RESULT sq40c2 A+ J2=0.65: E=-80.1841302188654 (S.S total -20.0460325547) ritz=-80.18413021886572 residual=4.35e-10 it=170 <s0.s1>=-0.096630
08:10:44 RESULT sq40c2 A+ J2=0.7: E=-84.22120955111575 (S.S total -21.0553023878) ritz=-84.22120955111616 residual=3.55e-10 it=140 <s0.s1>=-0.077051
08:10:44 RESULT sq40c2 A+ J2=0.8: E=-93.36081712474743 (S.S total -23.3402042812) ritz=-93.36081712474795 residual=7.17e-10 it=120 <s0.s1>=-0.050389
08:10:44 RESULT sq40c2 A+ J2=0.9: E=-103.34765147301988 (S.S total -25.8369128683) ritz=-103.34765147301844 residual=2.09e-10 it=125 <s0.s1>=-0.034740
08:10:44 RESULT sq40c2 A+ J2=1: E=-113.75523566546643 (S.S total -28.4388089164) ritz=-113.75523566546485 residual=2.91e-10 it=105 <s0.s1>=-0.026295
08:10:44 RESULT sq40c2 A+ J2=0.55: E=-78.07166104974227 (S.S total -19.5179152624) ritz=-78.07166104974142 residual=3.84e-10 it=130 <s0.s1>=-0.298597
08:10:44 ALL_DONE sq40c2 in 19777s
