09:35:50 cluster L1=(6, 2) L2=(-2, 6) N=40 translations Z_2 x Z_20 (g1=[1, 0], g2=[1, -3]), group c2 |P|=80 (x spin flip 160), bonds J1 80 J2 80, threads 192, md5 b627f70bab37d6e3c68f8d66e91f5c11
09:35:50 selftest passed: {'states': 100, 'targets': 1562} in 0.3s
09:36:50 basis: 861818918 orbits (S^z=0 dim 137846528820, sum of orbit sizes 137846528820) in 50s; dims A=861818918 B=861309014; stabiliser/flags 9s; max stab 80
09:36:50 dimensions match the expected {'A': '861818918', 'B': '861309014'}
09:37:38 hash table: 2^31 slots (137.4 GB), load 0.401, insert max probe 36, mean extra probes 0.303, lookup check failures 0, 48s
09:39:13 hermiticity |<u|Hv>-<Hu|v>|/|<u|Hv>| per vector: ['5.1e-12', '3.2e-14', '1.5e-13', '2.2e-12', '1.5e-13', '5.0e-14']; first sweep 46.8s; not-found targets 0
12:26:39 pass 1 done: iterations [210, 210, 180, 155, 165, 175], 10046s, mean sweep 46.58s
12:26:39    ('B', 0.6): E_ritz -72.49934077426627 resEst 7.18e-10 it 210
12:26:39    ('B', 0.65): E_ritz -74.08587614242752 resEst 7.23e-10 it 210
12:26:39    ('B', 0.7): E_ritz -76.84560829620197 resEst 3.85e-10 it 180
12:26:39    ('B', 0.8): E_ritz -83.46300263605362 resEst 7.26e-10 it 155
12:26:39    ('B', 0.9): E_ritz -90.69660952886012 resEst 4.57e-10 it 165
12:26:39    ('B', 1.0): E_ritz -98.2820503671782 resEst 7.79e-10 it 175
15:15:05 pass 2 done in 10099s; total sweeps 423, not-found targets 0
15:15:05 RESULT sq40c2m B+ J2=0.6: E=-72.49934077426671 (S.S total -18.1248351936) ritz=-72.49934077426627 residual=7.18e-10 it=210 <s0.s1>=-0.185583
15:15:05 RESULT sq40c2m B+ J2=0.65: E=-74.08587614242698 (S.S total -18.5214690356) ritz=-74.08587614242752 residual=7.23e-10 it=210 <s0.s1>=-0.140082
15:15:05 RESULT sq40c2m B+ J2=0.7: E=-76.84560829620156 (S.S total -19.2114020741) ritz=-76.84560829620197 residual=3.85e-10 it=180 <s0.s1>=-0.106663
15:15:05 RESULT sq40c2m B+ J2=0.8: E=-83.46300263605461 (S.S total -20.8657506590) ritz=-83.46300263605362 residual=7.26e-10 it=155 <s0.s1>=-0.085944
15:15:05 RESULT sq40c2m B+ J2=0.9: E=-90.69660952886008 (S.S total -22.6741523822) ritz=-90.69660952886012 residual=4.57e-10 it=165 <s0.s1>=-0.074338
15:15:05 RESULT sq40c2m B+ J2=1: E=-98.2820503671776 (S.S total -24.5705125918) ritz=-98.2820503671782 residual=7.79e-10 it=175 <s0.s1>=-0.065881
15:15:05 ALL_DONE sq40c2m in 20355s
