00:29:36 cluster L1=(4, 2) L2=(-2, 4) N=20 translations Z_2 x Z_10 (g1=[1, 0], g2=[2, 1]), group c4 |P|=80 (x spin flip 160), bonds J1 40 J2 40, threads 192, md5 b627f70bab37d6e3c68f8d66e91f5c11
00:29:37 selftest passed: {'states': 300, 'targets': 1268} in 0.8s
00:29:47 basis: 1321 orbits (S^z=0 dim 184756, sum of orbit sizes 184756) in 8s; dims A=1321 B=1310; stabiliser/flags 2s; max stab 80
00:29:47 hash table: 2^12 slots (0.0 GB), load 0.323, insert max probe 5, mean extra probes 0.217, lookup check failures 0, 1s
00:29:48 hermiticity |<u|Hv>-<Hu|v>|/|<u|Hv>| per vector: ['1.2e-15', '2.9e-15', '2.4e-15', '8.1e-16', '5.4e-15', '2.2e-16', '7.2e-16']; first sweep 0.3s; not-found targets 0
00:29:49 pass 1 done: iterations [55, 60, 65, 60, 65, 65, 55], 1s, mean sweep 0.01s
00:29:49    ('A', 0.5): E_ritz -40.049248030304646 resEst 1.24e-10 it 55
00:29:49    ('B', 0.5): E_ritz -38.12994166754769 resEst 4.32e-10 it 60
00:29:49    ('A', 0.55): E_ritz -38.98708215368041 resEst 9.01e-11 it 65
00:29:49    ('B', 0.55): E_ritz -38.24978411558386 resEst 9.98e-10 it 60
00:29:49    ('A', 0.6): E_ritz -39.33063099577874 resEst 2.38e-10 it 65
00:29:49    ('B', 0.6): E_ritz -39.34529317619328 resEst 3.65e-11 it 65
00:29:49    ('B', 0.7): E_ritz -43.65412938598849 resEst 2.27e-10 it 55
00:29:50 pass 2 done in 1s; total sweeps 133, not-found targets 0
00:29:50 RESULT sq20 A+ J2=0.5: E=-40.04924803030463 (S.S total -10.0123120076) ritz=-40.049248030304646 residual=1.24e-10 it=55 <s0.s1>=-0.322041
00:29:50 RESULT sq20 B+ J2=0.5: E=-38.129941667547676 (S.S total -9.5324854169) ritz=-38.12994166754769 residual=4.32e-10 it=60 <s0.s1>=-0.233672
00:29:50 RESULT sq20 A+ J2=0.55: E=-38.98708215368034 (S.S total -9.7467705384) ritz=-38.98708215368041 residual=9.01e-11 it=65 <s0.s1>=-0.309531
00:29:50 RESULT sq20 B+ J2=0.55: E=-38.24978411558391 (S.S total -9.5624460289) ritz=-38.24978411558386 residual=9.98e-10 it=60 <s0.s1>=-0.225846
00:29:50 RESULT sq20 A+ J2=0.6: E=-39.330630995778726 (S.S total -9.8326577489) ritz=-39.33063099577874 residual=2.38e-10 it=65 <s0.s1>=-0.107606
00:29:50 RESULT sq20 B+ J2=0.6: E=-39.3452931761933 (S.S total -9.8363232940) ritz=-39.34529317619328 residual=3.65e-11 it=65 <s0.s1>=-0.106899
00:29:50 RESULT sq20 B+ J2=0.7: E=-43.654129385988455 (S.S total -10.9135323465) ritz=-43.65412938598849 residual=2.27e-10 it=55 <s0.s1>=-0.062329
00:29:50 ALL_DONE sq20 in 13s
