00:29:51 cluster L1=(6, 0) L2=(0, 6) N=36 translations Z_6 x Z_6 (g1=[1, 0], g2=[0, -1]), group c4 |P|=144 (x spin flip 288), bonds J1 72 J2 72, threads 192, md5 b627f70bab37d6e3c68f8d66e91f5c11
00:29:52 selftest passed: {'states': 200, 'targets': 1466} in 0.3s
00:29:59 basis: 31546500 orbits (S^z=0 dim 9075135300, sum of orbit sizes 9075135300) in 7s; dims A=31546500 B=31546337; stabiliser/flags 1s; max stab 144
00:29:59 dimensions match the expected {'A': '31546500', 'B': '31546337'}
00:30:00 hash table: 2^27 slots (8.6 GB), load 0.235, insert max probe 17, mean extra probes 0.160, lookup check failures 0, 1s
00:30:03 hermiticity |<u|Hv>-<Hu|v>|/|<u|Hv>| per vector: ['6.1e-15', '2.2e-15', '3.7e-14', '8.9e-15', '1.7e-15', '1.6e-14', '6.2e-15']; first sweep 1.6s; not-found targets 0
00:33:02 pass 1 done: iterations [110, 105, 105, 95, 90, 85, 80], 179s, mean sweep 1.56s
00:33:02    ('A', 0.6): E_ritz -71.0263574677341 resEst 3.19e-10 it 110
00:33:02    ('A', 0.65): E_ritz -72.94865165165807 resEst 7.25e-10 it 105
00:33:02    ('B', 0.65): E_ritz -72.94778724308199 resEst 4.81e-10 it 105
00:33:02    ('B', 0.7): E_ritz -76.32017659745382 resEst 2.70e-10 it 95
00:33:02    ('B', 0.8): E_ritz -84.45407039473048 resEst 1.46e-10 it 90
00:33:02    ('B', 0.9): E_ritz -93.46348962405413 resEst 5.63e-10 it 85
00:33:02    ('B', 1.0): E_ritz -102.86790231498476 resEst 2.59e-10 it 80
00:36:01 pass 2 done in 178s; total sweeps 223, not-found targets 0
00:36:01 RESULT sq36 A+ J2=0.6: E=-71.02635746773436 (S.S total -17.7565893669) ritz=-71.0263574677341 residual=3.19e-10 it=110 <s0.s1>=-0.218834
00:36:01 RESULT sq36 A+ J2=0.65: E=-72.94865165165817 (S.S total -18.2371629129) ritz=-72.94865165165807 residual=7.25e-10 it=105 <s0.s1>=-0.121715
00:36:01 RESULT sq36 B+ J2=0.65: E=-72.94778724308189 (S.S total -18.2369468108) ritz=-72.94778724308199 residual=4.80e-10 it=105 <s0.s1>=-0.121284
00:36:01 RESULT sq36 B+ J2=0.7: E=-76.3201765974538 (S.S total -19.0800441494) ritz=-76.32017659745382 residual=2.70e-10 it=95 <s0.s1>=-0.085104
00:36:01 RESULT sq36 B+ J2=0.8: E=-84.4540703947301 (S.S total -21.1135175987) ritz=-84.45407039473048 residual=1.46e-10 it=90 <s0.s1>=-0.051980
00:36:01 RESULT sq36 B+ J2=0.9: E=-93.46348962405426 (S.S total -23.3658724060) ritz=-93.46348962405413 residual=5.63e-10 it=85 <s0.s1>=-0.035236
00:36:01 RESULT sq36 B+ J2=1: E=-102.8679023149849 (S.S total -25.7169755787) ritz=-102.86790231498476 residual=2.59e-10 it=80 <s0.s1>=-0.026616
00:36:01 ALL_DONE sq36 in 369s
