== dirs results/v20b results/v36b
== 20-site C4 cluster (4,2),(-2,4): ed40 vs bf_check (full S^z=0 space, explicit projector)
  PASS dim A+: ed40 1321 bf 1321
  PASS dim B+: ed40 1310 bf 1310
  PASS A+ J2=0.5: ed40 -40.04924803030463 ref -40.049248030304604 |d| 2.84e-14 rel 7.1e-16
  PASS A+ J2=0.55: ed40 -38.98708215368034 ref -38.98708215368033 |d| 7.11e-15 rel 1.8e-16
  PASS A+ J2=0.6: ed40 -39.330630995778726 ref -39.33063099577869 |d| 3.55e-14 rel 9.0e-16
  PASS A+ J2=0.7: ed40 -43.46478455691041 ref -43.46478455691046 |d| 4.97e-14 rel 1.1e-15
  PASS A+ J2=1.0: ed40 -57.566635647711 ref -57.56663564771088 |d| 1.21e-13 rel 2.1e-15
  PASS B+ J2=0.5: ed40 -38.129941667547676 ref -38.12994166754772 |d| 4.26e-14 rel 1.1e-15
  PASS B+ J2=0.55: ed40 -38.24978411558391 ref -38.2497841155839 |d| 7.11e-15 rel 1.9e-16
  PASS B+ J2=0.6: ed40 -39.3452931761933 ref -39.345293176193294 |d| 7.11e-15 rel 1.8e-16
  PASS B+ J2=0.7: ed40 -43.654129385988455 ref -43.654129385988476 |d| 2.13e-14 rel 4.9e-16
  PASS B+ J2=1.0: ed40 -59.8060302674362 ref -59.80603026743615 |d| 4.97e-14 rel 8.3e-16
     bf J2=0.5: A+ -40.049248030305 B+ -38.129941667548 full-space GS -40.049248030305
     bf J2=0.55: A+ -38.987082153680 B+ -38.249784115584 full-space GS -38.987082153680
     bf J2=0.6: A+ -39.330630995779 B+ -39.345293176193 full-space GS -39.345293176193
     bf J2=0.7: A+ -43.464784556910 B+ -43.654129385988 full-space GS -43.654129385988
     bf J2=1.0: A+ -57.566635647711 B+ -59.806030267436 full-space GS -59.806030267436
== 6x6 (C4 subgroup): ed40 vs stored exact rows (Pauli totals) and VE ed_sym B1 at 0.65
  PASS A+ J2=0.6: ed40 -71.02635746773436 ref -71.026357467734 |d| 3.55e-13 rel 5.0e-15
  PASS A+ J2=0.65: ed40 -72.94865165165817 ref -72.9486516516581 |d| 7.11e-14 rel 9.7e-16
  PASS B+ J2=0.65: ed40 -72.94778724308189 ref -72.94778724308212 |d| 2.27e-13 rel 3.1e-15
  PASS B+ J2=0.7: ed40 -76.3201765974538 ref -76.320176597454 |d| 1.99e-13 rel 2.6e-15
  PASS B+ J2=0.8: ed40 -84.4540703947301 ref -84.45407039473 |d| 9.95e-14 rel 1.2e-15
  PASS B+ J2=0.9: ed40 -93.46348962405426 ref -93.463489624054 |d| 2.56e-13 rel 2.7e-15
  PASS B+ J2=1.0: ed40 -102.8679023149849 ref -102.867902314985 |d| 9.95e-14 rel 9.7e-16
  PASS dim A+: ed40 31546500 expected 31546500 (C4v A1+A2 / B1+B2 from VE)
  PASS dim B+: ed40 31546337 expected 31546337 (C4v A1+A2 / B1+B2 from VE)
GATE PASS
