tV/square_16_P_5_0.01: D=4368 bonds=32
  E=-11.980026283471434 ritz=-11.980026283471307 residual=1.02e-11 it=35 0.069s rss=71MB
tV/square_16_P_5_0.1: D=4368 bonds=32
  E=-11.802611098111063 ritz=-11.802611098111093 residual=8.74e-11 it=40 0.051s rss=83MB
tV/square_16_P_5_1: D=4368 bonds=32
  E=-10.2406504923121 ritz=-10.240650492312074 residual=1.71e-12 it=50 0.047s rss=85MB
tV/square_16_P_5_10: D=4368 bonds=32
  E=-4.052055274410341 ritz=-4.052055274410362 residual=1.94e-11 it=95 0.046s rss=86MB
Hubbard/chain_14_P_4_1.66810054: D=1002001 bonds=14
  E=-12.266149698168157 ritz=-12.26614969817054 residual=4.58e-11 it=125 7.689s rss=138MB
Hubbard/chain_14_P_4_1: D=1002001 bonds=14
  E=-12.762822785871055 ritz=-12.7628227858695 residual=2.41e-11 it=125 8.836s rss=181MB
Hubbard/chain_14_P_4_10: D=1002001 bonds=14
  E=-9.94509395969024 ritz=-9.945093959690897 residual=8.77e-11 it=215 15.173s rss=150MB
Hubbard/chain_14_P_4_2.15443469: D=1002001 bonds=14
  E=-11.959197755156524 ritz=-11.959197755156229 residual=2.63e-11 it=130 8.905s rss=190MB
Hubbard/chain_14_P_4_2.7825594: D=1002001 bonds=14
  E=-11.620044877344789 ritz=-11.620044877345808 residual=8.48e-11 it=140 9.424s rss=207MB
Hubbard/chain_14_P_4_3.59381366: D=1002001 bonds=14
  E=-11.26052241059992 ritz=-11.26052241060044 residual=3.08e-11 it=140 9.699s rss=175MB
Hubbard/chain_14_P_4_4.64158882: D=1002001 bonds=14
  E=-10.896957987860604 ritz=-10.896957987861217 residual=4.72e-11 it=150 10.202s rss=191MB
Hubbard/chain_14_P_4_7.74263683: D=1002001 bonds=14
  E=-10.226603905235113 ritz=-10.226603905235336 residual=3.61e-11 it=190 13.23s rss=223MB
Hubbard/square_16_P_4_10: D=3312400 bonds=32
  E=-16.143208170203927 ritz=-16.143208170202357 residual=3.25e-11 it=140 53.78s rss=243MB
Hubbard/square_16_P_4_2: D=3312400 bonds=32
  E=-18.49543661946644 ritz=-18.49543661946069 residual=1.93e-11 it=105 39.913s rss=262MB
Hubbard/square_16_P_4_3.5981: D=3312400 bonds=32
  E=-17.696235050104434 ritz=-17.696235050102295 residual=9.55e-11 it=105 39.452s rss=262MB
Hubbard/square_16_P_4_4: D=3312400 bonds=32
  E=-17.534897796645076 ritz=-17.534897796641218 residual=2.27e-11 it=110 43.406s rss=368MB
Hubbard/square_16_P_4_6: D=3312400 bonds=32
  E=-16.899926630979156 ritz=-16.899926630975003 residual=8.41e-11 it=115 45.043s rss=263MB
Hubbard/square_16_P_4_7.74264: D=3312400 bonds=32
  E=-16.50915421487304 ritz=-16.509154214876148 residual=5.01e-11 it=125 48.771s rss=369MB
Hubbard/square_16_P_4_8: D=3312400 bonds=32
  E=-16.46062675368358 ritz=-16.46062675368175 residual=7.80e-11 it=125 48.121s rss=264MB
exit 0
