WARNING : /cluster/home/tzerweck/agent-runs/envs/nqs-2026/.venv/lib/python3.13/site-packages/tenpy/networks/mps.py:1629: UserWarning: unit_cell_width is a new argument for MPS and similar classes. It is optional for now, but will become mandatory in a future release. The default value (unit_cell_width=len(sites)) is correct, iff the lattice is a Chain. For other lattices, it is incorrect. It is used for dipolar charges and correlation_function2.
  super().__init__(sites, bc, unit_cell_width)
DMRG on Heisenberg/triangular_36_P: 36 sites, MPO bond dimension 41, 8 cores, chi ladder [500, 1000, 2000]
energy=-18.5733065688012644, max S=1.6456949465680872, age=36, norm_err=5.9e-01
Current memory usage 569.5MB, wall time: 93.1s
Delta E = nan, Delta S = 1.2844e+00 (per sweep)
max trunc_err = 3.5395e-07, max E_trunc = 3.0201e-08
chi: [2, 4, 8, 16, 30, 54, 76, 96, 116, 146, 162, 184, 200, 214, 226, 234, 240, 246, 234, 224, 228, 232, 230, 244, 226, 216, 220, 217, 127, 64, 32, 16, 8, 4, 2]
energy=-18.9454452260181441, max S=3.3044916625496441, age=36, norm_err=1.9e-01
Current memory usage 825.9MB, wall time: 338.9s
Delta E = -3.7214e-01, Delta S = 1.1918e+00 (per sweep)
max trunc_err = 6.3706e-04, max E_trunc = 2.2817e-03
chi: [2, 4, 8, 16, 32, 64, 128, 256, 500, 500, 500, 500, 500, 500, 500, 500, 500, 500, 500, 500, 500, 500, 500, 500, 500, 500, 500, 256, 128, 64, 32, 16, 8, 4, 2]
energy=-19.7760665633162134, max S=3.6740065778634858, age=36, norm_err=1.2e-02
Current memory usage 830.0MB, wall time: 203.6s
Delta E = -8.3062e-01, Delta S = 5.3371e-01 (per sweep)
max trunc_err = 1.1120e-03, max E_trunc = 4.1777e-03
chi: [2, 4, 8, 16, 32, 64, 128, 256, 500, 500, 500, 500, 500, 500, 500, 500, 500, 500, 500, 500, 500, 500, 500, 500, 500, 500, 500, 256, 128, 64, 32, 16, 8, 4, 2]
energy=-19.7996633709878793, max S=3.7542997185599964, age=36, norm_err=9.9e-04
Current memory usage 837.2MB, wall time: 105.4s
Delta E = -2.3597e-02, Delta S = 6.4178e-02 (per sweep)
max trunc_err = 1.2311e-03, max E_trunc = 4.7547e-03
chi: [2, 4, 8, 16, 32, 64, 128, 256, 500, 500, 500, 500, 500, 500, 500, 500, 500, 500, 500, 500, 500, 500, 500, 500, 500, 500, 500, 256, 128, 64, 32, 16, 8, 4, 2]
energy=-19.8021292508241622, max S=3.7599400583671403, age=36, norm_err=5.3e-04
Current memory usage 849.1MB, wall time: 76.5s
Delta E = -2.4659e-03, Delta S = 7.3315e-03 (per sweep)
max trunc_err = 1.2159e-03, max E_trunc = 4.8291e-03
chi: [2, 4, 8, 16, 32, 64, 128, 256, 500, 500, 500, 500, 500, 500, 500, 500, 500, 500, 500, 500, 500, 500, 500, 500, 500, 500, 500, 256, 128, 64, 32, 16, 8, 4, 2]
energy=-19.8026990554225542, max S=3.7607850421432882, age=36, norm_err=7.0e-04
Current memory usage 855.8MB, wall time: 75.8s
Delta E = -5.6980e-04, Delta S = 1.7468e-03 (per sweep)
max trunc_err = 1.2170e-03, max E_trunc = 4.8497e-03
chi: [2, 4, 8, 16, 32, 64, 128, 256, 500, 500, 500, 500, 500, 500, 500, 500, 500, 500, 500, 500, 500, 500, 500, 500, 500, 500, 500, 256, 128, 64, 32, 16, 8, 4, 2]
energy=-19.8028762285875857, max S=3.7612536914037662, age=36, norm_err=7.1e-04
Current memory usage 857.8MB, wall time: 91.1s
Delta E = -1.7717e-04, Delta S = 6.7844e-04 (per sweep)
max trunc_err = 1.2177e-03, max E_trunc = 4.8360e-03
chi: [2, 4, 8, 16, 32, 64, 128, 256, 500, 500, 500, 500, 500, 500, 500, 500, 500, 500, 500, 500, 500, 500, 500, 500, 500, 500, 500, 256, 128, 64, 32, 16, 8, 4, 2]
energy=-19.8029824606551088, max S=3.7614652807736815, age=36, norm_err=7.1e-04
Current memory usage 859.4MB, wall time: 86.5s
Delta E = -1.0623e-04, Delta S = 2.9806e-04 (per sweep)
max trunc_err = 1.2181e-03, max E_trunc = 4.8352e-03
chi: [2, 4, 8, 16, 32, 64, 128, 256, 500, 500, 500, 500, 500, 500, 500, 500, 500, 500, 500, 500, 500, 500, 500, 500, 500, 500, 500, 256, 128, 64, 32, 16, 8, 4, 2]
energy=-19.8030449066324721, max S=3.7615964206855992, age=36, norm_err=6.7e-04
Current memory usage 859.5MB, wall time: 74.6s
Delta E = -6.2446e-05, Delta S = 1.6039e-04 (per sweep)
max trunc_err = 1.2167e-03, max E_trunc = 4.8421e-03
chi: [2, 4, 8, 16, 32, 64, 128, 256, 500, 500, 500, 500, 500, 500, 500, 500, 500, 500, 500, 500, 500, 500, 500, 500, 500, 500, 500, 256, 128, 64, 32, 16, 8, 4, 2]
energy=-19.8030863272861168, max S=3.7617060876751518, age=36, norm_err=6.6e-04
Current memory usage 859.5MB, wall time: 75.5s
Delta E = -4.1421e-05, Delta S = 1.0839e-04 (per sweep)
max trunc_err = 1.2140e-03, max E_trunc = 4.8430e-03
chi: [2, 4, 8, 16, 32, 64, 128, 256, 500, 500, 500, 500, 500, 500, 500, 500, 500, 500, 500, 500, 500, 500, 500, 500, 500, 500, 500, 256, 128, 64, 32, 16, 8, 4, 2]
energy=-19.8030996865553952, max S=3.7618089305365019, age=36, norm_err=5.7e-04
Current memory usage 863.5MB, wall time: 77.3s
Delta E = -1.3359e-05, Delta S = 9.5968e-05 (per sweep)
max trunc_err = 1.2139e-03, max E_trunc = 4.8425e-03
chi: [2, 4, 8, 16, 32, 64, 128, 256, 500, 500, 500, 500, 500, 500, 500, 500, 500, 500, 500, 500, 500, 500, 500, 500, 500, 500, 500, 256, 128, 64, 32, 16, 8, 4, 2]
energy=-19.8031052402468859, max S=3.7618618346222279, age=36, norm_err=5.2e-04
Current memory usage 863.5MB, wall time: 75.8s
Delta E = -5.5537e-06, Delta S = 6.2389e-05 (per sweep)
max trunc_err = 1.2138e-03, max E_trunc = 4.8404e-03
chi: [2, 4, 8, 16, 32, 64, 128, 256, 500, 500, 500, 500, 500, 500, 500, 500, 500, 500, 500, 500, 500, 500, 500, 500, 500, 500, 500, 256, 128, 64, 32, 16, 8, 4, 2]
energy=-19.8031376121077614, max S=3.7618944719949252, age=36, norm_err=5.5e-04
Current memory usage 865.3MB, wall time: 70.2s
Delta E = -3.2372e-05, Delta S = 5.6203e-05 (per sweep)
max trunc_err = 1.2138e-03, max E_trunc = 4.8384e-03
chi: [2, 4, 8, 16, 32, 64, 128, 256, 500, 500, 500, 500, 500, 500, 500, 500, 500, 500, 500, 500, 500, 500, 500, 500, 500, 500, 500, 256, 128, 64, 32, 16, 8, 4, 2]
energy=-19.8031460317577128, max S=3.7619553877675562, age=36, norm_err=5.8e-04
Current memory usage 865.3MB, wall time: 73.8s
Delta E = -8.4196e-06, Delta S = 6.4727e-05 (per sweep)
max trunc_err = 1.2136e-03, max E_trunc = 4.8367e-03
chi: [2, 4, 8, 16, 32, 64, 128, 256, 500, 500, 500, 500, 500, 500, 500, 500, 500, 500, 500, 500, 500, 500, 500, 500, 500, 500, 500, 256, 128, 64, 32, 16, 8, 4, 2]
energy=-19.8031493149199385, max S=3.7619979290100094, age=36, norm_err=5.3e-04
Current memory usage 865.3MB, wall time: 76.9s
Delta E = -3.2832e-06, Delta S = 4.7753e-05 (per sweep)
max trunc_err = 1.2133e-03, max E_trunc = 4.8348e-03
chi: [2, 4, 8, 16, 32, 64, 128, 256, 500, 500, 500, 500, 500, 500, 500, 500, 500, 500, 500, 500, 500, 500, 500, 500, 500, 500, 500, 256, 128, 64, 32, 16, 8, 4, 2]
energy=-19.8031521566871014, max S=3.7634274093106228, age=36, norm_err=4.8e-04
Current memory usage 865.3MB, wall time: 49.2s
Delta E = -2.8418e-06, Delta S = 6.1892e-04 (per sweep)
max trunc_err = 6.0650e-04, max E_trunc = 4.8336e-03
chi: [2, 4, 8, 16, 32, 64, 128, 256, 500, 500, 500, 500, 500, 500, 500, 500, 500, 500, 500, 500, 500, 500, 500, 500, 500, 500, 500, 256, 128, 64, 32, 16, 8, 4, 2]
WARNING : final DMRG state not in canonical form up to norm_tol=1.00e-05: norm_err=4.79e-04
RUNG chi=500: E = -79.212609 (Pauli, total), E/N = -0.5500876 S.S, sweeps 16, max trunc err 0.0006064990325569687, wall 00:27:39 = 3.69 core-h
energy=-19.9693408738064235, max S=4.0067828547677564, age=36, norm_err=6.9e-03
Current memory usage 2539.8MB, wall time: 411.6s
Delta E = nan, Delta S = 1.3516e-01 (per sweep)
max trunc_err = 5.0540e-04, max E_trunc = 2.1778e-03
chi: [2, 4, 8, 16, 32, 64, 128, 256, 512, 1000, 1000, 1000, 1000, 1000, 1000, 1000, 1000, 1000, 1000, 1000, 1000, 1000, 1000, 1000, 1000, 1000, 512, 256, 128, 64, 32, 16, 8, 4, 2]
energy=-19.9793598289107805, max S=4.0589415468973558, age=36, norm_err=1.5e-03
Current memory usage 2599.5MB, wall time: 209.6s
Delta E = -1.0019e-02, Delta S = 3.4259e-02 (per sweep)
max trunc_err = 6.9982e-04, max E_trunc = 3.0203e-03
chi: [2, 4, 8, 16, 32, 64, 128, 256, 512, 1000, 1000, 1000, 1000, 1000, 1000, 1000, 1000, 1000, 1000, 1000, 1000, 1000, 1000, 1000, 1000, 1000, 512, 256, 128, 64, 32, 16, 8, 4, 2]
energy=-19.9810110903189937, max S=4.0672173378938323, age=36, norm_err=8.9e-04
Current memory usage 2646.7MB, wall time: 123.4s
Delta E = -1.6513e-03, Delta S = 7.2782e-03 (per sweep)
max trunc_err = 7.2892e-04, max E_trunc = 3.1680e-03
chi: [2, 4, 8, 16, 32, 64, 128, 256, 512, 1000, 1000, 1000, 1000, 1000, 1000, 1000, 1000, 1000, 1000, 1000, 1000, 1000, 1000, 1000, 1000, 1000, 512, 256, 128, 64, 32, 16, 8, 4, 2]
energy=-19.9814743069135616, max S=4.0694408335979890, age=36, norm_err=5.2e-04
Current memory usage 2709.2MB, wall time: 105.4s
Delta E = -4.6322e-04, Delta S = 2.5473e-03 (per sweep)
max trunc_err = 7.4167e-04, max E_trunc = 3.2233e-03
chi: [2, 4, 8, 16, 32, 64, 128, 256, 512, 1000, 1000, 1000, 1000, 1000, 1000, 1000, 1000, 1000, 1000, 1000, 1000, 1000, 1000, 1000, 1000, 1000, 512, 256, 128, 64, 32, 16, 8, 4, 2]
energy=-19.9816225076873195, max S=4.0702272896028537, age=36, norm_err=3.3e-04
Current memory usage 2731.6MB, wall time: 133.4s
Delta E = -1.4820e-04, Delta S = 1.0838e-03 (per sweep)
max trunc_err = 7.4681e-04, max E_trunc = 3.2509e-03
chi: [2, 4, 8, 16, 32, 64, 128, 256, 512, 1000, 1000, 1000, 1000, 1000, 1000, 1000, 1000, 1000, 1000, 1000, 1000, 1000, 1000, 1000, 1000, 1000, 512, 256, 128, 64, 32, 16, 8, 4, 2]
energy=-19.9816621487297930, max S=4.0705330176883461, age=36, norm_err=2.2e-04
Current memory usage 2738.1MB, wall time: 124.4s
Delta E = -3.9641e-05, Delta S = 5.1920e-04 (per sweep)
max trunc_err = 7.4915e-04, max E_trunc = 3.2664e-03
chi: [2, 4, 8, 16, 32, 64, 128, 256, 512, 1000, 1000, 1000, 1000, 1000, 1000, 1000, 1000, 1000, 1000, 1000, 1000, 1000, 1000, 1000, 1000, 1000, 512, 256, 128, 64, 32, 16, 8, 4, 2]
energy=-19.9816615920451888, max S=4.0706574511586160, age=36, norm_err=1.5e-04
Current memory usage 2754.4MB, wall time: 128.3s
Delta E = 5.5668e-07, Delta S = 2.6729e-04 (per sweep)
max trunc_err = 7.5001e-04, max E_trunc = 3.2753e-03
chi: [2, 4, 8, 16, 32, 64, 128, 256, 512, 1000, 1000, 1000, 1000, 1000, 1000, 1000, 1000, 1000, 1000, 1000, 1000, 1000, 1000, 1000, 1000, 1000, 512, 256, 128, 64, 32, 16, 8, 4, 2]
energy=-19.9816522579705982, max S=4.0707264087638331, age=36, norm_err=1.0e-04
Current memory usage 2756.3MB, wall time: 126.4s
Delta E = 9.3341e-06, Delta S = 1.5475e-04 (per sweep)
max trunc_err = 7.5051e-04, max E_trunc = 3.2817e-03
chi: [2, 4, 8, 16, 32, 64, 128, 256, 512, 1000, 1000, 1000, 1000, 1000, 1000, 1000, 1000, 1000, 1000, 1000, 1000, 1000, 1000, 1000, 1000, 1000, 512, 256, 128, 64, 32, 16, 8, 4, 2]
energy=-19.9816417069067747, max S=4.0707744509035440, age=36, norm_err=7.6e-05
Current memory usage 2775.6MB, wall time: 132.3s
Delta E = 1.0551e-05, Delta S = 9.6808e-05 (per sweep)
max trunc_err = 7.5022e-04, max E_trunc = 3.2875e-03
chi: [2, 4, 8, 16, 32, 64, 128, 256, 512, 1000, 1000, 1000, 1000, 1000, 1000, 1000, 1000, 1000, 1000, 1000, 1000, 1000, 1000, 1000, 1000, 1000, 512, 256, 128, 64, 32, 16, 8, 4, 2]
energy=-19.9816343937202241, max S=4.0708081613736775, age=36, norm_err=6.0e-05
Current memory usage 2775.6MB, wall time: 128.0s
Delta E = 7.3132e-06, Delta S = 6.2600e-05 (per sweep)
max trunc_err = 7.4923e-04, max E_trunc = 3.2931e-03
chi: [2, 4, 8, 16, 32, 64, 128, 256, 512, 1000, 1000, 1000, 1000, 1000, 1000, 1000, 1000, 1000, 1000, 1000, 1000, 1000, 1000, 1000, 1000, 1000, 512, 256, 128, 64, 32, 16, 8, 4, 2]
energy=-19.9816288884391859, max S=4.0708474625111792, age=36, norm_err=5.0e-05
Current memory usage 2775.6MB, wall time: 134.3s
Delta E = 5.5053e-06, Delta S = 4.5375e-05 (per sweep)
max trunc_err = 7.4864e-04, max E_trunc = 3.2982e-03
chi: [2, 4, 8, 16, 32, 64, 128, 256, 512, 1000, 1000, 1000, 1000, 1000, 1000, 1000, 1000, 1000, 1000, 1000, 1000, 1000, 1000, 1000, 1000, 1000, 512, 256, 128, 64, 32, 16, 8, 4, 2]
energy=-19.9816257708336309, max S=4.0708856169112924, age=36, norm_err=4.4e-05
Current memory usage 2775.6MB, wall time: 132.8s
Delta E = 3.1176e-06, Delta S = 3.4594e-05 (per sweep)
max trunc_err = 7.4811e-04, max E_trunc = 3.3026e-03
chi: [2, 4, 8, 16, 32, 64, 128, 256, 512, 1000, 1000, 1000, 1000, 1000, 1000, 1000, 1000, 1000, 1000, 1000, 1000, 1000, 1000, 1000, 1000, 1000, 512, 256, 128, 64, 32, 16, 8, 4, 2]
energy=-19.9816249246049615, max S=4.0709222112208270, age=36, norm_err=4.0e-05
Current memory usage 2775.6MB, wall time: 129.8s
Delta E = 8.4623e-07, Delta S = 2.7792e-05 (per sweep)
max trunc_err = 7.4734e-04, max E_trunc = 3.3063e-03
chi: [2, 4, 8, 16, 32, 64, 128, 256, 512, 1000, 1000, 1000, 1000, 1000, 1000, 1000, 1000, 1000, 1000, 1000, 1000, 1000, 1000, 1000, 1000, 1000, 512, 256, 128, 64, 32, 16, 8, 4, 2]
energy=-19.9816257901802210, max S=4.0709609376496125, age=36, norm_err=5.3e-05
Current memory usage 2785.7MB, wall time: 130.0s
Delta E = -8.6558e-07, Delta S = 2.5252e-05 (per sweep)
max trunc_err = 7.4678e-04, max E_trunc = 3.3097e-03
chi: [2, 4, 8, 16, 32, 64, 128, 256, 512, 1000, 1000, 1000, 1000, 1000, 1000, 1000, 1000, 1000, 1000, 1000, 1000, 1000, 1000, 1000, 1000, 1000, 512, 256, 128, 64, 32, 16, 8, 4, 2]
energy=-19.9816276087250202, max S=4.0709872712379509, age=36, norm_err=4.1e-05
Current memory usage 2785.7MB, wall time: 133.1s
Delta E = -1.8185e-06, Delta S = 2.0484e-05 (per sweep)
max trunc_err = 7.4641e-04, max E_trunc = 3.3126e-03
chi: [2, 4, 8, 16, 32, 64, 128, 256, 512, 1000, 1000, 1000, 1000, 1000, 1000, 1000, 1000, 1000, 1000, 1000, 1000, 1000, 1000, 1000, 1000, 1000, 512, 256, 128, 64, 32, 16, 8, 4, 2]
energy=-19.9816305441606410, max S=4.0720327071938849, age=36, norm_err=3.5e-05
Current memory usage 2785.7MB, wall time: 82.5s
Delta E = -2.9354e-06, Delta S = 3.7748e-04 (per sweep)
max trunc_err = 3.7312e-04, max E_trunc = 3.3153e-03
chi: [2, 4, 8, 16, 32, 64, 128, 256, 512, 1000, 1000, 1000, 1000, 1000, 1000, 1000, 1000, 1000, 1000, 1000, 1000, 1000, 1000, 1000, 1000, 1000, 512, 256, 128, 64, 32, 16, 8, 4, 2]
WARNING : final DMRG state not in canonical form up to norm_tol=1.00e-05: norm_err=3.48e-05
RUNG chi=1000: E = -79.926522 (Pauli, total), E/N = -0.5550453 S.S, sweeps 16, max trunc err 0.00037311592377740595, wall 01:07:17 = 8.97 core-h
energy=-20.0835528804988499, max S=4.2912670310373890, age=36, norm_err=1.8e-03
Current memory usage 8949.5MB, wall time: 1158.0s
Delta E = nan, Delta S = 1.1518e-01 (per sweep)
max trunc_err = 3.3599e-04, max E_trunc = 1.5624e-03
chi: [2, 4, 8, 16, 32, 64, 128, 256, 512, 1024, 2000, 2000, 2000, 2000, 2000, 2000, 2000, 2000, 2000, 2000, 2000, 2000, 2000, 2000, 2000, 1024, 512, 256, 128, 64, 32, 16, 8, 4, 2]
energy=-20.0878603169558474, max S=4.3286159465802383, age=36, norm_err=1.1e-04
Current memory usage 9202.0MB, wall time: 403.1s
Delta E = -4.3074e-03, Delta S = 2.5977e-02 (per sweep)
max trunc_err = 4.5889e-04, max E_trunc = 2.1303e-03
chi: [2, 4, 8, 16, 32, 64, 128, 256, 512, 1024, 2000, 2000, 2000, 2000, 2000, 2000, 2000, 2000, 2000, 2000, 2000, 2000, 2000, 2000, 2000, 1024, 512, 256, 128, 64, 32, 16, 8, 4, 2]
energy=-20.0881743847619774, max S=4.3332740580263529, age=36, norm_err=3.0e-05
Current memory usage 9367.1MB, wall time: 409.3s
Delta E = -3.1407e-04, Delta S = 3.2552e-03 (per sweep)
max trunc_err = 4.7163e-04, max E_trunc = 2.2189e-03
chi: [2, 4, 8, 16, 32, 64, 128, 256, 512, 1024, 2000, 2000, 2000, 2000, 2000, 2000, 2000, 2000, 2000, 2000, 2000, 2000, 2000, 2000, 2000, 1024, 512, 256, 128, 64, 32, 16, 8, 4, 2]
energy=-20.0882465403010499, max S=4.3343764878999380, age=36, norm_err=1.9e-05
Current memory usage 9536.1MB, wall time: 416.3s
Delta E = -7.2156e-05, Delta S = 9.0148e-04 (per sweep)
max trunc_err = 4.7499e-04, max E_trunc = 2.2498e-03
chi: [2, 4, 8, 16, 32, 64, 128, 256, 512, 1024, 2000, 2000, 2000, 2000, 2000, 2000, 2000, 2000, 2000, 2000, 2000, 2000, 2000, 2000, 2000, 1024, 512, 256, 128, 64, 32, 16, 8, 4, 2]
energy=-20.0882682882331700, max S=4.3347895367589322, age=36, norm_err=1.6e-05
Current memory usage 9636.7MB, wall time: 416.8s
Delta E = -2.1748e-05, Delta S = 3.6943e-04 (per sweep)
max trunc_err = 4.7538e-04, max E_trunc = 2.2651e-03
chi: [2, 4, 8, 16, 32, 64, 128, 256, 512, 1024, 2000, 2000, 2000, 2000, 2000, 2000, 2000, 2000, 2000, 2000, 2000, 2000, 2000, 2000, 2000, 1024, 512, 256, 128, 64, 32, 16, 8, 4, 2]
energy=-20.0882751222470901, max S=4.3349869944242458, age=36, norm_err=1.7e-05
Current memory usage 9757.7MB, wall time: 413.5s
Delta E = -6.8340e-06, Delta S = 1.8235e-04 (per sweep)
max trunc_err = 4.7532e-04, max E_trunc = 2.2753e-03
chi: [2, 4, 8, 16, 32, 64, 128, 256, 512, 1024, 2000, 2000, 2000, 2000, 2000, 2000, 2000, 2000, 2000, 2000, 2000, 2000, 2000, 2000, 2000, 1024, 512, 256, 128, 64, 32, 16, 8, 4, 2]
energy=-20.0882738327932948, max S=4.3351052301899937, age=36, norm_err=1.5e-05
Current memory usage 9865.6MB, wall time: 405.3s
Delta E = 1.2895e-06, Delta S = 9.9610e-05 (per sweep)
max trunc_err = 4.7488e-04, max E_trunc = 2.2808e-03
chi: [2, 4, 8, 16, 32, 64, 128, 256, 512, 1024, 2000, 2000, 2000, 2000, 2000, 2000, 2000, 2000, 2000, 2000, 2000, 2000, 2000, 2000, 2000, 1024, 512, 256, 128, 64, 32, 16, 8, 4, 2]
energy=-20.0882720086978992, max S=4.3351798500073411, age=36, norm_err=1.5e-05
Current memory usage 9865.6MB, wall time: 405.6s
Delta E = 1.8241e-06, Delta S = 5.6415e-05 (per sweep)
max trunc_err = 4.7435e-04, max E_trunc = 2.2834e-03
chi: [2, 4, 8, 16, 32, 64, 128, 256, 512, 1024, 2000, 2000, 2000, 2000, 2000, 2000, 2000, 2000, 2000, 2000, 2000, 2000, 2000, 2000, 2000, 1024, 512, 256, 128, 64, 32, 16, 8, 4, 2]
energy=-20.0882704218397201, max S=4.3352253980422679, age=36, norm_err=1.5e-05
Current memory usage 9865.6MB, wall time: 403.4s
Delta E = 1.5869e-06, Delta S = 3.8021e-05 (per sweep)
max trunc_err = 4.7395e-04, max E_trunc = 2.2838e-03
chi: [2, 4, 8, 16, 32, 64, 128, 256, 512, 1024, 2000, 2000, 2000, 2000, 2000, 2000, 2000, 2000, 2000, 2000, 2000, 2000, 2000, 2000, 2000, 1024, 512, 256, 128, 64, 32, 16, 8, 4, 2]
energy=-20.0882711519312060, max S=4.3352536022728909, age=36, norm_err=1.6e-05
Current memory usage 9890.9MB, wall time: 408.7s
Delta E = -7.3009e-07, Delta S = 2.6036e-05 (per sweep)
max trunc_err = 4.7378e-04, max E_trunc = 2.2840e-03
chi: [2, 4, 8, 16, 32, 64, 128, 256, 512, 1024, 2000, 2000, 2000, 2000, 2000, 2000, 2000, 2000, 2000, 2000, 2000, 2000, 2000, 2000, 2000, 1024, 512, 256, 128, 64, 32, 16, 8, 4, 2]
energy=-20.0882705096443139, max S=4.3352815909311211, age=36, norm_err=1.5e-05
Current memory usage 9962.9MB, wall time: 407.8s
Delta E = 6.4229e-07, Delta S = 2.2954e-05 (per sweep)
max trunc_err = 4.7372e-04, max E_trunc = 2.2841e-03
chi: [2, 4, 8, 16, 32, 64, 128, 256, 512, 1024, 2000, 2000, 2000, 2000, 2000, 2000, 2000, 2000, 2000, 2000, 2000, 2000, 2000, 2000, 2000, 1024, 512, 256, 128, 64, 32, 16, 8, 4, 2]
energy=-20.0882698615481168, max S=4.3352986787020402, age=36, norm_err=1.5e-05
Current memory usage 9962.9MB, wall time: 409.1s
Delta E = 6.4810e-07, Delta S = 1.5100e-05 (per sweep)
max trunc_err = 4.7369e-04, max E_trunc = 2.2840e-03
chi: [2, 4, 8, 16, 32, 64, 128, 256, 512, 1024, 2000, 2000, 2000, 2000, 2000, 2000, 2000, 2000, 2000, 2000, 2000, 2000, 2000, 2000, 2000, 1024, 512, 256, 128, 64, 32, 16, 8, 4, 2]
energy=-20.0882709282937562, max S=4.3353130744007480, age=36, norm_err=1.6e-05
Current memory usage 9962.9MB, wall time: 410.7s
Delta E = -1.0667e-06, Delta S = 1.2480e-05 (per sweep)
max trunc_err = 4.7369e-04, max E_trunc = 2.2841e-03
chi: [2, 4, 8, 16, 32, 64, 128, 256, 512, 1024, 2000, 2000, 2000, 2000, 2000, 2000, 2000, 2000, 2000, 2000, 2000, 2000, 2000, 2000, 2000, 1024, 512, 256, 128, 64, 32, 16, 8, 4, 2]
energy=-20.0882718193192709, max S=4.3353307018201486, age=36, norm_err=1.6e-05
Current memory usage 9962.9MB, wall time: 405.2s
Delta E = -8.9103e-07, Delta S = 1.4026e-05 (per sweep)
max trunc_err = 4.7371e-04, max E_trunc = 2.2851e-03
chi: [2, 4, 8, 16, 32, 64, 128, 256, 512, 1024, 2000, 2000, 2000, 2000, 2000, 2000, 2000, 2000, 2000, 2000, 2000, 2000, 2000, 2000, 2000, 1024, 512, 256, 128, 64, 32, 16, 8, 4, 2]
energy=-20.0882727158225016, max S=4.3353494425420482, age=36, norm_err=1.5e-05
Current memory usage 9962.9MB, wall time: 406.7s
Delta E = -8.9650e-07, Delta S = 1.2718e-05 (per sweep)
max trunc_err = 4.7376e-04, max E_trunc = 2.2857e-03
chi: [2, 4, 8, 16, 32, 64, 128, 256, 512, 1024, 2000, 2000, 2000, 2000, 2000, 2000, 2000, 2000, 2000, 2000, 2000, 2000, 2000, 2000, 2000, 1024, 512, 256, 128, 64, 32, 16, 8, 4, 2]
energy=-20.0882729060696334, max S=4.3360642338978366, age=36, norm_err=1.5e-05
Current memory usage 9962.9MB, wall time: 272.4s
Delta E = -1.9025e-07, Delta S = 2.1041e-04 (per sweep)
max trunc_err = 2.3685e-04, max E_trunc = 2.2863e-03
chi: [2, 4, 8, 16, 32, 64, 128, 256, 512, 1024, 2000, 2000, 2000, 2000, 2000, 2000, 2000, 2000, 2000, 2000, 2000, 2000, 2000, 2000, 2000, 1024, 512, 256, 128, 64, 32, 16, 8, 4, 2]
WARNING : final DMRG state not in canonical form up to norm_tol=1.00e-05: norm_err=1.50e-05
RUNG chi=2000: E = -80.353092 (Pauli, total), E/N = -0.5580076 S.S, sweeps 16, max trunc err 0.00023684509156278683, wall 03:06:48 = 24.91 core-h
DONE dmrg-tri-36 2026-09-21T19:34:15Z
