NVIDIA A100 80GB PCIe, 81920 MiB
devices: [CudaDevice(id=0)]
gcnn on J1J2/square_100_P_0.5: 20032 parameters, n_conn 400
step     0  t=    32.5s  E=-104.070563 ± 0.444452  var=785.5217  tau=0.02  Rhat=1.123
step    20  t=   126.5s  E=-129.691245 ± 0.368461  var=549.1734  tau=0.01  Rhat=1.112
step    40  t=   220.5s  E=-169.865250 ± 0.227922  var=207.0638  tau=0.01  Rhat=1.129
step    60  t=   314.5s  E=-186.136782 ± 0.147054  var=81.5945  tau=0.04  Rhat=1.132
step    80  t=   408.8s  E=-192.357292 ± 0.120555  var=56.9073  tau=0.02  Rhat=1.125
step   100  t=   503.3s  E=-194.887667 ± 0.104878  var=46.0761  tau=0.00  Rhat=1.120
step   120  t=   597.8s  E=-196.017279 ± 0.093743  var=35.9160  tau=0.00  Rhat=1.117
step   140  t=   692.6s  E=-196.750557 ± 0.084380  var=29.4864  tau=0.00  Rhat=1.115
step   160  t=   787.0s  E=-197.113913 ± 0.072236  var=22.3593  tau=0.00  Rhat=1.121
step   180  t=   881.6s  E=-197.245219 ± 0.083121  var=27.6842  tau=0.01  Rhat=1.120
step   200  t=   976.4s  E=-197.372772 ± 0.077812  var=24.5860  tau=0.00  Rhat=1.115
step   220  t=  1071.6s  E=-197.518168 ± 0.073197  var=20.0667  tau=0.05  Rhat=1.131
step   240  t=  1166.9s  E=-197.505174 ± 0.066281  var=18.2197  tau=0.00  Rhat=1.119
step   260  t=  1262.2s  E=-197.719442 ± 0.062118  var=15.3116  tau=0.02  Rhat=1.125
step   280  t=  1357.5s  E=-197.806326 ± 0.065941  var=17.3403  tau=0.01  Rhat=1.125
step   300  t=  1452.4s  E=-197.818147 ± 0.056266  var=13.6770  tau=0.00  Rhat=1.118
step   320  t=  1546.9s  E=-197.895883 ± 0.064959  var=17.3680  tau=0.00  Rhat=1.115
step   340  t=  1641.7s  E=-197.952858 ± 0.057518  var=13.6417  tau=0.00  Rhat=1.117
step   360  t=  1736.6s  E=-197.975567 ± 0.053911  var=11.6733  tau=0.01  Rhat=1.126
step   380  t=  1831.8s  E=-197.926804 ± 0.054771  var=12.7871  tau=0.00  Rhat=1.116
step   400  t=  1927.0s  E=-197.942614 ± 0.056575  var=13.2412  tau=0.00  Rhat=1.120
step   420  t=  2022.3s  E=-197.998014 ± 0.051968  var=11.2467  tau=0.00  Rhat=1.115
step   440  t=  2117.6s  E=-197.940082 ± 0.057995  var=12.8478  tau=0.04  Rhat=1.125
step   460  t=  2213.0s  E=-198.073023 ± 0.052621  var=11.2200  tau=0.01  Rhat=1.123
step   480  t=  2308.3s  E=-197.967024 ± 0.060711  var=14.4926  tau=0.02  Rhat=1.119
step   500  t=  2403.4s  E=-197.982341 ± 0.053046  var=11.8025  tau=0.00  Rhat=1.115
step   520  t=  2498.4s  E=-198.015420 ± 0.053353  var=11.3959  tau=0.01  Rhat=1.126
step   540  t=  2593.3s  E=-198.031088 ± 0.053881  var=11.6359  tau=0.01  Rhat=1.121
step   560  t=  2688.3s  E=-198.000623 ± 0.055842  var=12.7679  tau=0.00  Rhat=1.123
step   580  t=  2783.5s  E=-198.069950 ± 0.059325  var=14.0802  tau=0.01  Rhat=1.120
step   600  t=  2878.8s  E=-198.043133 ± 0.063724  var=15.6170  tau=0.03  Rhat=1.131
step   620  t=  2974.1s  E=-198.170250 ± 0.056937  var=12.8992  tau=0.01  Rhat=1.123
step   640  t=  3069.4s  E=-198.090657 ± 0.058668  var=13.4433  tau=0.02  Rhat=1.117
step   660  t=  3164.6s  E=-198.076914 ± 0.054064  var=11.6550  tau=0.01  Rhat=1.121
step   680  t=  3259.8s  E=-198.094867 ± 0.054663  var=13.3266  tau=0.00  Rhat=1.113
step   700  t=  3355.2s  E=-198.106258 ± 0.057500  var=13.2345  tau=0.01  Rhat=1.119
step   720  t=  3450.5s  E=-198.129031 ± 0.053399  var=12.1279  tau=0.00  Rhat=1.120
step   740  t=  3545.5s  E=-198.139039 ± 0.052449  var=10.4521  tau=0.04  Rhat=1.134
step   760  t=  3640.4s  E=-198.143657 ± 0.065345  var=17.4574  tau=0.00  Rhat=1.122
step   780  t=  3735.5s  E=-198.124842 ± 0.057476  var=13.5989  tau=0.00  Rhat=1.116
step   800  t=  3830.7s  E=-198.115662 ± 0.058664  var=12.8920  tau=0.05  Rhat=1.126
step   820  t=  3926.0s  E=-198.183595 ± 0.049546  var=10.6958  tau=0.00  Rhat=1.117
step   840  t=  4021.4s  E=-198.121005 ± 0.050169  var=10.8420  tau=0.00  Rhat=1.121
step   860  t=  4116.9s  E=-198.140147 ± 0.062131  var=15.9927  tau=0.00  Rhat=1.122
step   880  t=  4212.2s  E=-198.108826 ± 0.052087  var=10.8660  tau=0.01  Rhat=1.128
step   900  t=  4307.5s  E=-198.153696 ± 0.051411  var=10.5850  tau=0.01  Rhat=1.118
step   920  t=  4402.7s  E=-198.106804 ± 0.062401  var=15.8736  tau=0.00  Rhat=1.116
step   940  t=  4497.4s  E=-198.264901 ± 0.056037  var=13.6389  tau=0.00  Rhat=1.116
step   960  t=  4592.0s  E=-198.120373 ± 0.051320  var=10.7962  tau=0.00  Rhat=1.115
step   980  t=  4686.8s  E=-198.205920 ± 0.065974  var=16.4588  tau=0.04  Rhat=1.138
step  1000  t=  4781.8s  E=-198.112211 ± 0.052363  var=11.9691  tau=0.00  Rhat=1.115
step  1020  t=  4876.9s  E=-198.187622 ± 0.053641  var=12.6102  tau=0.00  Rhat=1.105
step  1040  t=  4972.1s  E=-198.274048 ± 0.053240  var=11.6819  tau=0.00  Rhat=1.121
step  1060  t=  5067.4s  E=-198.120194 ± 0.068405  var=19.3103  tau=0.00  Rhat=1.120
step  1080  t=  5162.7s  E=-198.149541 ± 0.047545  var=8.3764  tau=0.05  Rhat=1.126
step  1100  t=  5257.9s  E=-198.252210 ± 0.051746  var=10.9619  tau=0.00  Rhat=1.125
step  1120  t=  5353.1s  E=-198.146916 ± 0.055909  var=12.3471  tau=0.02  Rhat=1.123
step  1140  t=  5447.8s  E=-198.171206 ± 0.051376  var=10.1372  tau=0.03  Rhat=1.132
step  1160  t=  5542.3s  E=-198.116950 ± 0.048481  var=9.5032  tau=0.01  Rhat=1.124
step  1180  t=  5636.9s  E=-198.146294 ± 0.059492  var=14.6554  tau=0.00  Rhat=1.121
step  1200  t=  5731.7s  E=-198.163115 ± 0.050169  var=10.1580  tau=0.01  Rhat=1.117
step  1220  t=  5826.7s  E=-198.150078 ± 0.053998  var=11.7646  tau=0.01  Rhat=1.122
step  1240  t=  5921.9s  E=-198.174142 ± 0.051611  var=10.3659  tau=0.03  Rhat=1.119
step  1260  t=  6017.2s  E=-198.262434 ± 0.049625  var=10.1890  tau=0.00  Rhat=1.112
step  1280  t=  6112.4s  E=-198.087213 ± 0.060512  var=15.4585  tau=0.00  Rhat=1.119
step  1300  t=  6207.7s  E=-198.202173 ± 0.053310  var=11.5260  tau=0.00  Rhat=1.129
step  1320  t=  6302.9s  E=-198.342542 ± 0.046561  var=8.7122  tau=0.01  Rhat=1.118
step  1340  t=  6397.9s  E=-198.198279 ± 0.055013  var=12.7967  tau=0.00  Rhat=1.117
step  1360  t=  6492.8s  E=-198.324901 ± 0.049427  var=10.5658  tau=0.00  Rhat=1.111
step  1380  t=  6587.5s  E=-198.140638 ± 0.057770  var=13.0166  tau=0.03  Rhat=1.130
step  1400  t=  6682.3s  E=-198.235402 ± 0.068001  var=18.8393  tau=0.00  Rhat=1.120
step  1420  t=  6777.4s  E=-198.253174 ± 0.055789  var=12.4630  tau=0.01  Rhat=1.123
step  1440  t=  6872.5s  E=-198.257725 ± 0.061128  var=15.4543  tau=0.00  Rhat=1.109
step  1460  t=  6967.6s  E=-198.189146 ± 0.059991  var=14.4428  tau=0.01  Rhat=1.113
step  1480  t=  7062.8s  E=-198.212730 ± 0.054225  var=12.4158  tau=0.00  Rhat=1.115
step  1500  t=  7158.0s  E=-198.275749 ± 0.054351  var=11.1037  tau=0.04  Rhat=1.120
step  1520  t=  7253.1s  E=-198.269765 ± 0.048753  var=10.0362  tau=0.00  Rhat=1.116
step  1540  t=  7348.4s  E=-198.244835 ± 0.048230  var=8.7674  tau=0.04  Rhat=1.127
step  1560  t=  7443.7s  E=-198.330135 ± 0.052172  var=10.4766  tau=0.03  Rhat=1.130
step  1580  t=  7538.7s  E=-198.210051 ± 0.069279  var=20.1018  tau=0.00  Rhat=1.118
step  1600  t=  7633.8s  E=-198.270137 ± 0.046407  var=9.2815  tau=0.00  Rhat=1.110
step  1620  t=  7728.8s  E=-198.325410 ± 0.049132  var=9.7417  tau=0.01  Rhat=1.123
step  1640  t=  7824.0s  E=-198.222264 ± 0.050157  var=10.3931  tau=0.00  Rhat=1.111
step  1660  t=  7919.2s  E=-198.312511 ± 0.065211  var=18.4328  tau=0.00  Rhat=1.115
step  1680  t=  8014.5s  E=-198.193659 ± 0.048551  var=9.6468  tau=0.00  Rhat=1.117
step  1700  t=  8109.7s  E=-198.211298 ± 0.051274  var=9.6017  tau=0.06  Rhat=1.126
step  1720  t=  8205.0s  E=-198.287689 ± 0.054834  var=12.7696  tau=0.00  Rhat=1.118
step  1740  t=  8300.3s  E=-198.300800 ± 0.048208  var=9.0161  tau=0.03  Rhat=1.120
step  1760  t=  8395.7s  E=-198.305952 ± 0.058270  var=14.1263  tau=0.00  Rhat=1.121
step  1780  t=  8491.0s  E=-198.285473 ± 0.048958  var=10.0198  tau=0.00  Rhat=1.117
step  1800  t=  8586.0s  E=-198.308879 ± 0.048070  var=9.5561  tau=0.00  Rhat=1.124
step  1820  t=  8681.1s  E=-198.266493 ± 0.053312  var=11.5849  tau=0.00  Rhat=1.116
step  1840  t=  8776.2s  E=-198.255172 ± 0.053860  var=11.8956  tau=0.00  Rhat=1.114
step  1860  t=  8871.4s  E=-198.335135 ± 0.048511  var=9.9119  tau=0.00  Rhat=1.112
step  1880  t=  8966.7s  E=-198.256004 ± 0.052140  var=10.9452  tau=0.01  Rhat=1.117
step  1900  t=  9061.9s  E=-198.222000 ± 0.049830  var=10.2538  tau=0.00  Rhat=1.110
step  1920  t=  9157.2s  E=-198.214471 ± 0.048954  var=8.9955  tau=0.05  Rhat=1.133
step  1940  t=  9252.4s  E=-198.213510 ± 0.055595  var=11.4711  tau=0.05  Rhat=1.110
step  1960  t=  9347.7s  E=-198.339581 ± 0.051493  var=10.4219  tau=0.02  Rhat=1.122
step  1980  t=  9443.0s  E=-198.341796 ± 0.046493  var=8.9632  tau=0.00  Rhat=1.119
FINAL gcnn J1J2/square_100_P_0.5: E = -198.256933 ± 0.009092 (Pauli, total), E/N = -0.4956423 S.S, var 11.4840, tau 0.00, Rhat 1.004; wall 02:40:13 on 1 x NVIDIA A100 80GB PCIe; 20032 parameters, 2000 steps x 4096 samples
DONE gcnn-j1j2-100 2026-09-25T00:37:01Z
