NVIDIA A100 80GB PCIe, 81920 MiB
devices: [CudaDevice(id=0)]
rbmsymm on J1J2/square_100_P_0.5: 405 parameters, n_conn 400
step     0  t=    31.4s  E=-103.714688 ± 0.456555  var=819.7950  tau=0.02  Rhat=1.123
step    20  t=    49.1s  E=-130.178797 ± 0.361928  var=536.3140  tau=0.00  Rhat=1.125
step    40  t=    66.7s  E=-169.931535 ± 0.223752  var=186.6743  tau=0.05  Rhat=1.134
step    60  t=    84.5s  E=-186.158988 ± 0.127770  var=63.6836  tau=0.03  Rhat=1.124
step    80  t=   102.3s  E=-189.345611 ± 0.121963  var=62.4925  tau=0.00  Rhat=1.119
step   100  t=   120.3s  E=-191.853218 ± 0.105419  var=46.3512  tau=0.00  Rhat=1.115
step   120  t=   138.4s  E=-193.725550 ± 0.104731  var=44.9353  tau=0.00  Rhat=1.117
step   140  t=   156.5s  E=-194.000692 ± 0.102573  var=43.3353  tau=0.00  Rhat=1.111
step   160  t=   174.6s  E=-194.318604 ± 0.100422  var=43.7093  tau=0.00  Rhat=1.111
step   180  t=   192.7s  E=-194.281952 ± 0.099628  var=40.6006  tau=0.00  Rhat=1.120
step   200  t=   210.8s  E=-194.698413 ± 0.093737  var=36.7230  tau=0.00  Rhat=1.120
step   220  t=   229.0s  E=-194.958617 ± 0.101312  var=39.7978  tau=0.03  Rhat=1.118
step   240  t=   247.2s  E=-194.916009 ± 0.097390  var=38.1385  tau=0.01  Rhat=1.116
step   260  t=   265.4s  E=-195.018495 ± 0.101965  var=41.1536  tau=0.02  Rhat=1.120
step   280  t=   283.6s  E=-195.283008 ± 0.095023  var=35.0878  tau=0.03  Rhat=1.123
step   300  t=   301.8s  E=-195.057826 ± 0.094949  var=36.8777  tau=0.00  Rhat=1.121
step   320  t=   320.0s  E=-195.381636 ± 0.094689  var=37.0253  tau=0.00  Rhat=1.115
step   340  t=   338.1s  E=-195.530033 ± 0.092166  var=33.4223  tau=0.02  Rhat=1.121
step   360  t=   356.2s  E=-195.492521 ± 0.087308  var=33.0371  tau=0.00  Rhat=1.116
step   380  t=   374.3s  E=-195.761574 ± 0.090891  var=33.1708  tau=0.01  Rhat=1.116
step   400  t=   392.5s  E=-195.518935 ± 0.090623  var=33.0146  tau=0.01  Rhat=1.117
step   420  t=   410.6s  E=-195.579739 ± 0.093791  var=35.6353  tau=0.01  Rhat=1.120
step   440  t=   428.7s  E=-195.631659 ± 0.083402  var=29.7409  tau=0.00  Rhat=1.118
step   460  t=   446.8s  E=-195.757257 ± 0.089946  var=33.5818  tau=0.00  Rhat=1.119
step   480  t=   464.9s  E=-195.683337 ± 0.086113  var=30.1228  tau=0.00  Rhat=1.116
step   500  t=   483.0s  E=-195.815437 ± 0.088293  var=30.7727  tau=0.02  Rhat=1.123
step   520  t=   501.1s  E=-195.796997 ± 0.088148  var=30.6562  tau=0.02  Rhat=1.117
step   540  t=   519.3s  E=-195.753824 ± 0.089319  var=30.8128  tau=0.03  Rhat=1.118
step   560  t=   537.4s  E=-195.850620 ± 0.089653  var=34.4043  tau=0.00  Rhat=1.119
step   580  t=   555.5s  E=-195.896464 ± 0.092072  var=30.7514  tau=0.06  Rhat=1.131
step   600  t=   573.5s  E=-195.807759 ± 0.083993  var=29.3052  tau=0.00  Rhat=1.118
step   620  t=   591.6s  E=-195.769045 ± 0.084029  var=29.4860  tau=0.00  Rhat=1.114
step   640  t=   609.7s  E=-195.747759 ± 0.085002  var=29.3554  tau=0.00  Rhat=1.126
step   660  t=   627.8s  E=-195.885855 ± 0.084537  var=29.0170  tau=0.00  Rhat=1.118
step   680  t=   646.0s  E=-196.049820 ± 0.092071  var=33.5657  tau=0.02  Rhat=1.124
step   700  t=   664.0s  E=-196.011020 ± 0.085063  var=28.8400  tau=0.01  Rhat=1.115
step   720  t=   682.1s  E=-195.940964 ± 0.083430  var=28.0583  tau=0.01  Rhat=1.122
step   740  t=   700.2s  E=-195.865455 ± 0.083756  var=28.6397  tau=0.00  Rhat=1.118
step   760  t=   718.3s  E=-195.956350 ± 0.086364  var=29.7882  tau=0.01  Rhat=1.120
step   780  t=   736.3s  E=-195.948625 ± 0.092435  var=34.2909  tau=0.01  Rhat=1.120
step   800  t=   754.4s  E=-195.979183 ± 0.083813  var=28.7728  tau=0.00  Rhat=1.121
step   820  t=   772.4s  E=-195.918477 ± 0.086785  var=30.9672  tau=0.00  Rhat=1.119
step   840  t=   790.6s  E=-195.998227 ± 0.082764  var=27.8214  tau=0.00  Rhat=1.128
step   860  t=   808.7s  E=-196.002295 ± 0.094401  var=31.4533  tau=0.08  Rhat=1.135
step   880  t=   826.8s  E=-196.050572 ± 0.089692  var=31.3996  tau=0.02  Rhat=1.123
step   900  t=   844.9s  E=-195.995987 ± 0.085957  var=29.8530  tau=0.01  Rhat=1.123
step   920  t=   863.0s  E=-196.203872 ± 0.086384  var=29.6477  tau=0.02  Rhat=1.116
step   940  t=   881.1s  E=-195.808029 ± 0.083186  var=29.0404  tau=0.00  Rhat=1.114
step   960  t=   899.2s  E=-195.955683 ± 0.087500  var=28.8401  tau=0.04  Rhat=1.131
step   980  t=   917.3s  E=-196.047386 ± 0.092380  var=35.7192  tau=0.00  Rhat=1.123
step  1000  t=   935.3s  E=-196.144224 ± 0.086416  var=27.9812  tau=0.05  Rhat=1.128
step  1020  t=   953.4s  E=-196.079590 ± 0.084536  var=28.1757  tau=0.02  Rhat=1.124
step  1040  t=   971.5s  E=-196.035717 ± 0.088679  var=31.0005  tau=0.02  Rhat=1.128
step  1060  t=   989.5s  E=-196.001107 ± 0.086446  var=28.4788  tau=0.04  Rhat=1.131
step  1080  t=  1007.6s  E=-196.052254 ± 0.087152  var=28.9453  tau=0.04  Rhat=1.126
step  1100  t=  1025.7s  E=-196.126656 ± 0.085812  var=28.8696  tau=0.02  Rhat=1.124
step  1120  t=  1043.8s  E=-196.111541 ± 0.082682  var=28.6611  tau=0.00  Rhat=1.119
step  1140  t=  1061.8s  E=-195.984261 ± 0.083516  var=28.9118  tau=0.00  Rhat=1.118
step  1160  t=  1079.9s  E=-196.090076 ± 0.085562  var=28.5680  tau=0.02  Rhat=1.122
step  1180  t=  1097.9s  E=-196.028824 ± 0.086987  var=28.1641  tau=0.05  Rhat=1.128
step  1200  t=  1116.0s  E=-196.085830 ± 0.084541  var=28.6520  tau=0.01  Rhat=1.116
step  1220  t=  1134.0s  E=-195.987325 ± 0.091615  var=32.4847  tau=0.03  Rhat=1.122
step  1240  t=  1152.1s  E=-196.056759 ± 0.085340  var=29.1108  tau=0.01  Rhat=1.123
step  1260  t=  1170.1s  E=-196.072824 ± 0.083253  var=28.9124  tau=0.00  Rhat=1.119
step  1280  t=  1188.2s  E=-196.049696 ± 0.080627  var=26.7317  tau=0.00  Rhat=1.123
step  1300  t=  1206.2s  E=-196.113857 ± 0.088130  var=30.5684  tau=0.02  Rhat=1.120
step  1320  t=  1224.3s  E=-196.003281 ± 0.086008  var=29.1072  tau=0.02  Rhat=1.121
step  1340  t=  1242.4s  E=-196.172502 ± 0.086666  var=31.4192  tau=0.00  Rhat=1.117
step  1360  t=  1260.5s  E=-195.920793 ± 0.085429  var=30.6239  tau=0.00  Rhat=1.127
step  1380  t=  1278.6s  E=-196.221564 ± 0.087572  var=32.8303  tau=0.00  Rhat=1.111
step  1400  t=  1296.6s  E=-195.965639 ± 0.098637  var=39.2169  tau=0.01  Rhat=1.116
step  1420  t=  1314.7s  E=-196.150443 ± 0.089048  var=31.1094  tau=0.02  Rhat=1.117
step  1440  t=  1332.8s  E=-196.253615 ± 0.084096  var=27.5684  tau=0.03  Rhat=1.124
step  1460  t=  1350.8s  E=-196.105834 ± 0.082624  var=27.5344  tau=0.01  Rhat=1.118
step  1480  t=  1368.9s  E=-196.103660 ± 0.083608  var=28.2957  tau=0.01  Rhat=1.114
step  1500  t=  1386.9s  E=-196.286004 ± 0.085517  var=28.9919  tau=0.02  Rhat=1.115
step  1520  t=  1405.0s  E=-196.114610 ± 0.087646  var=30.8061  tau=0.01  Rhat=1.118
step  1540  t=  1423.1s  E=-196.250343 ± 0.082977  var=28.2347  tau=0.00  Rhat=1.119
step  1560  t=  1441.1s  E=-196.113920 ± 0.086731  var=29.1202  tau=0.03  Rhat=1.121
step  1580  t=  1459.2s  E=-196.156845 ± 0.080731  var=26.9108  tau=0.00  Rhat=1.121
step  1600  t=  1477.2s  E=-196.078229 ± 0.081714  var=28.0648  tau=0.00  Rhat=1.120
step  1620  t=  1495.3s  E=-196.117970 ± 0.088769  var=31.8751  tau=0.01  Rhat=1.117
step  1640  t=  1513.5s  E=-196.197263 ± 0.085718  var=28.0568  tau=0.04  Rhat=1.123
step  1660  t=  1531.6s  E=-196.048937 ± 0.082398  var=28.6542  tau=0.00  Rhat=1.108
step  1680  t=  1549.6s  E=-196.250017 ± 0.079881  var=26.1423  tau=0.00  Rhat=1.123
step  1700  t=  1567.7s  E=-196.053620 ± 0.089254  var=32.3883  tau=0.00  Rhat=1.120
step  1720  t=  1585.7s  E=-196.132290 ± 0.083585  var=28.3668  tau=0.00  Rhat=1.118
step  1740  t=  1603.8s  E=-195.998937 ± 0.085398  var=28.5526  tau=0.02  Rhat=1.117
step  1760  t=  1621.9s  E=-196.227505 ± 0.083060  var=27.0988  tau=0.02  Rhat=1.127
step  1780  t=  1639.9s  E=-196.156395 ± 0.083698  var=29.9292  tau=0.00  Rhat=1.117
step  1800  t=  1658.0s  E=-196.139091 ± 0.084437  var=28.4628  tau=0.01  Rhat=1.122
step  1820  t=  1676.1s  E=-196.187411 ± 0.083360  var=27.6321  tau=0.02  Rhat=1.116
step  1840  t=  1694.1s  E=-196.190720 ± 0.083573  var=28.9794  tau=0.00  Rhat=1.114
step  1860  t=  1712.2s  E=-196.181858 ± 0.086344  var=31.2188  tau=0.00  Rhat=1.113
step  1880  t=  1730.2s  E=-196.051237 ± 0.092424  var=32.7050  tau=0.03  Rhat=1.124
step  1900  t=  1748.4s  E=-196.136727 ± 0.078430  var=25.7087  tau=0.00  Rhat=1.115
step  1920  t=  1766.4s  E=-196.089205 ± 0.081314  var=25.9359  tau=0.02  Rhat=1.125
step  1940  t=  1784.6s  E=-196.007412 ± 0.088837  var=31.2357  tau=0.02  Rhat=1.124
step  1960  t=  1802.6s  E=-196.190048 ± 0.083662  var=28.8125  tau=0.00  Rhat=1.121
step  1980  t=  1820.7s  E=-196.096683 ± 0.084218  var=29.0088  tau=0.00  Rhat=1.122
FINAL rbmsymm J1J2/square_100_P_0.5: E = -156.432899 ± 3.708722 (Pauli, total), E/N = -0.3910822 S.S, var 14118.1936, tau 63.35, Rhat 1.411; wall 00:30:58 on 1 x NVIDIA A100 80GB PCIe; 405 parameters, 2000 steps x 4096 samples
DONE rbmsymm-j1j2-100 2026-09-21T11:52:34Z
