WARNING : /cluster/home/tzerweck/agent-runs/envs/nqs-2026/.venv/lib/python3.13/site-packages/tenpy/networks/mps.py:1629: UserWarning: unit_cell_width is a new argument for MPS and similar classes. It is optional for now, but will become mandatory in a future release. The default value (unit_cell_width=len(sites)) is correct, iff the lattice is a Chain. For other lattices, it is incorrect. It is used for dipolar charges and correlation_function2.
  super().__init__(sites, bc, unit_cell_width)
DMRG on Heisenberg/triangular_36_P: 36 sites, MPO bond dimension 41, 8 cores, chi ladder [500]
energy=-18.5733065688012644, max S=1.6456949465680872, age=36, norm_err=5.9e-01
Current memory usage 566.8MB, wall time: 179.5s
Delta E = nan, Delta S = 1.2844e+00 (per sweep)
max trunc_err = 3.5395e-07, max E_trunc = 3.0201e-08
chi: [2, 4, 8, 16, 30, 54, 76, 96, 116, 146, 162, 184, 200, 214, 226, 234, 240, 246, 234, 224, 228, 232, 230, 244, 226, 216, 220, 217, 127, 64, 32, 16, 8, 4, 2]
energy=-18.9454452260181441, max S=3.3044916625496441, age=36, norm_err=1.9e-01
Current memory usage 822.0MB, wall time: 780.4s
Delta E = -3.7214e-01, Delta S = 1.1918e+00 (per sweep)
max trunc_err = 6.3706e-04, max E_trunc = 2.2817e-03
chi: [2, 4, 8, 16, 32, 64, 128, 256, 500, 500, 500, 500, 500, 500, 500, 500, 500, 500, 500, 500, 500, 500, 500, 500, 500, 500, 500, 256, 128, 64, 32, 16, 8, 4, 2]
energy=-19.7760665633162134, max S=3.6740065778634858, age=36, norm_err=1.2e-02
Current memory usage 824.4MB, wall time: 472.3s
Delta E = -8.3062e-01, Delta S = 5.3371e-01 (per sweep)
max trunc_err = 1.1120e-03, max E_trunc = 4.1777e-03
chi: [2, 4, 8, 16, 32, 64, 128, 256, 500, 500, 500, 500, 500, 500, 500, 500, 500, 500, 500, 500, 500, 500, 500, 500, 500, 500, 500, 256, 128, 64, 32, 16, 8, 4, 2]
energy=-19.7996633709878793, max S=3.7542997185599964, age=36, norm_err=9.9e-04
Current memory usage 833.7MB, wall time: 333.8s
Delta E = -2.3597e-02, Delta S = 6.4178e-02 (per sweep)
max trunc_err = 1.2311e-03, max E_trunc = 4.7547e-03
chi: [2, 4, 8, 16, 32, 64, 128, 256, 500, 500, 500, 500, 500, 500, 500, 500, 500, 500, 500, 500, 500, 500, 500, 500, 500, 500, 500, 256, 128, 64, 32, 16, 8, 4, 2]
energy=-19.8021292508241622, max S=3.7599400583671403, age=36, norm_err=5.3e-04
Current memory usage 847.6MB, wall time: 178.4s
Delta E = -2.4659e-03, Delta S = 7.3315e-03 (per sweep)
max trunc_err = 1.2159e-03, max E_trunc = 4.8291e-03
chi: [2, 4, 8, 16, 32, 64, 128, 256, 500, 500, 500, 500, 500, 500, 500, 500, 500, 500, 500, 500, 500, 500, 500, 500, 500, 500, 500, 256, 128, 64, 32, 16, 8, 4, 2]
energy=-19.8026990554225542, max S=3.7607850421432882, age=36, norm_err=7.0e-04
Current memory usage 853.6MB, wall time: 166.2s
Delta E = -5.6980e-04, Delta S = 1.7468e-03 (per sweep)
max trunc_err = 1.2170e-03, max E_trunc = 4.8497e-03
chi: [2, 4, 8, 16, 32, 64, 128, 256, 500, 500, 500, 500, 500, 500, 500, 500, 500, 500, 500, 500, 500, 500, 500, 500, 500, 500, 500, 256, 128, 64, 32, 16, 8, 4, 2]
energy=-19.8028762285875857, max S=3.7612536914037662, age=36, norm_err=7.1e-04
Current memory usage 856.4MB, wall time: 141.5s
Delta E = -1.7717e-04, Delta S = 6.7844e-04 (per sweep)
max trunc_err = 1.2177e-03, max E_trunc = 4.8360e-03
chi: [2, 4, 8, 16, 32, 64, 128, 256, 500, 500, 500, 500, 500, 500, 500, 500, 500, 500, 500, 500, 500, 500, 500, 500, 500, 500, 500, 256, 128, 64, 32, 16, 8, 4, 2]
energy=-19.8029824606551088, max S=3.7614652807736815, age=36, norm_err=7.1e-04
Current memory usage 857.5MB, wall time: 234.7s
Delta E = -1.0623e-04, Delta S = 2.9806e-04 (per sweep)
max trunc_err = 1.2181e-03, max E_trunc = 4.8352e-03
chi: [2, 4, 8, 16, 32, 64, 128, 256, 500, 500, 500, 500, 500, 500, 500, 500, 500, 500, 500, 500, 500, 500, 500, 500, 500, 500, 500, 256, 128, 64, 32, 16, 8, 4, 2]
energy=-19.8030449066324721, max S=3.7615964206855992, age=36, norm_err=6.7e-04
Current memory usage 857.5MB, wall time: 189.5s
Delta E = -6.2446e-05, Delta S = 1.6039e-04 (per sweep)
max trunc_err = 1.2167e-03, max E_trunc = 4.8421e-03
chi: [2, 4, 8, 16, 32, 64, 128, 256, 500, 500, 500, 500, 500, 500, 500, 500, 500, 500, 500, 500, 500, 500, 500, 500, 500, 500, 500, 256, 128, 64, 32, 16, 8, 4, 2]
energy=-19.8030863272861168, max S=3.7617060876751518, age=36, norm_err=6.6e-04
Current memory usage 864.6MB, wall time: 178.9s
Delta E = -4.1421e-05, Delta S = 1.0839e-04 (per sweep)
max trunc_err = 1.2140e-03, max E_trunc = 4.8430e-03
chi: [2, 4, 8, 16, 32, 64, 128, 256, 500, 500, 500, 500, 500, 500, 500, 500, 500, 500, 500, 500, 500, 500, 500, 500, 500, 500, 500, 256, 128, 64, 32, 16, 8, 4, 2]
energy=-19.8030996865553952, max S=3.7618089305365019, age=36, norm_err=5.7e-04
Current memory usage 864.6MB, wall time: 235.7s
Delta E = -1.3359e-05, Delta S = 9.5968e-05 (per sweep)
max trunc_err = 1.2139e-03, max E_trunc = 4.8425e-03
chi: [2, 4, 8, 16, 32, 64, 128, 256, 500, 500, 500, 500, 500, 500, 500, 500, 500, 500, 500, 500, 500, 500, 500, 500, 500, 500, 500, 256, 128, 64, 32, 16, 8, 4, 2]
energy=-19.8031052402468859, max S=3.7618618346222279, age=36, norm_err=5.2e-04
Current memory usage 864.6MB, wall time: 185.2s
Delta E = -5.5537e-06, Delta S = 6.2389e-05 (per sweep)
max trunc_err = 1.2138e-03, max E_trunc = 4.8404e-03
chi: [2, 4, 8, 16, 32, 64, 128, 256, 500, 500, 500, 500, 500, 500, 500, 500, 500, 500, 500, 500, 500, 500, 500, 500, 500, 500, 500, 256, 128, 64, 32, 16, 8, 4, 2]
energy=-19.8031376121077614, max S=3.7618944719949252, age=36, norm_err=5.5e-04
Current memory usage 864.6MB, wall time: 175.4s
Delta E = -3.2372e-05, Delta S = 5.6203e-05 (per sweep)
max trunc_err = 1.2138e-03, max E_trunc = 4.8384e-03
chi: [2, 4, 8, 16, 32, 64, 128, 256, 500, 500, 500, 500, 500, 500, 500, 500, 500, 500, 500, 500, 500, 500, 500, 500, 500, 500, 500, 256, 128, 64, 32, 16, 8, 4, 2]
energy=-19.8031460317577128, max S=3.7619553877675562, age=36, norm_err=5.8e-04
Current memory usage 864.6MB, wall time: 123.4s
Delta E = -8.4196e-06, Delta S = 6.4727e-05 (per sweep)
max trunc_err = 1.2136e-03, max E_trunc = 4.8367e-03
chi: [2, 4, 8, 16, 32, 64, 128, 256, 500, 500, 500, 500, 500, 500, 500, 500, 500, 500, 500, 500, 500, 500, 500, 500, 500, 500, 500, 256, 128, 64, 32, 16, 8, 4, 2]
energy=-19.8031493149199385, max S=3.7619979290100094, age=36, norm_err=5.3e-04
Current memory usage 864.6MB, wall time: 210.6s
Delta E = -3.2832e-06, Delta S = 4.7753e-05 (per sweep)
max trunc_err = 1.2133e-03, max E_trunc = 4.8348e-03
chi: [2, 4, 8, 16, 32, 64, 128, 256, 500, 500, 500, 500, 500, 500, 500, 500, 500, 500, 500, 500, 500, 500, 500, 500, 500, 500, 500, 256, 128, 64, 32, 16, 8, 4, 2]
energy=-19.8031521566871014, max S=3.7634274093106228, age=36, norm_err=4.8e-04
Current memory usage 864.6MB, wall time: 103.9s
Delta E = -2.8418e-06, Delta S = 6.1892e-04 (per sweep)
max trunc_err = 6.0650e-04, max E_trunc = 4.8336e-03
chi: [2, 4, 8, 16, 32, 64, 128, 256, 500, 500, 500, 500, 500, 500, 500, 500, 500, 500, 500, 500, 500, 500, 500, 500, 500, 500, 500, 256, 128, 64, 32, 16, 8, 4, 2]
WARNING : final DMRG state not in canonical form up to norm_tol=1.00e-05: norm_err=4.79e-04
RUNG chi=500: E = -79.212609 (Pauli, total), E/N = -0.5500876 S.S, sweeps 16, max trunc err 0.0006064990325569687, wall 01:05:15 = 8.70 core-h
DONE dmrg-cal-tri-36 2026-09-24T10:18:15Z
