NVIDIA A100 80GB PCIe, 81920 MiB
devices: [CudaDevice(id=0)]
rbmsymm on Heisenberg/triangular_36_P: 149 parameters, n_conn 108
step     0  t=    35.2s  E=108.000196 ± 0.000407  var=0.0007  tau=0.01  Rhat=1.123
step    20  t=    39.1s  E=108.000411 ± 0.000716  var=0.0021  tau=0.00  Rhat=1.113
step    40  t=    42.9s  E=107.997030 ± 0.004430  var=0.0773  tau=0.02  Rhat=1.120
step    60  t=    46.6s  E=106.768697 ± 0.092228  var=35.3158  tau=0.00  Rhat=1.114
step    80  t=    50.4s  E=-45.456904 ± 0.342803  var=472.9057  tau=0.01  Rhat=1.122
step   100  t=    54.2s  E=-60.686911 ± 0.248961  var=253.1374  tau=0.00  Rhat=1.123
step   120  t=    58.0s  E=-66.736914 ± 0.206274  var=170.5129  tau=0.01  Rhat=1.118
step   140  t=    61.8s  E=-69.440055 ± 0.192660  var=150.6533  tau=0.00  Rhat=1.115
step   160  t=    65.6s  E=-71.059887 ± 0.180995  var=128.8753  tau=0.02  Rhat=1.133
step   180  t=    69.4s  E=-71.825423 ± 0.152012  var=95.0975  tau=0.00  Rhat=1.115
step   200  t=    73.2s  E=-72.798749 ± 0.148326  var=80.5248  tau=0.06  Rhat=1.140
step   220  t=    77.0s  E=-73.019910 ± 0.118082  var=58.1420  tau=0.00  Rhat=1.113
step   240  t=    80.8s  E=-73.252442 ± 0.143011  var=80.5556  tau=0.02  Rhat=1.124
step   260  t=    84.6s  E=-73.293164 ± 0.134882  var=74.9928  tau=0.00  Rhat=1.118
step   280  t=    88.4s  E=-73.326736 ± 0.138944  var=79.2828  tau=0.00  Rhat=1.122
step   300  t=    92.2s  E=-73.292108 ± 0.131205  var=70.1349  tau=0.00  Rhat=1.116
step   320  t=    96.0s  E=-73.496201 ± 0.126334  var=61.6320  tau=0.03  Rhat=1.124
step   340  t=    99.8s  E=-73.462463 ± 0.127541  var=67.2114  tau=0.00  Rhat=1.118
step   360  t=   103.6s  E=-73.496610 ± 0.140163  var=74.7724  tau=0.04  Rhat=1.124
step   380  t=   107.4s  E=-73.513014 ± 0.130956  var=69.9476  tau=0.00  Rhat=1.119
step   400  t=   111.2s  E=-73.458311 ± 0.133062  var=70.8519  tau=0.01  Rhat=1.121
step   420  t=   115.1s  E=-73.252502 ± 0.123415  var=59.6396  tau=0.02  Rhat=1.127
step   440  t=   118.9s  E=-73.462052 ± 0.143074  var=82.5156  tau=0.01  Rhat=1.129
step   460  t=   122.7s  E=-73.361927 ± 0.146215  var=85.9970  tau=0.01  Rhat=1.123
step   480  t=   126.5s  E=-73.521152 ± 0.132784  var=71.4678  tau=0.01  Rhat=1.122
step   500  t=   130.3s  E=-73.387724 ± 0.141208  var=78.7560  tau=0.02  Rhat=1.126
step   520  t=   134.1s  E=-73.536326 ± 0.141555  var=80.3325  tau=0.01  Rhat=1.127
step   540  t=   137.9s  E=-73.396147 ± 0.128660  var=72.2274  tau=0.00  Rhat=1.110
step   560  t=   141.7s  E=-73.347873 ± 0.147743  var=90.0555  tau=0.00  Rhat=1.120
step   580  t=   145.5s  E=-73.504149 ± 0.152185  var=92.0819  tau=0.02  Rhat=1.126
step   600  t=   149.3s  E=-73.369028 ± 0.149872  var=86.4411  tau=0.03  Rhat=1.126
step   620  t=   153.1s  E=-73.373493 ± 0.122016  var=61.7873  tau=0.00  Rhat=1.118
step   640  t=   156.9s  E=-73.305220 ± 0.142984  var=85.7624  tau=0.00  Rhat=1.118
step   660  t=   160.7s  E=-73.474577 ± 0.137852  var=76.3134  tau=0.01  Rhat=1.124
step   680  t=   164.6s  E=-73.418570 ± 0.124532  var=66.5917  tau=0.00  Rhat=1.119
step   700  t=   168.4s  E=-73.336036 ± 0.120376  var=61.1187  tau=0.00  Rhat=1.119
step   720  t=   172.2s  E=-73.361152 ± 0.121574  var=64.8157  tau=0.00  Rhat=1.117
step   740  t=   176.0s  E=-73.579055 ± 0.134072  var=74.5688  tau=0.00  Rhat=1.114
step   760  t=   179.8s  E=-73.542292 ± 0.149884  var=94.4719  tau=0.00  Rhat=1.113
step   780  t=   183.6s  E=-73.492736 ± 0.148145  var=89.7677  tau=0.00  Rhat=1.114
step   800  t=   187.4s  E=-73.528143 ± 0.127648  var=64.1961  tau=0.02  Rhat=1.120
step   820  t=   191.2s  E=-73.569212 ± 0.135500  var=75.3229  tau=0.00  Rhat=1.122
step   840  t=   195.0s  E=-73.427417 ± 0.121659  var=58.9701  tau=0.01  Rhat=1.120
step   860  t=   198.8s  E=-73.467896 ± 0.126331  var=65.4989  tau=0.00  Rhat=1.118
step   880  t=   202.6s  E=-73.339603 ± 0.145520  var=83.2047  tau=0.02  Rhat=1.123
step   900  t=   206.4s  E=-73.459336 ± 0.136993  var=78.6306  tau=0.00  Rhat=1.116
step   920  t=   210.2s  E=-73.444378 ± 0.140834  var=76.3982  tau=0.03  Rhat=1.119
step   940  t=   214.0s  E=-73.362119 ± 0.131537  var=67.1715  tau=0.03  Rhat=1.124
step   960  t=   217.8s  E=-73.442015 ± 0.155922  var=98.8081  tau=0.00  Rhat=1.120
step   980  t=   221.7s  E=-73.532500 ± 0.260604  var=279.2759  tau=0.00  Rhat=1.118
step  1000  t=   225.5s  E=-73.203906 ± 0.126449  var=67.7404  tau=0.00  Rhat=1.113
step  1020  t=   229.3s  E=-73.387666 ± 0.146031  var=88.8801  tau=0.00  Rhat=1.115
step  1040  t=   233.1s  E=-73.330508 ± 0.132646  var=76.1086  tau=0.00  Rhat=1.119
step  1060  t=   236.9s  E=-73.429516 ± 0.142900  var=83.0733  tau=0.00  Rhat=1.120
step  1080  t=   240.7s  E=-73.494634 ± 0.128566  var=65.2427  tau=0.02  Rhat=1.118
step  1100  t=   244.6s  E=-73.578686 ± 0.140967  var=93.7891  tau=0.00  Rhat=1.093
step  1120  t=   248.4s  E=-73.513932 ± 0.137024  var=70.8985  tau=0.04  Rhat=1.122
step  1140  t=   252.2s  E=-73.345655 ± 0.127928  var=65.0447  tau=0.02  Rhat=1.117
step  1160  t=   256.0s  E=-73.463182 ± 0.139085  var=75.6145  tau=0.02  Rhat=1.131
step  1180  t=   259.8s  E=-73.442179 ± 0.130821  var=70.4604  tau=0.00  Rhat=1.115
step  1200  t=   263.6s  E=-73.379182 ± 0.142996  var=95.3383  tau=0.00  Rhat=1.098
step  1220  t=   267.4s  E=-73.216112 ± 0.155283  var=103.6313  tau=0.00  Rhat=1.109
step  1240  t=   271.3s  E=-73.615019 ± 0.146704  var=96.0181  tau=0.00  Rhat=1.116
step  1260  t=   275.1s  E=-73.502435 ± 0.133414  var=70.6110  tau=0.02  Rhat=1.118
step  1280  t=   278.9s  E=-73.359463 ± 0.150191  var=91.7718  tau=0.00  Rhat=1.121
step  1300  t=   282.7s  E=-73.399127 ± 0.133145  var=70.8559  tau=0.01  Rhat=1.123
step  1320  t=   286.5s  E=-73.475625 ± 0.144927  var=84.6603  tau=0.01  Rhat=1.125
step  1340  t=   290.3s  E=-73.418772 ± 0.136726  var=74.8906  tau=0.01  Rhat=1.125
step  1360  t=   294.1s  E=-73.358258 ± 0.127520  var=65.1468  tau=0.01  Rhat=1.126
step  1380  t=   297.9s  E=-73.316233 ± 0.134398  var=77.1135  tau=0.00  Rhat=1.115
step  1400  t=   301.7s  E=-73.499888 ± 0.122882  var=60.4409  tau=0.01  Rhat=1.120
step  1420  t=   305.5s  E=-73.440423 ± 0.143056  var=81.7064  tau=0.01  Rhat=1.123
step  1440  t=   309.4s  E=-73.385541 ± 0.135560  var=75.0232  tau=0.00  Rhat=1.110
step  1460  t=   313.2s  E=-73.613662 ± 0.139443  var=78.8652  tau=0.00  Rhat=1.119
step  1480  t=   317.0s  E=-73.440322 ± 0.152731  var=93.5196  tau=0.01  Rhat=1.122
step  1500  t=   320.8s  E=-73.327375 ± 0.144210  var=82.0278  tau=0.02  Rhat=1.122
step  1520  t=   324.6s  E=-73.408693 ± 0.133306  var=71.6197  tau=0.01  Rhat=1.120
step  1540  t=   328.4s  E=-73.472238 ± 0.129222  var=67.1562  tau=0.01  Rhat=1.118
step  1560  t=   332.2s  E=-73.426976 ± 0.139959  var=83.5504  tau=0.00  Rhat=1.110
step  1580  t=   336.0s  E=-73.355912 ± 0.132717  var=68.6786  tau=0.03  Rhat=1.122
step  1600  t=   339.8s  E=-73.645428 ± 0.133972  var=74.1220  tau=0.00  Rhat=1.113
step  1620  t=   343.7s  E=-73.490924 ± 0.166886  var=113.0376  tau=0.00  Rhat=1.121
step  1640  t=   347.5s  E=-73.265233 ± 0.138622  var=77.2879  tau=0.01  Rhat=1.125
step  1660  t=   351.3s  E=-73.332716 ± 0.140118  var=79.4305  tau=0.01  Rhat=1.127
step  1680  t=   355.1s  E=-73.439965 ± 0.135836  var=73.7775  tau=0.01  Rhat=1.123
step  1700  t=   358.9s  E=-73.414578 ± 0.141875  var=83.8528  tau=0.00  Rhat=1.115
step  1720  t=   362.7s  E=-73.300401 ± 0.164691  var=119.4980  tau=0.00  Rhat=1.106
step  1740  t=   366.5s  E=-73.594060 ± 0.130204  var=68.7092  tau=0.01  Rhat=1.121
step  1760  t=   370.3s  E=-73.515211 ± 0.138802  var=81.3585  tau=0.00  Rhat=1.120
step  1780  t=   374.1s  E=-73.282309 ± 0.140042  var=79.9135  tau=0.00  Rhat=1.112
step  1800  t=   377.9s  E=-73.518882 ± 0.158605  var=107.7140  tau=0.00  Rhat=1.115
step  1820  t=   381.7s  E=-73.469337 ± 0.122232  var=65.0010  tau=0.00  Rhat=1.116
step  1840  t=   385.6s  E=-73.610755 ± 0.123636  var=65.3439  tau=0.00  Rhat=1.115
step  1860  t=   389.4s  E=-73.526673 ± 0.126465  var=68.4517  tau=0.00  Rhat=1.123
step  1880  t=   393.2s  E=-73.346102 ± 0.131380  var=74.7869  tau=0.00  Rhat=1.112
step  1900  t=   397.0s  E=-73.396004 ± 0.134735  var=73.5907  tau=0.01  Rhat=1.117
step  1920  t=   400.8s  E=-73.547674 ± 0.120667  var=62.7301  tau=0.00  Rhat=1.110
step  1940  t=   404.6s  E=-73.344078 ± 0.151277  var=92.5105  tau=0.01  Rhat=1.118
step  1960  t=   408.4s  E=-73.414031 ± 0.131040  var=68.3545  tau=0.01  Rhat=1.125
step  1980  t=   412.2s  E=-73.458795 ± 0.127113  var=68.8769  tau=0.00  Rhat=1.121
FINAL rbmsymm Heisenberg/triangular_36_P: E = -73.468191 ± 0.025116 (Pauli, total), E/N = -0.5101958 S.S, var 77.9701, tau 0.03, Rhat 1.004; wall 00:07:09 on 1 x NVIDIA A100 80GB PCIe; 149 parameters, 2000 steps x 4096 samples
DONE rbmsymm-tri-36 2026-09-21T11:28:45Z
