NVIDIA A100 80GB PCIe, 81920 MiB
devices: [CudaDevice(id=0)]
vit on J1J2/square_100_P_0.5: 156400 parameters, n_conn 400
step     0  t=    50.2s  E=-104.054686 ± 0.440857  var=777.7749  tau=0.01  Rhat=1.118
step    20  t=   259.2s  E=-130.747086 ± 0.385804  var=564.8078  tau=0.04  Rhat=1.123
step    40  t=   485.9s  E=-170.557286 ± 0.230431  var=183.6863  tau=0.09  Rhat=1.137
step    60  t=   714.0s  E=-188.231484 ± 0.115509  var=48.5275  tau=0.06  Rhat=1.130
step    80  t=   942.7s  E=-193.861652 ± 0.082445  var=25.5370  tau=0.05  Rhat=1.136
step   100  t=  1171.5s  E=-195.577333 ± 0.078467  var=23.7759  tau=0.03  Rhat=1.128
step   120  t=  1400.0s  E=-196.541145 ± 0.077749  var=24.3704  tau=0.01  Rhat=1.112
step   140  t=  1628.3s  E=-196.978595 ± 0.066603  var=19.1687  tau=0.00  Rhat=1.122
step   160  t=  1856.6s  E=-197.159055 ± 0.066712  var=18.4643  tau=0.00  Rhat=1.114
step   180  t=  2085.5s  E=-197.383199 ± 0.065514  var=18.3097  tau=0.00  Rhat=1.114
step   200  t=  2314.3s  E=-197.562568 ± 0.056705  var=12.6234  tau=0.02  Rhat=1.121
step   220  t=  2543.0s  E=-197.708800 ± 0.053865  var=11.7309  tau=0.01  Rhat=1.121
step   240  t=  2771.5s  E=-197.845429 ± 0.055256  var=11.5673  tau=0.04  Rhat=1.134
step   260  t=  3000.2s  E=-197.917149 ± 0.058436  var=13.1555  tau=0.03  Rhat=1.123
step   280  t=  3228.9s  E=-197.975955 ± 0.052230  var=10.5401  tau=0.03  Rhat=1.130
step   300  t=  3458.2s  E=-198.019156 ± 0.045663  var=8.6346  tau=0.00  Rhat=1.125
step   320  t=  3687.4s  E=-198.060530 ± 0.050457  var=10.3328  tau=0.00  Rhat=1.126
step   340  t=  3916.2s  E=-198.007929 ± 0.086437  var=27.8381  tau=0.05  Rhat=1.110
step   360  t=  4145.3s  E=-198.094880 ± 0.061884  var=15.6840  tau=0.00  Rhat=1.116
step   380  t=  4374.5s  E=-198.159994 ± 0.053594  var=11.5504  tau=0.01  Rhat=1.125
step   400  t=  4603.4s  E=-198.136203 ± 0.046471  var=8.7066  tau=0.01  Rhat=1.116
step   420  t=  4832.4s  E=-198.214249 ± 0.040356  var=6.1915  tau=0.04  Rhat=1.118
step   440  t=  5061.7s  E=-198.246745 ± 0.040954  var=7.1891  tau=0.00  Rhat=1.111
step   460  t=  5291.0s  E=-198.225518 ± 0.042380  var=7.1087  tau=0.02  Rhat=1.128
step   480  t=  5519.9s  E=-198.264538 ± 0.046062  var=8.5548  tau=0.01  Rhat=1.128
step   500  t=  5748.4s  E=-198.295010 ± 0.045855  var=7.8041  tau=0.05  Rhat=1.121
step   520  t=  5977.3s  E=-198.269706 ± 0.033285  var=4.7369  tau=0.00  Rhat=1.123
step   540  t=  6206.0s  E=-198.195988 ± 0.063630  var=16.8283  tau=0.00  Rhat=1.118
step   560  t=  6434.9s  E=-198.240029 ± 0.067508  var=18.4630  tau=0.01  Rhat=1.117
step   580  t=  6663.3s  E=-198.316494 ± 0.035270  var=5.1457  tau=0.00  Rhat=1.122
step   600  t=  6891.9s  E=-198.270290 ± 0.040632  var=6.9075  tau=0.00  Rhat=1.115
step   620  t=  7120.8s  E=-198.327519 ± 0.034989  var=5.0719  tau=0.00  Rhat=1.116
step   640  t=  7349.5s  E=-198.268752 ± 0.045426  var=8.5432  tau=0.00  Rhat=1.121
step   660  t=  7578.0s  E=-198.248174 ± 0.037013  var=5.7172  tau=0.00  Rhat=1.118
step   680  t=  7806.4s  E=-198.363113 ± 0.036398  var=5.3891  tau=0.00  Rhat=1.121
step   700  t=  8035.3s  E=-198.260939 ± 0.039867  var=6.7360  tau=0.00  Rhat=1.118
step   720  t=  8264.1s  E=-198.405517 ± 0.033819  var=4.4272  tau=0.03  Rhat=1.122
step   740  t=  8493.1s  E=-198.309626 ± 0.033241  var=4.4308  tau=0.01  Rhat=1.116
step   760  t=  8721.8s  E=-198.365896 ± 0.038224  var=6.1764  tau=0.00  Rhat=1.115
step   780  t=  8950.9s  E=-198.396882 ± 0.033696  var=4.7867  tau=0.00  Rhat=1.120
step   800  t=  9180.2s  E=-198.387152 ± 0.034601  var=4.7866  tau=0.01  Rhat=1.124
step   820  t=  9409.5s  E=-198.383457 ± 0.035232  var=4.9109  tau=0.02  Rhat=1.116
step   840  t=  9638.6s  E=-198.372509 ± 0.031650  var=4.0986  tau=0.00  Rhat=1.121
step   860  t=  9867.7s  E=-198.390922 ± 0.034359  var=4.9504  tau=0.00  Rhat=1.118
step   880  t= 10097.0s  E=-198.374664 ± 0.034576  var=4.6568  tau=0.03  Rhat=1.120
step   900  t= 10326.1s  E=-198.344099 ± 0.031963  var=4.1262  tau=0.01  Rhat=1.120
step   920  t= 10554.9s  E=-198.344899 ± 0.033652  var=4.4166  tau=0.03  Rhat=1.123
step   940  t= 10783.3s  E=-198.371082 ± 0.031080  var=3.9312  tau=0.00  Rhat=1.120
step   960  t= 11012.2s  E=-198.350455 ± 0.029900  var=3.7056  tau=0.00  Rhat=1.112
step   980  t= 11241.0s  E=-198.424337 ± 0.031415  var=4.0768  tau=0.00  Rhat=1.118
step  1000  t= 11469.8s  E=-198.381996 ± 0.030874  var=3.8754  tau=0.00  Rhat=1.123
step  1020  t= 11698.2s  E=-198.412428 ± 0.028125  var=3.3101  tau=0.00  Rhat=1.121
step  1040  t= 11926.7s  E=-198.392517 ± 0.031050  var=4.0033  tau=0.00  Rhat=1.112
step  1060  t= 12155.5s  E=-198.392452 ± 0.041961  var=6.5054  tau=0.05  Rhat=1.127
step  1080  t= 12384.4s  E=-198.312404 ± 0.092374  var=35.5111  tau=0.00  Rhat=1.115
step  1100  t= 12613.0s  E=-198.306124 ± 0.117842  var=56.4151  tau=0.00  Rhat=1.118
step  1120  t= 12841.6s  E=-198.441643 ± 0.026468  var=2.9069  tau=0.00  Rhat=1.119
step  1140  t= 13070.5s  E=-198.421957 ± 0.030657  var=3.7366  tau=0.02  Rhat=1.122
step  1160  t= 13299.5s  E=-198.422600 ± 0.029104  var=3.2593  tau=0.03  Rhat=1.123
step  1180  t= 13528.4s  E=-198.290668 ± 0.091707  var=34.4169  tau=0.00  Rhat=1.119
step  1200  t= 13756.8s  E=-198.417264 ± 0.028033  var=3.0794  tau=0.02  Rhat=1.126
step  1220  t= 13985.8s  E=-198.430347 ± 0.032943  var=4.2933  tau=0.02  Rhat=1.122
step  1240  t= 14214.9s  E=-198.417132 ± 0.028812  var=3.2837  tau=0.02  Rhat=1.116
step  1260  t= 14443.9s  E=-198.420067 ± 0.033243  var=4.5025  tau=0.00  Rhat=1.117
step  1280  t= 14672.8s  E=-198.409577 ± 0.035295  var=5.0364  tau=0.01  Rhat=1.115
step  1300  t= 14901.8s  E=-198.398585 ± 0.043217  var=7.6707  tau=0.00  Rhat=1.112
step  1320  t= 15130.9s  E=-198.391777 ± 0.037056  var=5.7408  tau=0.00  Rhat=1.118
step  1340  t= 15360.1s  E=-198.399422 ± 0.030098  var=3.3271  tau=0.06  Rhat=1.128
step  1360  t= 15589.2s  E=-198.393164 ± 0.030204  var=3.6279  tau=0.01  Rhat=1.125
step  1380  t= 15817.9s  E=-198.442324 ± 0.028108  var=3.3997  tau=0.00  Rhat=1.113
step  1400  t= 16046.8s  E=-198.423387 ± 0.029905  var=3.8002  tau=0.00  Rhat=1.119
step  1420  t= 16275.5s  E=-198.440127 ± 0.029789  var=3.6364  tau=0.00  Rhat=1.115
step  1440  t= 16503.9s  E=-198.376457 ± 0.027211  var=3.0813  tau=0.00  Rhat=1.114
step  1460  t= 16732.5s  E=-198.512915 ± 0.029911  var=3.6225  tau=0.01  Rhat=1.122
step  1480  t= 16961.3s  E=-198.424186 ± 0.028863  var=3.4712  tau=0.00  Rhat=1.122
step  1500  t= 17190.1s  E=-198.402897 ± 0.026681  var=2.9141  tau=0.00  Rhat=1.119
step  1520  t= 17418.6s  E=-198.445865 ± 0.027173  var=2.9964  tau=0.00  Rhat=1.108
step  1540  t= 17647.4s  E=-198.408220 ± 0.026734  var=3.0067  tau=0.00  Rhat=1.121
step  1560  t= 17876.3s  E=-198.386697 ± 0.039710  var=6.3796  tau=0.01  Rhat=1.124
step  1580  t= 18105.4s  E=-198.450367 ± 0.030760  var=3.8225  tau=0.01  Rhat=1.123
step  1600  t= 18333.8s  E=-198.423893 ± 0.034643  var=4.9046  tau=0.00  Rhat=1.114
step  1620  t= 18562.6s  E=-198.424345 ± 0.026956  var=3.0030  tau=0.00  Rhat=1.119
step  1640  t= 18791.4s  E=-198.453504 ± 0.028297  var=3.4050  tau=0.00  Rhat=1.109
step  1660  t= 19020.3s  E=-198.423611 ± 0.027756  var=2.9215  tau=0.04  Rhat=1.124
step  1680  t= 19248.9s  E=-198.451729 ± 0.033512  var=4.5392  tau=0.01  Rhat=1.121
step  1700  t= 19477.4s  E=-198.476715 ± 0.028247  var=3.1607  tau=0.02  Rhat=1.123
step  1720  t= 19706.2s  E=-198.429834 ± 0.025162  var=2.4755  tau=0.02  Rhat=1.123
step  1740  t= 19935.1s  E=-198.469254 ± 0.032560  var=4.6377  tau=0.00  Rhat=1.112
step  1760  t= 20165.0s  E=-198.446069 ± 0.027678  var=2.9646  tau=0.03  Rhat=1.124
step  1780  t= 20395.1s  E=-198.397430 ± 0.027772  var=3.1108  tau=0.01  Rhat=1.123
step  1800  t= 20624.4s  E=-198.403212 ± 0.033413  var=4.4838  tau=0.01  Rhat=1.123
step  1820  t= 20854.0s  E=-198.439950 ± 0.030824  var=3.8862  tau=0.00  Rhat=1.114
step  1840  t= 21083.5s  E=-198.413772 ± 0.046594  var=8.5970  tau=0.02  Rhat=1.130
step  1860  t= 21312.3s  E=-198.411225 ± 0.025819  var=2.8396  tau=0.00  Rhat=1.112
step  1880  t= 21541.5s  E=-198.461681 ± 0.026393  var=2.7750  tau=0.01  Rhat=1.117
step  1900  t= 21771.0s  E=-198.455108 ± 0.024648  var=2.2575  tau=0.05  Rhat=1.137
step  1920  t= 22000.1s  E=-198.508320 ± 0.027033  var=2.6779  tau=0.06  Rhat=1.126
step  1940  t= 22228.8s  E=-198.469168 ± 0.023125  var=2.1781  tau=0.00  Rhat=1.116
step  1960  t= 22457.4s  E=-198.422925 ± 0.028584  var=3.2556  tau=0.01  Rhat=1.119
step  1980  t= 22686.1s  E=-198.456833 ± 0.023408  var=2.2683  tau=0.00  Rhat=1.120
FINAL vit J1J2/square_100_P_0.5: E = -198.435751 ± 0.007205 (Pauli, total), E/N = -0.4960894 S.S, var 7.2609, tau 0.00, Rhat 1.004; wall 06:24:14 on 1 x NVIDIA A100 80GB PCIe; 156400 parameters, 2000 steps x 4096 samples
DONE vit-j1j2-100 2026-09-24T21:44:59Z
