NVIDIA A100 80GB PCIe, 81920 MiB
devices: [CudaDevice(id=0)]
vit on J1J2/square_100_P_0.5: 156400 parameters, n_conn 400
step     0  t=    48.0s  E=-104.054686 ± 0.440857  var=777.7749  tau=0.01  Rhat=1.118
step    20  t=   256.6s  E=-130.560337 ± 0.364089  var=538.0904  tau=0.00  Rhat=1.117
step    40  t=   483.0s  E=-170.705087 ± 0.222358  var=181.3526  tau=0.06  Rhat=1.133
step    60  t=   710.5s  E=-187.986666 ± 0.117590  var=51.0451  tau=0.05  Rhat=1.131
step    80  t=   938.2s  E=-193.852200 ± 0.084013  var=25.7931  tau=0.06  Rhat=1.136
step   100  t=  1167.1s  E=-195.752854 ± 0.073189  var=20.7625  tau=0.03  Rhat=1.126
step   120  t=  1395.8s  E=-196.546939 ± 0.070741  var=21.4792  tau=0.00  Rhat=1.119
step   140  t=  1622.1s  E=-196.890773 ± 0.069365  var=19.7914  tau=0.00  Rhat=1.116
step   160  t=  1848.2s  E=-197.194667 ± 0.064849  var=16.8681  tau=0.01  Rhat=1.121
step   180  t=  2076.3s  E=-197.471466 ± 0.060624  var=14.8509  tau=0.01  Rhat=1.125
step   200  t=  2305.0s  E=-197.519472 ± 0.080889  var=26.3460  tau=0.01  Rhat=1.120
step   220  t=  2534.0s  E=-197.787499 ± 0.060976  var=15.1090  tau=0.00  Rhat=1.122
step   240  t=  2763.1s  E=-197.855404 ± 0.052492  var=11.1728  tau=0.01  Rhat=1.121
step   260  t=  2992.5s  E=-197.895068 ± 0.067727  var=17.2350  tau=0.05  Rhat=1.120
step   280  t=  3222.1s  E=-198.060938 ± 0.048325  var=9.0556  tau=0.03  Rhat=1.123
step   300  t=  3452.2s  E=-197.972804 ± 0.044723  var=8.0928  tau=0.01  Rhat=1.116
step   320  t=  3682.8s  E=-198.010807 ± 0.047118  var=9.3460  tau=0.00  Rhat=1.119
step   340  t=  3913.6s  E=-198.041132 ± 0.051456  var=10.7842  tau=0.00  Rhat=1.105
step   360  t=  4144.5s  E=-198.087495 ± 0.045845  var=8.0774  tau=0.03  Rhat=1.122
step   380  t=  4375.0s  E=-198.031135 ± 0.100246  var=39.2150  tau=0.02  Rhat=1.123
step   400  t=  4605.8s  E=-198.149492 ± 0.038530  var=5.8632  tau=0.02  Rhat=1.117
step   420  t=  4836.5s  E=-198.159683 ± 0.049745  var=9.7564  tau=0.02  Rhat=1.126
step   440  t=  5066.8s  E=-198.212308 ± 0.045613  var=8.5301  tau=0.00  Rhat=1.125
step   460  t=  5297.5s  E=-198.193973 ± 0.035165  var=5.0122  tau=0.01  Rhat=1.121
step   480  t=  5528.1s  E=-198.262190 ± 0.039310  var=6.1893  tau=0.01  Rhat=1.120
step   500  t=  5758.9s  E=-198.241821 ± 0.048511  var=9.3921  tau=0.01  Rhat=1.124
step   520  t=  5987.6s  E=-198.320915 ± 0.038224  var=6.0294  tau=0.00  Rhat=1.119
step   540  t=  6216.4s  E=-198.237124 ± 0.081419  var=27.8399  tau=0.00  Rhat=1.118
step   560  t=  6445.6s  E=-198.310231 ± 0.034783  var=4.7347  tau=0.02  Rhat=1.115
step   580  t=  6675.2s  E=-198.258620 ± 0.036586  var=5.8054  tau=0.00  Rhat=1.113
step   600  t=  6904.7s  E=-198.283481 ± 0.037604  var=5.5591  tau=0.02  Rhat=1.123
step   620  t=  7134.1s  E=-198.334131 ± 0.036006  var=4.9722  tau=0.03  Rhat=1.124
step   640  t=  7363.3s  E=-198.309661 ± 0.037882  var=5.6607  tau=0.02  Rhat=1.118
step   660  t=  7593.2s  E=-198.309235 ± 0.039381  var=6.3455  tau=0.00  Rhat=1.124
step   680  t=  7822.4s  E=-198.372493 ± 0.037754  var=5.6412  tau=0.02  Rhat=1.117
step   700  t=  8051.9s  E=-198.264983 ± 0.045591  var=8.4592  tau=0.00  Rhat=1.122
step   720  t=  8281.2s  E=-198.291590 ± 0.050215  var=10.3177  tau=0.00  Rhat=1.118
step   740  t=  8510.6s  E=-198.329093 ± 0.029863  var=3.7349  tau=0.00  Rhat=1.115
step   760  t=  8740.0s  E=-198.324800 ± 0.040875  var=5.3544  tau=0.14  Rhat=1.113
step   780  t=  8969.4s  E=-198.311014 ± 0.046869  var=8.8002  tau=0.01  Rhat=1.122
step   800  t=  9198.6s  E=-198.337560 ± 0.033099  var=4.2618  tau=0.03  Rhat=1.126
step   820  t=  9428.0s  E=-198.337450 ± 0.050397  var=10.1007  tau=0.01  Rhat=1.119
step   840  t=  9657.4s  E=-198.328741 ± 0.036650  var=5.4102  tau=0.01  Rhat=1.120
step   860  t=  9887.6s  E=-198.317322 ± 0.032258  var=4.5493  tau=0.00  Rhat=1.109
step   880  t= 10117.2s  E=-198.391125 ± 0.028807  var=3.5464  tau=0.00  Rhat=1.120
step   900  t= 10345.9s  E=-198.413511 ± 0.034663  var=4.6463  tau=0.03  Rhat=1.115
step   920  t= 10574.5s  E=-198.355469 ± 0.030036  var=3.5843  tau=0.02  Rhat=1.108
step   940  t= 10804.6s  E=-198.324227 ± 0.056016  var=12.6364  tau=0.01  Rhat=1.119
step   960  t= 11034.3s  E=-198.401272 ± 0.034969  var=4.8564  tau=0.02  Rhat=1.127
step   980  t= 11263.8s  E=-198.342503 ± 0.030085  var=3.8779  tau=0.00  Rhat=1.118
step  1000  t= 11493.1s  E=-198.376366 ± 0.035561  var=5.2921  tau=0.00  Rhat=1.119
step  1020  t= 11722.5s  E=-198.357385 ± 0.037859  var=5.8229  tau=0.00  Rhat=1.125
step  1040  t= 11951.1s  E=-198.441182 ± 0.033539  var=4.7286  tau=0.00  Rhat=1.119
step  1060  t= 12180.3s  E=-198.376253 ± 0.039222  var=6.6688  tau=0.00  Rhat=1.116
step  1080  t= 12406.7s  E=-198.446519 ± 0.030041  var=3.4367  tau=0.04  Rhat=1.124
step  1100  t= 12634.6s  E=-198.425729 ± 0.031301  var=3.9832  tau=0.00  Rhat=1.124
step  1120  t= 12863.5s  E=-198.428216 ± 0.031660  var=3.8404  tau=0.03  Rhat=1.125
step  1140  t= 13092.6s  E=-198.385307 ± 0.034533  var=4.7297  tau=0.02  Rhat=1.126
step  1160  t= 13321.7s  E=-198.376461 ± 0.033743  var=4.7397  tau=0.00  Rhat=1.114
step  1180  t= 13551.3s  E=-198.419414 ± 0.030600  var=3.8096  tau=0.00  Rhat=1.122
step  1200  t= 13781.1s  E=-198.375315 ± 0.029420  var=3.4629  tau=0.01  Rhat=1.120
step  1220  t= 14010.6s  E=-198.452011 ± 0.029444  var=3.4133  tau=0.02  Rhat=1.125
step  1240  t= 14240.1s  E=-198.417473 ± 0.028975  var=3.4196  tau=0.00  Rhat=1.123
step  1260  t= 14469.6s  E=-198.364454 ± 0.049280  var=9.6443  tau=0.02  Rhat=1.120
step  1280  t= 14697.2s  E=-198.408317 ± 0.032737  var=4.3904  tau=0.00  Rhat=1.120
step  1300  t= 14925.3s  E=-198.375562 ± 0.036081  var=5.6076  tau=0.00  Rhat=1.109
step  1320  t= 15154.0s  E=-198.408183 ± 0.026642  var=2.8458  tau=0.01  Rhat=1.130
step  1340  t= 15383.1s  E=-198.384903 ± 0.035165  var=5.0982  tau=0.00  Rhat=1.115
step  1360  t= 15612.3s  E=-198.425264 ± 0.026849  var=2.9213  tau=0.01  Rhat=1.123
step  1380  t= 15841.7s  E=-198.456095 ± 0.028563  var=3.2363  tau=0.02  Rhat=1.121
step  1400  t= 16071.2s  E=-198.432700 ± 0.029194  var=3.6797  tau=0.00  Rhat=1.120
step  1420  t= 16300.3s  E=-198.368551 ± 0.032254  var=4.4411  tau=0.00  Rhat=1.109
step  1440  t= 16529.5s  E=-198.418482 ± 0.033595  var=4.4045  tau=0.02  Rhat=1.123
step  1460  t= 16758.7s  E=-198.395509 ± 0.036217  var=5.5022  tau=0.00  Rhat=1.111
step  1480  t= 16987.3s  E=-198.459686 ± 0.026028  var=2.9396  tau=0.00  Rhat=1.114
step  1500  t= 17216.6s  E=-198.408780 ± 0.042489  var=7.1028  tau=0.02  Rhat=1.117
step  1520  t= 17446.1s  E=-198.437733 ± 0.028988  var=3.6124  tau=0.00  Rhat=1.118
step  1540  t= 17675.0s  E=-198.435315 ± 0.029869  var=3.3153  tau=0.05  Rhat=1.128
step  1560  t= 17903.7s  E=-197.072372 ± 0.063107  var=13.5009  tau=0.10  Rhat=1.146
step  1580  t= 18132.9s  E=-198.335017 ± 0.028769  var=3.4175  tau=0.00  Rhat=1.111
step  1600  t= 18361.9s  E=-198.392240 ± 0.028407  var=3.2343  tau=0.01  Rhat=1.122
step  1620  t= 18591.4s  E=-198.455224 ± 0.027428  var=2.8918  tau=0.03  Rhat=1.129
step  1640  t= 18820.7s  E=-198.446645 ± 0.030147  var=3.3257  tau=0.06  Rhat=1.128
step  1660  t= 19049.4s  E=-198.421109 ± 0.029386  var=3.5912  tau=0.00  Rhat=1.108
step  1680  t= 19277.9s  E=-198.382363 ± 0.023970  var=2.5953  tau=0.00  Rhat=1.119
step  1700  t= 19506.1s  E=-198.424232 ± 0.028669  var=3.3412  tau=0.00  Rhat=1.125
step  1720  t= 19734.5s  E=-198.461009 ± 0.026752  var=3.0070  tau=0.00  Rhat=1.116
step  1740  t= 19962.0s  E=-198.412022 ± 0.031276  var=4.2416  tau=0.00  Rhat=1.110
step  1760  t= 20189.9s  E=-198.360592 ± 0.038624  var=6.4755  tau=0.00  Rhat=1.112
step  1780  t= 20418.7s  E=-198.471921 ± 0.023142  var=2.2685  tau=0.00  Rhat=1.122
step  1800  t= 20647.8s  E=-198.406580 ± 0.025435  var=2.6782  tau=0.00  Rhat=1.114
step  1820  t= 20876.9s  E=-198.365259 ± 0.037132  var=5.7872  tau=0.00  Rhat=1.117
step  1840  t= 21105.9s  E=-198.397042 ± 0.031687  var=4.0242  tau=0.01  Rhat=1.122
step  1860  t= 21335.1s  E=-198.467033 ± 0.026267  var=2.9052  tau=0.00  Rhat=1.115
step  1880  t= 21564.0s  E=-198.441191 ± 0.024873  var=2.3114  tau=0.05  Rhat=1.117
step  1900  t= 21792.6s  E=-198.456055 ± 0.023711  var=2.3947  tau=0.00  Rhat=1.121
step  1920  t= 22020.9s  E=-198.437706 ± 0.025123  var=2.3826  tau=0.04  Rhat=1.138
step  1940  t= 22249.3s  E=-198.423270 ± 0.024878  var=2.5758  tau=0.00  Rhat=1.127
step  1960  t= 22478.5s  E=-198.438416 ± 0.037336  var=5.8827  tau=0.00  Rhat=1.119
step  1980  t= 22707.6s  E=-198.457202 ± 0.037491  var=5.7442  tau=0.00  Rhat=1.118
FINAL vit J1J2/square_100_P_0.5: E = -198.450442 ± 0.005547 (Pauli, total), E/N = -0.4961261 S.S, var 3.8355, tau 0.03, Rhat 1.004; wall 06:24:36 on 1 x NVIDIA A100 80GB PCIe; 156400 parameters, 2000 steps x 4096 samples
DONE vit-j1j2-100 2026-09-21T17:25:32Z
