NVIDIA A100 80GB PCIe, 81920 MiB
devices: [CudaDevice(id=0)]
gcnn on Heisenberg/triangular_36_P: 7232 parameters, n_conn 108
step     0  t=    31.3s  E=107.957738 ± 0.031091  var=3.9315  tau=0.00  Rhat=1.118
step    20  t=    47.9s  E=107.626838 ± 0.073264  var=22.1852  tau=0.00  Rhat=1.115
step    40  t=    64.3s  E=28.417522 ± 0.545828  var=1208.3035  tau=0.00  Rhat=1.119
step    60  t=    80.8s  E=-17.213242 ± 0.318545  var=364.7253  tau=0.07  Rhat=1.134
step    80  t=    97.2s  E=-30.977555 ± 0.270406  var=258.4390  tau=0.08  Rhat=1.136
step   100  t=   113.7s  E=-42.287276 ± 0.298244  var=314.4334  tau=0.08  Rhat=1.134
step   120  t=   130.1s  E=-52.480357 ± 0.244478  var=219.2316  tau=0.06  Rhat=1.128
step   140  t=   146.6s  E=-61.629614 ± 0.296275  var=237.7920  tau=0.26  Rhat=1.160
step   160  t=   163.0s  E=-35.090249 ± 0.207375  var=128.0078  tau=0.19  Rhat=1.155
Stopping early because of :  Legacy callback <function main.<locals>.cb at 0x1484dfd08c20> requested to stop the run.
RECOVER: energy None at step 162; parameters restored from step 150 (E = -20.824811353820504), learning rate 0.005
step   160  t=   173.4s  E=-37.042488 ± 0.248276  var=191.0166  tau=0.16  Rhat=1.159
Stopping early because of :  Legacy callback <function main.<locals>.cb at 0x1484dfd08c20> requested to stop the run.
RECOVER: energy -1.3020323680265646e+289 at step 167; parameters restored from step 150 (E = -20.712890018867324), learning rate 0.0025
step   160  t=   187.8s  E=-29.285822 ± 0.315639  var=255.2165  tau=0.30  Rhat=1.170
Stopping early because of :  Legacy callback <function main.<locals>.cb at 0x1484dfd08c20> requested to stop the run.
RECOVER: energy 248.2407134788944 at step 170; parameters restored from step 150 (E = -21.310490711151726), learning rate 0.00125
step   160  t=   204.6s  E=-20.557571 ± 0.235059  var=107.2817  tau=0.55  Rhat=1.205
step   180  t=   221.0s  E=-24.218555 ± 1.026028  var=3829.2058  tau=0.06  Rhat=1.145
step   200  t=   237.5s  E=-35.654356 ± 0.435986  var=325.0518  tau=0.70  Rhat=1.234
step   220  t=   254.0s  E=-59.990822 ± 0.391923  var=317.2362  tau=0.49  Rhat=1.198
step   240  t=   270.4s  E=-71.489795 ± 0.176248  var=115.1627  tau=0.05  Rhat=1.130
step   260  t=   286.9s  E=-74.237993 ± 0.133897  var=73.6925  tau=0.00  Rhat=1.121
step   280  t=   303.3s  E=-75.302293 ± 0.135146  var=71.9605  tau=0.02  Rhat=1.121
step   300  t=   319.8s  E=-75.764736 ± 0.162081  var=68.3552  tau=0.29  Rhat=1.166
step   320  t=   336.3s  E=-76.339714 ± 0.106857  var=46.1683  tau=0.01  Rhat=1.120
step   340  t=   352.7s  E=-75.978178 ± 0.194731  var=72.5120  tau=0.57  Rhat=1.203
step   360  t=   369.2s  E=-76.860134 ± 0.112829  var=43.3627  tau=0.10  Rhat=1.139
step   380  t=   385.6s  E=-77.046912 ± 0.121131  var=49.1844  tau=0.11  Rhat=1.142
step   400  t=   402.1s  E=-77.449783 ± 0.113575  var=45.6365  tau=0.08  Rhat=1.135
step   420  t=   418.6s  E=-76.465734 ± 0.237319  var=85.9738  tau=0.84  Rhat=1.237
step   440  t=   435.0s  E=-76.780608 ± 0.225702  var=83.1530  tau=0.75  Rhat=1.221
step   460  t=   451.5s  E=-77.628231 ± 0.098736  var=41.2872  tau=0.00  Rhat=1.114
step   480  t=   467.9s  E=-77.824300 ± 0.104589  var=46.9708  tau=0.00  Rhat=1.116
step   500  t=   484.4s  E=-77.979215 ± 0.115298  var=50.3002  tau=0.04  Rhat=1.139
step   520  t=   500.8s  E=-77.999150 ± 0.095936  var=39.2107  tau=0.00  Rhat=1.117
step   540  t=   517.3s  E=-77.910527 ± 0.089314  var=32.6138  tau=0.00  Rhat=1.119
step   560  t=   533.7s  E=-78.173966 ± 0.093290  var=34.7519  tau=0.01  Rhat=1.127
step   580  t=   550.2s  E=-78.307253 ± 0.087240  var=30.6470  tau=0.01  Rhat=1.114
step   600  t=   566.6s  E=-78.347301 ± 0.085974  var=31.2021  tau=0.00  Rhat=1.110
step   620  t=   583.1s  E=-78.402453 ± 0.080911  var=27.5272  tau=0.00  Rhat=1.109
step   640  t=   599.5s  E=-78.351784 ± 0.081774  var=27.2198  tau=0.00  Rhat=1.112
step   660  t=   616.0s  E=-78.399632 ± 0.100901  var=41.0157  tau=0.01  Rhat=1.116
step   680  t=   632.4s  E=-78.543277 ± 0.091690  var=32.4059  tau=0.03  Rhat=1.125
step   700  t=   648.9s  E=-78.674458 ± 0.081939  var=26.7053  tau=0.01  Rhat=1.121
step   720  t=   665.4s  E=-78.394845 ± 0.088088  var=33.2047  tau=0.00  Rhat=1.117
step   740  t=   681.8s  E=-78.573376 ± 0.082497  var=26.9865  tau=0.02  Rhat=1.117
step   760  t=   698.3s  E=-78.620752 ± 0.080823  var=27.0915  tau=0.00  Rhat=1.120
step   780  t=   714.7s  E=-78.583622 ± 0.098521  var=38.4839  tau=0.02  Rhat=1.113
step   800  t=   731.2s  E=-78.689988 ± 0.085918  var=30.0694  tau=0.00  Rhat=1.122
step   820  t=   747.6s  E=-78.706671 ± 0.081768  var=26.1988  tau=0.02  Rhat=1.125
step   840  t=   764.1s  E=-78.757106 ± 0.080970  var=26.9668  tau=0.00  Rhat=1.109
step   860  t=   780.5s  E=-78.864738 ± 0.080596  var=27.9730  tau=0.00  Rhat=1.115
step   880  t=   797.0s  E=-78.793114 ± 0.075607  var=25.1847  tau=0.00  Rhat=1.117
step   900  t=   813.5s  E=-78.843476 ± 0.081775  var=27.1984  tau=0.00  Rhat=1.123
step   920  t=   829.9s  E=-78.725024 ± 0.079476  var=25.3762  tau=0.01  Rhat=1.121
step   940  t=   846.3s  E=-78.854212 ± 0.087762  var=29.6926  tau=0.03  Rhat=1.126
step   960  t=   862.8s  E=-78.800540 ± 0.089349  var=29.6900  tau=0.05  Rhat=1.131
step   980  t=   879.3s  E=-78.980278 ± 0.069354  var=21.2250  tau=0.00  Rhat=1.109
step  1000  t=   895.7s  E=-78.901458 ± 0.078768  var=27.0679  tau=0.00  Rhat=1.115
step  1020  t=   912.2s  E=-78.909896 ± 0.074969  var=23.7094  tau=0.00  Rhat=1.122
step  1040  t=   928.6s  E=-78.975755 ± 0.079783  var=25.3078  tau=0.02  Rhat=1.129
step  1060  t=   945.1s  E=-78.883657 ± 0.076153  var=24.6642  tau=0.00  Rhat=1.110
step  1080  t=   961.5s  E=-79.037647 ± 0.078209  var=26.0719  tau=0.00  Rhat=1.126
step  1100  t=   978.0s  E=-79.054921 ± 0.071237  var=21.5114  tau=0.00  Rhat=1.110
step  1120  t=   994.4s  E=-78.997786 ± 0.081855  var=28.0496  tau=0.00  Rhat=1.110
step  1140  t=  1010.9s  E=-79.126794 ± 0.067701  var=18.6797  tau=0.00  Rhat=1.119
step  1160  t=  1027.3s  E=-79.012288 ± 0.078149  var=25.1747  tau=0.00  Rhat=1.115
step  1180  t=  1043.8s  E=-79.107014 ± 0.081365  var=27.4422  tau=0.00  Rhat=1.123
step  1200  t=  1060.2s  E=-79.016999 ± 0.078976  var=24.5808  tau=0.02  Rhat=1.125
step  1220  t=  1076.7s  E=-79.141331 ± 0.121945  var=61.5950  tau=0.00  Rhat=1.119
step  1240  t=  1093.2s  E=-79.007763 ± 0.079894  var=24.8329  tau=0.03  Rhat=1.128
step  1260  t=  1109.6s  E=-79.088757 ± 0.080826  var=25.6011  tau=0.02  Rhat=1.121
step  1280  t=  1126.1s  E=-79.126605 ± 0.092127  var=33.3683  tau=0.02  Rhat=1.120
step  1300  t=  1142.5s  E=-79.133185 ± 0.072921  var=20.4700  tau=0.03  Rhat=1.120
step  1320  t=  1159.0s  E=-79.056738 ± 0.083201  var=27.7527  tau=0.01  Rhat=1.117
step  1340  t=  1175.4s  E=-79.226204 ± 0.082750  var=28.7774  tau=0.00  Rhat=1.121
step  1360  t=  1191.9s  E=-79.135292 ± 0.071877  var=21.4153  tau=0.00  Rhat=1.117
step  1380  t=  1208.3s  E=-79.111250 ± 0.072000  var=20.5404  tau=0.02  Rhat=1.123
step  1400  t=  1224.8s  E=-79.238374 ± 0.076396  var=24.6688  tau=0.00  Rhat=1.114
step  1420  t=  1241.3s  E=-79.243841 ± 0.066750  var=17.9486  tau=0.01  Rhat=1.123
step  1440  t=  1257.7s  E=-79.171569 ± 0.079633  var=24.7965  tau=0.02  Rhat=1.122
step  1460  t=  1274.2s  E=-79.262939 ± 0.075198  var=21.9710  tau=0.03  Rhat=1.120
step  1480  t=  1290.6s  E=-79.283441 ± 0.070917  var=21.9115  tau=0.00  Rhat=1.116
step  1500  t=  1307.1s  E=-79.285234 ± 0.076885  var=25.4387  tau=0.00  Rhat=1.107
step  1520  t=  1323.6s  E=-79.274326 ± 0.089538  var=29.7726  tau=0.05  Rhat=1.128
step  1540  t=  1340.0s  E=-79.341604 ± 0.069556  var=19.4542  tau=0.01  Rhat=1.125
step  1560  t=  1356.5s  E=-79.354125 ± 0.067377  var=18.1533  tau=0.01  Rhat=1.119
step  1580  t=  1372.9s  E=-79.324899 ± 0.082932  var=28.0043  tau=0.00  Rhat=1.121
step  1600  t=  1389.4s  E=-79.215093 ± 0.073362  var=21.1582  tau=0.02  Rhat=1.122
step  1620  t=  1405.9s  E=-79.231229 ± 0.066891  var=18.8205  tau=0.00  Rhat=1.111
step  1640  t=  1422.3s  E=-79.227099 ± 0.079888  var=23.4798  tau=0.06  Rhat=1.124
step  1660  t=  1438.8s  E=-79.299650 ± 0.081053  var=26.6441  tau=0.00  Rhat=1.116
step  1680  t=  1455.2s  E=-79.272978 ± 0.082677  var=26.1636  tau=0.04  Rhat=1.124
step  1700  t=  1471.7s  E=-79.437226 ± 0.063575  var=16.3906  tau=0.01  Rhat=1.115
step  1720  t=  1488.1s  E=-79.381898 ± 0.077617  var=24.2368  tau=0.01  Rhat=1.111
step  1740  t=  1504.6s  E=-79.260297 ± 0.079894  var=27.6065  tau=0.00  Rhat=1.118
step  1760  t=  1521.0s  E=-79.322508 ± 0.081150  var=24.9342  tau=0.04  Rhat=1.123
step  1780  t=  1537.5s  E=-79.520987 ± 0.069174  var=19.8005  tau=0.00  Rhat=1.115
step  1800  t=  1553.9s  E=-79.640162 ± 0.069625  var=21.4241  tau=0.00  Rhat=1.119
step  1820  t=  1570.4s  E=-79.597550 ± 0.074371  var=21.7657  tau=0.02  Rhat=1.120
step  1840  t=  1586.9s  E=-79.615970 ± 0.066973  var=19.0437  tau=0.00  Rhat=1.110
step  1860  t=  1603.3s  E=-79.693843 ± 0.068222  var=18.3425  tau=0.02  Rhat=1.120
step  1880  t=  1619.8s  E=-79.766892 ± 0.063981  var=16.3643  tau=0.01  Rhat=1.123
step  1900  t=  1636.2s  E=-79.804500 ± 0.069680  var=20.1879  tau=0.00  Rhat=1.124
step  1920  t=  1652.7s  E=-79.726158 ± 0.067573  var=19.1093  tau=0.00  Rhat=1.112
step  1940  t=  1669.1s  E=-79.831708 ± 0.066113  var=17.7408  tau=0.00  Rhat=1.118
step  1960  t=  1685.6s  E=-79.731234 ± 0.069002  var=18.3872  tau=0.03  Rhat=1.127
step  1980  t=  1702.0s  E=-79.810825 ± 0.060935  var=15.3853  tau=0.00  Rhat=1.119
FINAL gcnn Heisenberg/triangular_36_P: E = -79.827306 ± 0.011531 (Pauli, total), E/N = -0.5543563 S.S, var 16.9998, tau 0.01, Rhat 1.004; wall 00:28:55 on 1 x NVIDIA A100 80GB PCIe; 7232 parameters, 2000 steps x 4096 samples
DONE gcnn-tri-36 2026-09-24T15:35:51Z
