WARNING : /cluster/home/tzerweck/agent-runs/envs/nqs-2026/.venv/lib/python3.13/site-packages/tenpy/networks/mps.py:1629: UserWarning: unit_cell_width is a new argument for MPS and similar classes. It is optional for now, but will become mandatory in a future release. The default value (unit_cell_width=len(sites)) is correct, iff the lattice is a Chain. For other lattices, it is incorrect. It is used for dipolar charges and correlation_function2.
  super().__init__(sites, bc, unit_cell_width)

DMRG on Heisenberg/triangular_36_P: 36 sites, MPO bond dimension 41, 8 cores, chi ladder [500, 1000, 2000]
INFO    : TwoSiteDMRGEngine: subconfig 'trunc_params'=Config(<2 options>, 'trunc_params')
INFO    : TwoSiteDMRGEngine: reading 'combine'=True
INFO    : TwoSiteDMRGEngine: reading 'mixer'=True
INFO    : activate DensityMatrixMixer with initial amplitude 1e-05
INFO    : TwoSiteDMRGEngine: reading 'max_sweeps'=20
INFO    : Running sweep with optimization
INFO    : trunc_params: reading 'chi_max'=500
INFO    : trunc_params: reading 'svd_min'=1e-10
INFO    : checkpoint after sweep 1
energy=-18.5733065688012644, max S=1.6456949465680872, age=36, norm_err=5.9e-01
Current memory usage 571.1MB, wall time: 258.0s
Delta E = nan, Delta S = 1.2844e+00 (per sweep)
max trunc_err = 3.5395e-07, max E_trunc = 3.0201e-08
chi: [2, 4, 8, 16, 30, 54, 76, 96, 116, 146, 162, 184, 200, 214, 226, 234, 240, 246, 234, 224, 228, 232, 230, 244, 226, 216, 220, 217, 127, 64, 32, 16, 8, 4, 2]
================================================================================
INFO    : Running sweep with optimization
INFO    : checkpoint after sweep 2
energy=-18.9454452260181441, max S=3.3044916625496441, age=36, norm_err=1.9e-01
Current memory usage 826.6MB, wall time: 588.2s
Delta E = -3.7214e-01, Delta S = 1.1918e+00 (per sweep)
max trunc_err = 6.3706e-04, max E_trunc = 2.2817e-03
chi: [2, 4, 8, 16, 32, 64, 128, 256, 500, 500, 500, 500, 500, 500, 500, 500, 500, 500, 500, 500, 500, 500, 500, 500, 500, 500, 500, 256, 128, 64, 32, 16, 8, 4, 2]
================================================================================
INFO    : Running sweep with optimization
INFO    : checkpoint after sweep 3
energy=-19.7760665633162134, max S=3.6740065778634858, age=36, norm_err=1.2e-02
Current memory usage 830.5MB, wall time: 294.1s
Delta E = -8.3062e-01, Delta S = 5.3371e-01 (per sweep)
max trunc_err = 1.1120e-03, max E_trunc = 4.1777e-03
chi: [2, 4, 8, 16, 32, 64, 128, 256, 500, 500, 500, 500, 500, 500, 500, 500, 500, 500, 500, 500, 500, 500, 500, 500, 500, 500, 500, 256, 128, 64, 32, 16, 8, 4, 2]
================================================================================
INFO    : Running sweep with optimization
INFO    : checkpoint after sweep 4
energy=-19.7996633709878793, max S=3.7542997185599964, age=36, norm_err=9.9e-04
Current memory usage 837.9MB, wall time: 180.7s
Delta E = -2.3597e-02, Delta S = 6.4178e-02 (per sweep)
max trunc_err = 1.2311e-03, max E_trunc = 4.7547e-03
chi: [2, 4, 8, 16, 32, 64, 128, 256, 500, 500, 500, 500, 500, 500, 500, 500, 500, 500, 500, 500, 500, 500, 500, 500, 500, 500, 500, 256, 128, 64, 32, 16, 8, 4, 2]
================================================================================
INFO    : Running sweep with optimization
INFO    : checkpoint after sweep 5
energy=-19.8021292508241622, max S=3.7599400583671403, age=36, norm_err=5.3e-04
Current memory usage 849.0MB, wall time: 191.7s
Delta E = -2.4659e-03, Delta S = 7.3315e-03 (per sweep)
max trunc_err = 1.2159e-03, max E_trunc = 4.8291e-03
chi: [2, 4, 8, 16, 32, 64, 128, 256, 500, 500, 500, 500, 500, 500, 500, 500, 500, 500, 500, 500, 500, 500, 500, 500, 500, 500, 500, 256, 128, 64, 32, 16, 8, 4, 2]
================================================================================
INFO    : TwoSiteDMRGEngine: reading 'max_E_err'=1e-08
INFO    : Running sweep with optimization
INFO    : checkpoint after sweep 6
energy=-19.8026990554225542, max S=3.7607850421432882, age=36, norm_err=7.0e-04
Current memory usage 854.0MB, wall time: 161.9s
Delta E = -5.6980e-04, Delta S = 1.7468e-03 (per sweep)
max trunc_err = 1.2170e-03, max E_trunc = 4.8497e-03
chi: [2, 4, 8, 16, 32, 64, 128, 256, 500, 500, 500, 500, 500, 500, 500, 500, 500, 500, 500, 500, 500, 500, 500, 500, 500, 500, 500, 256, 128, 64, 32, 16, 8, 4, 2]
================================================================================
INFO    : Running sweep with optimization
INFO    : checkpoint after sweep 7
energy=-19.8028762285875857, max S=3.7612536914037662, age=36, norm_err=7.1e-04
Current memory usage 860.8MB, wall time: 153.0s
Delta E = -1.7717e-04, Delta S = 6.7844e-04 (per sweep)
max trunc_err = 1.2177e-03, max E_trunc = 4.8360e-03
chi: [2, 4, 8, 16, 32, 64, 128, 256, 500, 500, 500, 500, 500, 500, 500, 500, 500, 500, 500, 500, 500, 500, 500, 500, 500, 500, 500, 256, 128, 64, 32, 16, 8, 4, 2]
================================================================================
INFO    : Running sweep with optimization
INFO    : checkpoint after sweep 8
energy=-19.8029824606551088, max S=3.7614652807736815, age=36, norm_err=7.1e-04
Current memory usage 862.3MB, wall time: 176.3s
Delta E = -1.0623e-04, Delta S = 2.9806e-04 (per sweep)
max trunc_err = 1.2181e-03, max E_trunc = 4.8352e-03
chi: [2, 4, 8, 16, 32, 64, 128, 256, 500, 500, 500, 500, 500, 500, 500, 500, 500, 500, 500, 500, 500, 500, 500, 500, 500, 500, 500, 256, 128, 64, 32, 16, 8, 4, 2]
================================================================================
INFO    : Running sweep with optimization
INFO    : checkpoint after sweep 9
energy=-19.8030449066324721, max S=3.7615964206855992, age=36, norm_err=6.7e-04
Current memory usage 862.3MB, wall time: 178.5s
Delta E = -6.2446e-05, Delta S = 1.6039e-04 (per sweep)
max trunc_err = 1.2167e-03, max E_trunc = 4.8421e-03
chi: [2, 4, 8, 16, 32, 64, 128, 256, 500, 500, 500, 500, 500, 500, 500, 500, 500, 500, 500, 500, 500, 500, 500, 500, 500, 500, 500, 256, 128, 64, 32, 16, 8, 4, 2]
================================================================================
INFO    : Running sweep with optimization
INFO    : checkpoint after sweep 10
energy=-19.8030863272861168, max S=3.7617060876751518, age=36, norm_err=6.6e-04
Current memory usage 863.1MB, wall time: 171.8s
Delta E = -4.1421e-05, Delta S = 1.0839e-04 (per sweep)
max trunc_err = 1.2140e-03, max E_trunc = 4.8430e-03
chi: [2, 4, 8, 16, 32, 64, 128, 256, 500, 500, 500, 500, 500, 500, 500, 500, 500, 500, 500, 500, 500, 500, 500, 500, 500, 500, 500, 256, 128, 64, 32, 16, 8, 4, 2]
================================================================================
INFO    : Running sweep with optimization
INFO    : checkpoint after sweep 11
energy=-19.8030996865553952, max S=3.7618089305365019, age=36, norm_err=5.7e-04
Current memory usage 868.6MB, wall time: 157.3s
Delta E = -1.3359e-05, Delta S = 9.5968e-05 (per sweep)
max trunc_err = 1.2139e-03, max E_trunc = 4.8425e-03
chi: [2, 4, 8, 16, 32, 64, 128, 256, 500, 500, 500, 500, 500, 500, 500, 500, 500, 500, 500, 500, 500, 500, 500, 500, 500, 500, 500, 256, 128, 64, 32, 16, 8, 4, 2]
================================================================================
INFO    : Running sweep with optimization
INFO    : checkpoint after sweep 12
energy=-19.8031052402468859, max S=3.7618618346222279, age=36, norm_err=5.2e-04
Current memory usage 868.6MB, wall time: 204.1s
Delta E = -5.5537e-06, Delta S = 6.2389e-05 (per sweep)
max trunc_err = 1.2138e-03, max E_trunc = 4.8404e-03
chi: [2, 4, 8, 16, 32, 64, 128, 256, 500, 500, 500, 500, 500, 500, 500, 500, 500, 500, 500, 500, 500, 500, 500, 500, 500, 500, 500, 256, 128, 64, 32, 16, 8, 4, 2]
================================================================================
INFO    : Running sweep with optimization
INFO    : checkpoint after sweep 13
energy=-19.8031376121077614, max S=3.7618944719949252, age=36, norm_err=5.5e-04
Current memory usage 868.6MB, wall time: 179.8s
Delta E = -3.2372e-05, Delta S = 5.6203e-05 (per sweep)
max trunc_err = 1.2138e-03, max E_trunc = 4.8384e-03
chi: [2, 4, 8, 16, 32, 64, 128, 256, 500, 500, 500, 500, 500, 500, 500, 500, 500, 500, 500, 500, 500, 500, 500, 500, 500, 500, 500, 256, 128, 64, 32, 16, 8, 4, 2]
================================================================================
INFO    : Running sweep with optimization
INFO    : checkpoint after sweep 14
energy=-19.8031460317577128, max S=3.7619553877675562, age=36, norm_err=5.8e-04
Current memory usage 868.6MB, wall time: 163.1s
Delta E = -8.4196e-06, Delta S = 6.4727e-05 (per sweep)
max trunc_err = 1.2136e-03, max E_trunc = 4.8367e-03
chi: [2, 4, 8, 16, 32, 64, 128, 256, 500, 500, 500, 500, 500, 500, 500, 500, 500, 500, 500, 500, 500, 500, 500, 500, 500, 500, 500, 256, 128, 64, 32, 16, 8, 4, 2]
================================================================================
INFO    : Running sweep with optimization
INFO    : Disable mixer after 15 sweeps, final amplitude 3.0517578125e-10.
INFO    : deactivate DensityMatrixMixer with final amplitude 3.0517578125e-10
INFO    : checkpoint after sweep 15
energy=-19.8031493149199385, max S=3.7619979290100094, age=36, norm_err=5.3e-04
Current memory usage 868.6MB, wall time: 158.6s
Delta E = -3.2832e-06, Delta S = 4.7753e-05 (per sweep)
max trunc_err = 1.2133e-03, max E_trunc = 4.8348e-03
chi: [2, 4, 8, 16, 32, 64, 128, 256, 500, 500, 500, 500, 500, 500, 500, 500, 500, 500, 500, 500, 500, 500, 500, 500, 500, 500, 500, 256, 128, 64, 32, 16, 8, 4, 2]
================================================================================
INFO    : Running sweep with optimization
INFO    : checkpoint after sweep 16
energy=-19.8031521566871014, max S=3.7634274093106228, age=36, norm_err=4.8e-04
Current memory usage 868.6MB, wall time: 121.6s
Delta E = -2.8418e-06, Delta S = 6.1892e-04 (per sweep)
max trunc_err = 6.0650e-04, max E_trunc = 4.8336e-03
chi: [2, 4, 8, 16, 32, 64, 128, 256, 500, 500, 500, 500, 500, 500, 500, 500, 500, 500, 500, 500, 500, 500, 500, 500, 500, 500, 500, 256, 128, 64, 32, 16, 8, 4, 2]
================================================================================
INFO    : Running sweep with optimization
INFO    : checkpoint after sweep 17
energy=-19.8031541938441222, max S=3.7634676691248443, age=36, norm_err=4.5e-04
Current memory usage 868.6MB, wall time: 121.0s
Delta E = -2.0372e-06, Delta S = 3.1921e-05 (per sweep)
max trunc_err = 6.0636e-04, max E_trunc = 4.8330e-03
chi: [2, 4, 8, 16, 32, 64, 128, 256, 500, 500, 500, 500, 500, 500, 500, 500, 500, 500, 500, 500, 500, 500, 500, 500, 500, 500, 500, 256, 128, 64, 32, 16, 8, 4, 2]
================================================================================
INFO    : Running sweep with optimization
INFO    : checkpoint after sweep 18
energy=-19.8031564404062337, max S=3.7635080866615769, age=36, norm_err=4.1e-04
Current memory usage 868.6MB, wall time: 120.4s
Delta E = -2.2466e-06, Delta S = 2.8492e-05 (per sweep)
max trunc_err = 6.0625e-04, max E_trunc = 4.8326e-03
chi: [2, 4, 8, 16, 32, 64, 128, 256, 500, 500, 500, 500, 500, 500, 500, 500, 500, 500, 500, 500, 500, 500, 500, 500, 500, 500, 500, 256, 128, 64, 32, 16, 8, 4, 2]
================================================================================
INFO    : Running sweep with optimization
INFO    : checkpoint after sweep 19
energy=-19.8031589059430395, max S=3.7635483632525863, age=36, norm_err=3.8e-04
Current memory usage 868.6MB, wall time: 94.0s
Delta E = -2.4655e-06, Delta S = 2.6893e-05 (per sweep)
max trunc_err = 6.0617e-04, max E_trunc = 4.8325e-03
chi: [2, 4, 8, 16, 32, 64, 128, 256, 500, 500, 500, 500, 500, 500, 500, 500, 500, 500, 500, 500, 500, 500, 500, 500, 500, 500, 500, 256, 128, 64, 32, 16, 8, 4, 2]
================================================================================
INFO    : Running sweep with optimization
INFO    : checkpoint after sweep 20
energy=-19.8031738579285204, max S=3.7636039742317178, age=36, norm_err=3.4e-04
Current memory usage 868.6MB, wall time: 101.8s
Delta E = -1.4952e-05, Delta S = 3.4038e-05 (per sweep)
max trunc_err = 6.0610e-04, max E_trunc = 4.8321e-03
chi: [2, 4, 8, 16, 32, 64, 128, 256, 500, 500, 500, 500, 500, 500, 500, 500, 500, 500, 500, 500, 500, 500, 500, 500, 500, 500, 500, 256, 128, 64, 32, 16, 8, 4, 2]
================================================================================
INFO    : Running sweep with optimization
INFO    : checkpoint after sweep 21
energy=-19.8031820842524269, max S=3.7636482302439931, age=36, norm_err=3.2e-04
Current memory usage 868.6MB, wall time: 97.0s
Delta E = -8.2263e-06, Delta S = 3.3503e-05 (per sweep)
max trunc_err = 6.0599e-04, max E_trunc = 4.8309e-03
chi: [2, 4, 8, 16, 32, 64, 128, 256, 500, 500, 500, 500, 500, 500, 500, 500, 500, 500, 500, 500, 500, 500, 500, 500, 500, 500, 500, 256, 128, 64, 32, 16, 8, 4, 2]
================================================================================
INFO    : TwoSiteDMRGEngine: Maximum number of sweeps reached
WARNING : final DMRG state not in canonical form up to norm_tol=1.00e-05: norm_err=3.20e-04
INFO    : TwoSiteDMRGEngine finished after 21 sweeps, max chi=500
INFO    : TwoSiteDMRGEngine: reading 'max_trunc_err'=1.0
RUNG chi=500: E = -79.212728 (Pauli, total), E/N = -0.5500884 S.S, sweeps 21, max trunc err 0.0006059899555905547, wall 01:04:58 = 8.66 core-h
INFO    : activate DensityMatrixMixer with initial amplitude 1e-05
INFO    : Running sweep with optimization
INFO    : checkpoint after sweep 1
energy=-19.8034657692180751, max S=3.7614646558927887, age=36, norm_err=9.2e-04
Current memory usage 868.6MB, wall time: 385.0s
Delta E = nan, Delta S = -1.0315e-03 (per sweep)
max trunc_err = 1.3631e-03, max E_trunc = 5.2110e-03
chi: [2, 4, 8, 16, 32, 64, 128, 256, 500, 500, 500, 500, 500, 500, 500, 500, 500, 500, 500, 500, 500, 500, 500, 500, 500, 500, 500, 256, 128, 64, 32, 16, 8, 4, 2]
================================================================================
INFO    : Running sweep with optimization
INFO    : checkpoint after sweep 2
energy=-19.8034614270993359, max S=3.7625702978363504, age=36, norm_err=1.5e-04
Current memory usage 871.4MB, wall time: 127.3s
Delta E = 4.3421e-06, Delta S = 7.2907e-04 (per sweep)
max trunc_err = 1.2209e-03, max E_trunc = 4.8096e-03
chi: [2, 4, 8, 16, 32, 64, 128, 256, 500, 500, 500, 500, 500, 500, 500, 500, 500, 500, 500, 500, 500, 500, 500, 500, 500, 500, 500, 256, 128, 64, 32, 16, 8, 4, 2]
================================================================================
INFO    : Running sweep with optimization
INFO    : checkpoint after sweep 3
energy=-19.8034293420011949, max S=3.7626716194818339, age=36, norm_err=1.5e-04
Current memory usage 871.4MB, wall time: 163.8s
Delta E = 3.2085e-05, Delta S = 4.3661e-05 (per sweep)
max trunc_err = 1.2200e-03, max E_trunc = 4.8120e-03
chi: [2, 4, 8, 16, 32, 64, 128, 256, 500, 500, 500, 500, 500, 500, 500, 500, 500, 500, 500, 500, 500, 500, 500, 500, 500, 500, 500, 256, 128, 64, 32, 16, 8, 4, 2]
================================================================================
INFO    : Running sweep with optimization
INFO    : checkpoint after sweep 4
energy=-19.8034051562903741, max S=3.7627310352823709, age=36, norm_err=1.6e-04
Current memory usage 871.4MB, wall time: 240.8s
Delta E = 2.4186e-05, Delta S = 1.8789e-05 (per sweep)
max trunc_err = 1.2188e-03, max E_trunc = 4.8115e-03
chi: [2, 4, 8, 16, 32, 64, 128, 256, 500, 500, 500, 500, 500, 500, 500, 500, 500, 500, 500, 500, 500, 500, 500, 500, 500, 500, 500, 256, 128, 64, 32, 16, 8, 4, 2]
================================================================================
INFO    : Running sweep with optimization
INFO    : checkpoint after sweep 5
energy=-19.8033878333624784, max S=3.7627777879814959, age=36, norm_err=1.6e-04
Current memory usage 871.4MB, wall time: 179.0s
Delta E = 1.7323e-05, Delta S = 1.3704e-05 (per sweep)
max trunc_err = 1.2176e-03, max E_trunc = 4.8097e-03
chi: [2, 4, 8, 16, 32, 64, 128, 256, 500, 500, 500, 500, 500, 500, 500, 500, 500, 500, 500, 500, 500, 500, 500, 500, 500, 500, 500, 256, 128, 64, 32, 16, 8, 4, 2]
================================================================================
INFO    : Running sweep with optimization
INFO    : checkpoint after sweep 6
energy=-19.8033749298378190, max S=3.7628244718714745, age=36, norm_err=1.7e-04
Current memory usage 871.4MB, wall time: 152.0s
Delta E = 1.2904e-05, Delta S = 1.1817e-05 (per sweep)
max trunc_err = 1.2165e-03, max E_trunc = 4.8078e-03
chi: [2, 4, 8, 16, 32, 64, 128, 256, 500, 500, 500, 500, 500, 500, 500, 500, 500, 500, 500, 500, 500, 500, 500, 500, 500, 500, 500, 256, 128, 64, 32, 16, 8, 4, 2]
================================================================================
INFO    : Running sweep with optimization
INFO    : checkpoint after sweep 7
energy=-19.8033651962799091, max S=3.7628758412461427, age=36, norm_err=1.9e-04
Current memory usage 871.4MB, wall time: 176.9s
Delta E = 9.7336e-06, Delta S = 1.1545e-05 (per sweep)
max trunc_err = 1.2158e-03, max E_trunc = 4.8064e-03
chi: [2, 4, 8, 16, 32, 64, 128, 256, 500, 500, 500, 500, 500, 500, 500, 500, 500, 500, 500, 500, 500, 500, 500, 500, 500, 500, 500, 256, 128, 64, 32, 16, 8, 4, 2]
================================================================================
INFO    : Running sweep with optimization
INFO    : checkpoint after sweep 8
energy=-19.8033574275564170, max S=3.7629315663027771, age=36, norm_err=2.0e-04
Current memory usage 871.4MB, wall time: 184.9s
Delta E = 7.7687e-06, Delta S = 1.1611e-05 (per sweep)
max trunc_err = 1.2153e-03, max E_trunc = 4.8054e-03
chi: [2, 4, 8, 16, 32, 64, 128, 256, 500, 500, 500, 500, 500, 500, 500, 500, 500, 500, 500, 500, 500, 500, 500, 500, 500, 500, 500, 256, 128, 64, 32, 16, 8, 4, 2]
================================================================================
INFO    : Running sweep with optimization
INFO    : checkpoint after sweep 9
energy=-19.8033506518412104, max S=3.7629893640107639, age=36, norm_err=2.1e-04
Current memory usage 871.4MB, wall time: 156.4s
Delta E = 6.7757e-06, Delta S = 1.1048e-05 (per sweep)
max trunc_err = 1.2151e-03, max E_trunc = 4.8048e-03
chi: [2, 4, 8, 16, 32, 64, 128, 256, 500, 500, 500, 500, 500, 500, 500, 500, 500, 500, 500, 500, 500, 500, 500, 500, 500, 500, 500, 256, 128, 64, 32, 16, 8, 4, 2]
================================================================================
INFO    : Running sweep with optimization
INFO    : checkpoint after sweep 10
energy=-19.8033443514259382, max S=3.7630465857666464, age=36, norm_err=2.3e-04
Current memory usage 871.4MB, wall time: 213.0s
Delta E = 6.3004e-06, Delta S = 9.7047e-06 (per sweep)
max trunc_err = 1.2149e-03, max E_trunc = 4.8045e-03
chi: [2, 4, 8, 16, 32, 64, 128, 256, 500, 500, 500, 500, 500, 500, 500, 500, 500, 500, 500, 500, 500, 500, 500, 500, 500, 500, 500, 256, 128, 64, 32, 16, 8, 4, 2]
================================================================================
INFO    : Running sweep with optimization
INFO    : checkpoint after sweep 11
energy=-19.8033383830392999, max S=3.7631010437224770, age=36, norm_err=2.4e-04
Current memory usage 871.4MB, wall time: 173.5s
Delta E = 5.9684e-06, Delta S = 7.7867e-06 (per sweep)
max trunc_err = 1.2149e-03, max E_trunc = 4.8045e-03
chi: [2, 4, 8, 16, 32, 64, 128, 256, 500, 500, 500, 500, 500, 500, 500, 500, 500, 500, 500, 500, 500, 500, 500, 500, 500, 500, 500, 256, 128, 64, 32, 16, 8, 4, 2]
================================================================================
INFO    : Running sweep with optimization
INFO    : checkpoint after sweep 12
energy=-19.8033331033505142, max S=3.7631518183655737, age=36, norm_err=2.4e-04
Current memory usage 871.4MB, wall time: 188.9s
Delta E = 5.2797e-06, Delta S = 5.8099e-06 (per sweep)
max trunc_err = 1.2149e-03, max E_trunc = 4.8045e-03
chi: [2, 4, 8, 16, 32, 64, 128, 256, 500, 500, 500, 500, 500, 500, 500, 500, 500, 500, 500, 500, 500, 500, 500, 500, 500, 500, 500, 256, 128, 64, 32, 16, 8, 4, 2]
================================================================================
INFO    : Running sweep with optimization
INFO    : checkpoint after sweep 13
energy=-19.8033289742420457, max S=3.7631991077229410, age=36, norm_err=2.4e-04
Current memory usage 871.4MB, wall time: 159.0s
Delta E = 4.1291e-06, Delta S = 4.4674e-06 (per sweep)
max trunc_err = 1.2149e-03, max E_trunc = 4.8046e-03
chi: [2, 4, 8, 16, 32, 64, 128, 256, 500, 500, 500, 500, 500, 500, 500, 500, 500, 500, 500, 500, 500, 500, 500, 500, 500, 500, 500, 256, 128, 64, 32, 16, 8, 4, 2]
================================================================================
INFO    : Running sweep with optimization
INFO    : checkpoint after sweep 14
energy=-19.8033258011195699, max S=3.7632428651801035, age=36, norm_err=2.3e-04
Current memory usage 871.4MB, wall time: 188.1s
Delta E = 3.1731e-06, Delta S = 3.6795e-06 (per sweep)
max trunc_err = 1.2149e-03, max E_trunc = 4.8047e-03
chi: [2, 4, 8, 16, 32, 64, 128, 256, 500, 500, 500, 500, 500, 500, 500, 500, 500, 500, 500, 500, 500, 500, 500, 500, 500, 500, 500, 256, 128, 64, 32, 16, 8, 4, 2]
================================================================================
INFO    : Running sweep with optimization
INFO    : Disable mixer after 15 sweeps, final amplitude 3.0517578125e-10.
INFO    : deactivate DensityMatrixMixer with final amplitude 3.0517578125e-10
INFO    : checkpoint after sweep 15
energy=-19.8033258586836141, max S=3.7632841143201579, age=36, norm_err=2.2e-04
Current memory usage 871.4MB, wall time: 159.3s
Delta E = -5.7564e-08, Delta S = -3.4966e-06 (per sweep)
max trunc_err = 1.2150e-03, max E_trunc = 4.8050e-03
chi: [2, 4, 8, 16, 32, 64, 128, 256, 500, 500, 500, 500, 500, 500, 500, 500, 500, 500, 500, 500, 500, 500, 500, 500, 500, 500, 500, 256, 128, 64, 32, 16, 8, 4, 2]
================================================================================
INFO    : Running sweep with optimization
INFO    : checkpoint after sweep 16
energy=-19.8033232400643868, max S=3.7646771651765460, age=36, norm_err=2.2e-04
Current memory usage 871.4MB, wall time: 92.1s
Delta E = 2.6186e-06, Delta S = 5.8280e-04 (per sweep)
max trunc_err = 6.0750e-04, max E_trunc = 4.8051e-03
chi: [2, 4, 8, 16, 32, 64, 128, 256, 500, 500, 500, 500, 500, 500, 500, 500, 500, 500, 500, 500, 500, 500, 500, 500, 500, 500, 500, 256, 128, 64, 32, 16, 8, 4, 2]
================================================================================
INFO    : Running sweep with optimization
INFO    : checkpoint after sweep 17
energy=-19.8033206245753775, max S=3.7647107494959231, age=36, norm_err=2.2e-04
Current memory usage 871.4MB, wall time: 86.1s
Delta E = 2.6155e-06, Delta S = 4.7452e-06 (per sweep)
max trunc_err = 6.0750e-04, max E_trunc = 4.8051e-03
chi: [2, 4, 8, 16, 32, 64, 128, 256, 500, 500, 500, 500, 500, 500, 500, 500, 500, 500, 500, 500, 500, 500, 500, 500, 500, 500, 500, 256, 128, 64, 32, 16, 8, 4, 2]
================================================================================
INFO    : Running sweep with optimization
INFO    : checkpoint after sweep 18
energy=-19.8033179485640538, max S=3.7647411943455849, age=36, norm_err=2.1e-04
Current memory usage 871.4MB, wall time: 78.0s
Delta E = 2.6760e-06, Delta S = 4.7059e-06 (per sweep)
max trunc_err = 6.0749e-04, max E_trunc = 4.8051e-03
chi: [2, 4, 8, 16, 32, 64, 128, 256, 500, 500, 500, 500, 500, 500, 500, 500, 500, 500, 500, 500, 500, 500, 500, 500, 500, 500, 500, 256, 128, 64, 32, 16, 8, 4, 2]
================================================================================
INFO    : Running sweep with optimization
INFO    : checkpoint after sweep 19
energy=-19.8033156277522124, max S=3.7647690997302465, age=36, norm_err=2.0e-04
Current memory usage 871.4MB, wall time: 88.9s
Delta E = 2.3208e-06, Delta S = 4.5047e-06 (per sweep)
max trunc_err = 6.0747e-04, max E_trunc = 4.8049e-03
chi: [2, 4, 8, 16, 32, 64, 128, 256, 500, 500, 500, 500, 500, 500, 500, 500, 500, 500, 500, 500, 500, 500, 500, 500, 500, 500, 500, 256, 128, 64, 32, 16, 8, 4, 2]
================================================================================
INFO    : Running sweep with optimization
INFO    : checkpoint after sweep 20
energy=-19.8033137637638426, max S=3.7647949867504020, age=36, norm_err=2.0e-04
Current memory usage 871.4MB, wall time: 82.1s
Delta E = 1.8640e-06, Delta S = 3.3123e-06 (per sweep)
max trunc_err = 6.0745e-04, max E_trunc = 4.8047e-03
chi: [2, 4, 8, 16, 32, 64, 128, 256, 500, 500, 500, 500, 500, 500, 500, 500, 500, 500, 500, 500, 500, 500, 500, 500, 500, 500, 500, 256, 128, 64, 32, 16, 8, 4, 2]
================================================================================
INFO    : Running sweep with optimization
INFO    : checkpoint after sweep 21
energy=-19.8033160454836619, max S=3.7648185953601381, age=36, norm_err=2.0e-04
Current memory usage 871.4MB, wall time: 138.0s
Delta E = -2.2817e-06, Delta S = 4.5417e-06 (per sweep)
max trunc_err = 6.0752e-04, max E_trunc = 4.8046e-03
chi: [2, 4, 8, 16, 32, 64, 128, 256, 500, 500, 500, 500, 500, 500, 500, 500, 500, 500, 500, 500, 500, 500, 500, 500, 500, 500, 500, 256, 128, 64, 32, 16, 8, 4, 2]
================================================================================
INFO    : TwoSiteDMRGEngine: Maximum number of sweeps reached
WARNING : final DMRG state not in canonical form up to norm_tol=1.00e-05: norm_err=2.05e-04
INFO    : TwoSiteDMRGEngine finished after 21 sweeps, max chi=500
RUNG chi=1000: E = -79.213264 (Pauli, total), E/N = -0.5500921 S.S, sweeps 21, max trunc err 0.0006075247244735728, wall 02:02:06 = 16.28 core-h
INFO    : activate DensityMatrixMixer with initial amplitude 1e-05
INFO    : Running sweep with optimization
INFO    : checkpoint after sweep 1
energy=-19.8035331731653592, max S=3.7627346632880960, age=36, norm_err=1.1e-03
Current memory usage 871.4MB, wall time: 387.2s
Delta E = nan, Delta S = -1.1736e-03 (per sweep)
max trunc_err = 1.3521e-03, max E_trunc = 5.1755e-03
chi: [2, 4, 8, 16, 32, 64, 128, 256, 500, 500, 500, 500, 500, 500, 500, 500, 500, 500, 500, 500, 500, 500, 500, 500, 500, 500, 500, 256, 128, 64, 32, 16, 8, 4, 2]
================================================================================
INFO    : Running sweep with optimization
INFO    : checkpoint after sweep 2
energy=-19.8035388077550287, max S=3.7637267723650218, age=36, norm_err=1.3e-04
Current memory usage 871.4MB, wall time: 172.2s
Delta E = -5.6346e-06, Delta S = 7.4322e-04 (per sweep)
max trunc_err = 1.2194e-03, max E_trunc = 4.7959e-03
chi: [2, 4, 8, 16, 32, 64, 128, 256, 500, 500, 500, 500, 500, 500, 500, 500, 500, 500, 500, 500, 500, 500, 500, 500, 500, 500, 500, 256, 128, 64, 32, 16, 8, 4, 2]
================================================================================
INFO    : Running sweep with optimization
INFO    : checkpoint after sweep 3
energy=-19.8034931492280641, max S=3.7637393262189267, age=36, norm_err=1.1e-04
Current memory usage 871.4MB, wall time: 179.6s
Delta E = 4.5659e-05, Delta S = -7.3815e-08 (per sweep)
max trunc_err = 1.2191e-03, max E_trunc = 4.8005e-03
chi: [2, 4, 8, 16, 32, 64, 128, 256, 500, 500, 500, 500, 500, 500, 500, 500, 500, 500, 500, 500, 500, 500, 500, 500, 500, 500, 500, 256, 128, 64, 32, 16, 8, 4, 2]
================================================================================
INFO    : Running sweep with optimization
INFO    : checkpoint after sweep 4
energy=-19.8034676542692480, max S=3.7637515540183393, age=36, norm_err=1.1e-04
Current memory usage 871.4MB, wall time: 185.4s
Delta E = 2.5495e-05, Delta S = -3.4911e-06 (per sweep)
max trunc_err = 1.2185e-03, max E_trunc = 4.8015e-03
chi: [2, 4, 8, 16, 32, 64, 128, 256, 500, 500, 500, 500, 500, 500, 500, 500, 500, 500, 500, 500, 500, 500, 500, 500, 500, 500, 500, 256, 128, 64, 32, 16, 8, 4, 2]
================================================================================
INFO    : Running sweep with optimization
INFO    : checkpoint after sweep 5
energy=-19.8034485987436888, max S=3.7637638183011983, age=36, norm_err=1.2e-04
Current memory usage 871.4MB, wall time: 190.2s
Delta E = 1.9056e-05, Delta S = -2.3744e-06 (per sweep)
max trunc_err = 1.2180e-03, max E_trunc = 4.8016e-03
chi: [2, 4, 8, 16, 32, 64, 128, 256, 500, 500, 500, 500, 500, 500, 500, 500, 500, 500, 500, 500, 500, 500, 500, 500, 500, 500, 500, 256, 128, 64, 32, 16, 8, 4, 2]
================================================================================
INFO    : Running sweep with optimization
INFO    : checkpoint after sweep 6
energy=-19.8034327766507658, max S=3.7637772585607148, age=36, norm_err=1.2e-04
Current memory usage 871.4MB, wall time: 186.9s
Delta E = 1.5822e-05, Delta S = -8.5921e-06 (per sweep)
max trunc_err = 1.2176e-03, max E_trunc = 4.8013e-03
chi: [2, 4, 8, 16, 32, 64, 128, 256, 500, 500, 500, 500, 500, 500, 500, 500, 500, 500, 500, 500, 500, 500, 500, 500, 500, 500, 500, 256, 128, 64, 32, 16, 8, 4, 2]
================================================================================
INFO    : Running sweep with optimization
INFO    : checkpoint after sweep 7
energy=-19.8034196375815128, max S=3.7637914670284416, age=36, norm_err=1.2e-04
Current memory usage 871.4MB, wall time: 175.1s
Delta E = 1.3139e-05, Delta S = -1.1468e-05 (per sweep)
max trunc_err = 1.2172e-03, max E_trunc = 4.8008e-03
chi: [2, 4, 8, 16, 32, 64, 128, 256, 500, 500, 500, 500, 500, 500, 500, 500, 500, 500, 500, 500, 500, 500, 500, 500, 500, 500, 500, 256, 128, 64, 32, 16, 8, 4, 2]
================================================================================
INFO    : Running sweep with optimization
INFO    : checkpoint after sweep 8
energy=-19.8034097779612743, max S=3.7638079249457852, age=36, norm_err=1.2e-04
Current memory usage 871.4MB, wall time: 189.2s
Delta E = 9.8596e-06, Delta S = -1.1141e-05 (per sweep)
max trunc_err = 1.2168e-03, max E_trunc = 4.8003e-03
chi: [2, 4, 8, 16, 32, 64, 128, 256, 500, 500, 500, 500, 500, 500, 500, 500, 500, 500, 500, 500, 500, 500, 500, 500, 500, 500, 500, 256, 128, 64, 32, 16, 8, 4, 2]
================================================================================
INFO    : Running sweep with optimization
INFO    : checkpoint after sweep 9
energy=-19.8034026139940096, max S=3.7638256535186736, age=36, norm_err=1.1e-04
Current memory usage 871.4MB, wall time: 238.2s
Delta E = 7.1640e-06, Delta S = -9.6770e-06 (per sweep)
max trunc_err = 1.2165e-03, max E_trunc = 4.7998e-03
chi: [2, 4, 8, 16, 32, 64, 128, 256, 500, 500, 500, 500, 500, 500, 500, 500, 500, 500, 500, 500, 500, 500, 500, 500, 500, 500, 500, 256, 128, 64, 32, 16, 8, 4, 2]
================================================================================
INFO    : Running sweep with optimization
INFO    : checkpoint after sweep 10
energy=-19.8033970097203600, max S=3.7638429462722578, age=36, norm_err=1.1e-04
Current memory usage 871.4MB, wall time: 179.5s
Delta E = 5.6043e-06, Delta S = -7.4188e-06 (per sweep)
max trunc_err = 1.2162e-03, max E_trunc = 4.7995e-03
chi: [2, 4, 8, 16, 32, 64, 128, 256, 500, 500, 500, 500, 500, 500, 500, 500, 500, 500, 500, 500, 500, 500, 500, 500, 500, 500, 500, 256, 128, 64, 32, 16, 8, 4, 2]
================================================================================
INFO    : Running sweep with optimization
INFO    : checkpoint after sweep 11
energy=-19.8033937080233713, max S=3.7638558473859347, age=36, norm_err=1.0e-04
Current memory usage 871.4MB, wall time: 179.9s
Delta E = 3.3017e-06, Delta S = -1.0380e-05 (per sweep)
max trunc_err = 1.2160e-03, max E_trunc = 4.7994e-03
chi: [2, 4, 8, 16, 32, 64, 128, 256, 500, 500, 500, 500, 500, 500, 500, 500, 500, 500, 500, 500, 500, 500, 500, 500, 500, 500, 500, 256, 128, 64, 32, 16, 8, 4, 2]
================================================================================
INFO    : Running sweep with optimization
INFO    : checkpoint after sweep 12
energy=-19.8033899046964024, max S=3.7638700466601245, age=36, norm_err=9.8e-05
Current memory usage 871.4MB, wall time: 187.1s
Delta E = 3.8033e-06, Delta S = -7.3785e-06 (per sweep)
max trunc_err = 1.2159e-03, max E_trunc = 4.7993e-03
chi: [2, 4, 8, 16, 32, 64, 128, 256, 500, 500, 500, 500, 500, 500, 500, 500, 500, 500, 500, 500, 500, 500, 500, 500, 500, 500, 500, 256, 128, 64, 32, 16, 8, 4, 2]
================================================================================
INFO    : Running sweep with optimization
INFO    : checkpoint after sweep 13
energy=-19.8033907209188555, max S=3.7639113433758200, age=36, norm_err=9.3e-05
Current memory usage 871.4MB, wall time: 165.3s
Delta E = -8.1622e-07, Delta S = 2.5452e-06 (per sweep)
max trunc_err = 1.2157e-03, max E_trunc = 4.7990e-03
chi: [2, 4, 8, 16, 32, 64, 128, 256, 500, 500, 500, 500, 500, 500, 500, 500, 500, 500, 500, 500, 500, 500, 500, 500, 500, 500, 500, 256, 128, 64, 32, 16, 8, 4, 2]
================================================================================
INFO    : Running sweep with optimization
INFO    : checkpoint after sweep 14
energy=-19.8033946972893879, max S=3.7639821230512869, age=36, norm_err=1.6e-04
Current memory usage 871.4MB, wall time: 183.2s
Delta E = -3.9764e-06, Delta S = 7.9169e-06 (per sweep)
max trunc_err = 1.2155e-03, max E_trunc = 4.7986e-03
chi: [2, 4, 8, 16, 32, 64, 128, 256, 500, 500, 500, 500, 500, 500, 500, 500, 500, 500, 500, 500, 500, 500, 500, 500, 500, 500, 500, 256, 128, 64, 32, 16, 8, 4, 2]
================================================================================
INFO    : Running sweep with optimization
INFO    : Disable mixer after 15 sweeps, final amplitude 3.0517578125e-10.
INFO    : deactivate DensityMatrixMixer with final amplitude 3.0517578125e-10
INFO    : checkpoint after sweep 15
energy=-19.8033920448128491, max S=3.7640486016905688, age=36, norm_err=1.5e-04
Current memory usage 871.4MB, wall time: 151.4s
Delta E = 2.6525e-06, Delta S = 9.6404e-06 (per sweep)
max trunc_err = 1.2154e-03, max E_trunc = 4.7987e-03
chi: [2, 4, 8, 16, 32, 64, 128, 256, 500, 500, 500, 500, 500, 500, 500, 500, 500, 500, 500, 500, 500, 500, 500, 500, 500, 500, 500, 256, 128, 64, 32, 16, 8, 4, 2]
================================================================================
INFO    : Running sweep with optimization
INFO    : checkpoint after sweep 16
energy=-19.8033886133717019, max S=3.7654208386566221, age=36, norm_err=1.4e-04
Current memory usage 871.4MB, wall time: 89.9s
Delta E = 3.4314e-06, Delta S = 5.7432e-04 (per sweep)
max trunc_err = 6.0770e-04, max E_trunc = 4.7990e-03
chi: [2, 4, 8, 16, 32, 64, 128, 256, 500, 500, 500, 500, 500, 500, 500, 500, 500, 500, 500, 500, 500, 500, 500, 500, 500, 500, 500, 256, 128, 64, 32, 16, 8, 4, 2]
================================================================================
INFO    : Running sweep with optimization
INFO    : checkpoint after sweep 17
energy=-19.8033853326405520, max S=3.7654437344601979, age=36, norm_err=1.3e-04
Current memory usage 871.4MB, wall time: 103.8s
Delta E = 3.2807e-06, Delta S = -2.8884e-06 (per sweep)
max trunc_err = 6.0772e-04, max E_trunc = 4.7994e-03
chi: [2, 4, 8, 16, 32, 64, 128, 256, 500, 500, 500, 500, 500, 500, 500, 500, 500, 500, 500, 500, 500, 500, 500, 500, 500, 500, 500, 256, 128, 64, 32, 16, 8, 4, 2]
================================================================================
INFO    : Running sweep with optimization
INFO    : checkpoint after sweep 18
energy=-19.8033822277388794, max S=3.7654645652912628, age=36, norm_err=1.2e-04
Current memory usage 871.4MB, wall time: 95.0s
Delta E = 3.1049e-06, Delta S = -3.5001e-06 (per sweep)
max trunc_err = 6.0777e-04, max E_trunc = 4.7999e-03
chi: [2, 4, 8, 16, 32, 64, 128, 256, 500, 500, 500, 500, 500, 500, 500, 500, 500, 500, 500, 500, 500, 500, 500, 500, 500, 500, 500, 256, 128, 64, 32, 16, 8, 4, 2]
================================================================================
INFO    : Running sweep with optimization
INFO    : checkpoint after sweep 19
energy=-19.8033793568022354, max S=3.7654836659257280, age=36, norm_err=1.1e-04
Current memory usage 871.4MB, wall time: 99.7s
Delta E = 2.8709e-06, Delta S = -3.7858e-06 (per sweep)
max trunc_err = 6.0784e-04, max E_trunc = 4.8006e-03
chi: [2, 4, 8, 16, 32, 64, 128, 256, 500, 500, 500, 500, 500, 500, 500, 500, 500, 500, 500, 500, 500, 500, 500, 500, 500, 500, 500, 256, 128, 64, 32, 16, 8, 4, 2]
================================================================================
INFO    : Running sweep with optimization
INFO    : checkpoint after sweep 20
energy=-19.8033761702419966, max S=3.7655024195497377, age=36, norm_err=1.1e-04
Current memory usage 871.4MB, wall time: 86.0s
Delta E = 3.1866e-06, Delta S = -3.9073e-06 (per sweep)
max trunc_err = 6.0793e-04, max E_trunc = 4.8013e-03
chi: [2, 4, 8, 16, 32, 64, 128, 256, 500, 500, 500, 500, 500, 500, 500, 500, 500, 500, 500, 500, 500, 500, 500, 500, 500, 500, 500, 256, 128, 64, 32, 16, 8, 4, 2]
================================================================================
INFO    : Running sweep with optimization
INFO    : checkpoint after sweep 21
energy=-19.8033738240012482, max S=3.7655197006172281, age=36, norm_err=1.0e-04
Current memory usage 871.4MB, wall time: 101.5s
Delta E = 2.3462e-06, Delta S = -3.9050e-06 (per sweep)
max trunc_err = 6.0804e-04, max E_trunc = 4.8022e-03
chi: [2, 4, 8, 16, 32, 64, 128, 256, 500, 500, 500, 500, 500, 500, 500, 500, 500, 500, 500, 500, 500, 500, 500, 500, 500, 500, 500, 256, 128, 64, 32, 16, 8, 4, 2]
================================================================================
INFO    : TwoSiteDMRGEngine: Maximum number of sweeps reached
WARNING : final DMRG state not in canonical form up to norm_tol=1.00e-05: norm_err=1.05e-04
INFO    : TwoSiteDMRGEngine finished after 21 sweeps, max chi=500
RUNG chi=2000: E = -79.213495 (Pauli, total), E/N = -0.5500937 S.S, sweeps 21, max trunc err 0.0006080372805105415, wall 03:01:14 = 24.16 core-h
DONE dmrg-tri-36 2026-09-21T13:21:33Z
