NVIDIA A100 80GB PCIe, 81920 MiB
devices: [CudaDevice(id=0)]
vit on Heisenberg/triangular_36_P: 154800 parameters, n_conn 108
step     0  t=    52.8s  E=107.999945 ± 0.000116  var=0.0001  tau=0.00  Rhat=1.117
step    20  t=    97.6s  E=108.000032 ± 0.000206  var=0.0002  tau=0.00  Rhat=1.117
step    40  t=   152.4s  E=107.998277 ± 0.001380  var=0.0083  tau=0.00  Rhat=1.112
step    60  t=   241.3s  E=107.358549 ± 0.082183  var=26.7361  tau=0.02  Rhat=1.119
step    80  t=   337.7s  E=-24.496324 ± 0.552262  var=743.1163  tau=0.34  Rhat=1.170
step   100  t=   434.1s  E=-49.481502 ± 0.269005  var=156.9405  tau=0.44  Rhat=1.190
step   120  t=   530.5s  E=-54.168388 ± 0.301474  var=228.3979  tau=0.31  Rhat=1.164
step   140  t=   627.2s  E=-64.485151 ± 0.159939  var=76.5002  tau=0.18  Rhat=1.139
step   160  t=   723.7s  E=-68.064725 ± 0.362379  var=517.1796  tau=0.02  Rhat=1.121
step   180  t=   820.2s  E=-71.885477 ± 0.063419  var=13.0021  tau=0.13  Rhat=1.151
step   200  t=   916.9s  E=-73.031188 ± 0.058140  var=12.4636  tau=0.06  Rhat=1.123
step   220  t=  1013.5s  E=-73.382541 ± 0.049808  var=9.7746  tau=0.02  Rhat=1.117
step   240  t=  1109.9s  E=-73.550120 ± 0.044832  var=8.0489  tau=0.01  Rhat=1.117
step   260  t=  1206.5s  E=-73.612115 ± 0.038897  var=5.8505  tau=0.03  Rhat=1.131
step   280  t=  1303.3s  E=-73.606051 ± 0.035578  var=5.3479  tau=0.00  Rhat=1.113
step   300  t=  1400.0s  E=-73.686216 ± 0.039510  var=6.6523  tau=0.00  Rhat=1.125
step   320  t=  1496.6s  E=-72.982134 ± 0.050990  var=8.1017  tau=0.16  Rhat=1.148
step   340  t=  1593.1s  E=-73.463290 ± 0.051500  var=10.9468  tau=0.00  Rhat=1.120
step   360  t=  1689.5s  E=-73.766450 ± 0.034586  var=5.0019  tau=0.00  Rhat=1.122
step   380  t=  1786.1s  E=-73.815780 ± 0.034480  var=4.5961  tau=0.03  Rhat=1.120
step   400  t=  1882.6s  E=-73.877946 ± 0.036536  var=5.2346  tau=0.02  Rhat=1.120
step   420  t=  1979.0s  E=-73.734142 ± 0.090122  var=34.4426  tau=0.00  Rhat=1.118
step   440  t=  2075.5s  E=-73.858879 ± 0.044716  var=7.8678  tau=0.02  Rhat=1.124
step   460  t=  2172.0s  E=-73.895885 ± 0.063723  var=16.6492  tau=0.00  Rhat=1.120
step   480  t=  2268.5s  E=-73.859510 ± 0.029212  var=3.7009  tau=0.00  Rhat=1.112
step   500  t=  2365.1s  E=-73.882186 ± 0.031881  var=4.1295  tau=0.00  Rhat=1.120
step   520  t=  2461.7s  E=-73.811700 ± 0.046004  var=8.1864  tau=0.03  Rhat=1.126
step   540  t=  2558.3s  E=-73.902289 ± 0.060990  var=14.7859  tau=0.02  Rhat=1.120
step   560  t=  2654.8s  E=-73.912359 ± 0.043118  var=7.5471  tau=0.00  Rhat=1.117
step   580  t=  2751.4s  E=-73.268332 ± 0.543486  var=1210.0728  tau=0.00  Rhat=1.118
step   600  t=  2848.1s  E=-72.763915 ± 0.050888  var=6.0630  tau=0.37  Rhat=1.184
step   620  t=  2944.6s  E=-73.779299 ± 0.032788  var=3.8583  tau=0.07  Rhat=1.131
step   640  t=  3041.0s  E=-73.914910 ± 0.028293  var=3.4393  tau=0.00  Rhat=1.114
step   660  t=  3137.4s  E=-73.909914 ± 0.034085  var=4.9585  tau=0.00  Rhat=1.118
step   680  t=  3233.8s  E=-73.962187 ± 0.031813  var=3.9498  tau=0.02  Rhat=1.115
step   700  t=  3330.2s  E=-73.997602 ± 0.028053  var=3.5059  tau=0.00  Rhat=1.108
step   720  t=  3426.5s  E=-73.987635 ± 0.037823  var=5.8209  tau=0.00  Rhat=1.122
step   740  t=  3522.9s  E=-73.958628 ± 0.032645  var=4.4571  tau=0.00  Rhat=1.116
step   760  t=  3619.3s  E=-74.040460 ± 0.028446  var=3.4829  tau=0.00  Rhat=1.117
step   780  t=  3715.7s  E=-74.020354 ± 0.033519  var=4.4020  tau=0.02  Rhat=1.124
step   800  t=  3812.0s  E=-74.014503 ± 0.036175  var=5.3363  tau=0.00  Rhat=1.120
step   820  t=  3908.3s  E=-73.993083 ± 0.033682  var=4.4295  tau=0.02  Rhat=1.122
step   840  t=  4004.7s  E=-74.047003 ± 0.033916  var=4.6647  tau=0.01  Rhat=1.125
step   860  t=  4101.1s  E=-73.977108 ± 0.040487  var=6.4059  tau=0.02  Rhat=1.119
step   880  t=  4197.5s  E=-74.066379 ± 0.043875  var=8.4186  tau=0.00  Rhat=1.112
step   900  t=  4293.8s  E=-74.003588 ± 0.032122  var=4.2354  tau=0.00  Rhat=1.115
step   920  t=  4390.2s  E=-74.050207 ± 0.027005  var=2.9509  tau=0.01  Rhat=1.120
step   940  t=  4486.6s  E=-74.000962 ± 0.036119  var=5.2744  tau=0.01  Rhat=1.120
step   960  t=  4582.9s  E=-74.046424 ± 0.026937  var=2.9574  tau=0.00  Rhat=1.123
step   980  t=  4679.2s  E=-73.967659 ± 0.061343  var=15.7498  tau=0.00  Rhat=1.114
step  1000  t=  4775.5s  E=-74.006848 ± 0.040988  var=7.0388  tau=0.00  Rhat=1.117
step  1020  t=  4872.2s  E=-74.010627 ± 0.029810  var=3.4462  tau=0.03  Rhat=1.121
step  1040  t=  4968.8s  E=-73.979785 ± 0.118690  var=57.7192  tau=0.00  Rhat=1.119
step  1060  t=  5065.4s  E=-74.048170 ± 0.028292  var=3.5234  tau=0.00  Rhat=1.116
step  1080  t=  5161.9s  E=-74.010844 ± 0.039166  var=5.8091  tau=0.04  Rhat=1.132
step  1100  t=  5258.2s  E=-74.017739 ± 0.030704  var=4.0412  tau=0.00  Rhat=1.117
step  1120  t=  5354.6s  E=-74.058777 ± 0.031091  var=3.7504  tau=0.03  Rhat=1.123
step  1140  t=  5450.9s  E=-74.035647 ± 0.042913  var=7.4029  tau=0.01  Rhat=1.117
step  1160  t=  5547.2s  E=-74.091532 ± 0.026066  var=2.9545  tau=0.00  Rhat=1.107
step  1180  t=  5643.5s  E=-74.117749 ± 0.027457  var=3.1776  tau=0.00  Rhat=1.125
step  1200  t=  5739.9s  E=-74.037733 ± 0.041386  var=5.3234  tau=0.16  Rhat=1.117
step  1220  t=  5836.2s  E=-74.057632 ± 0.028499  var=3.4653  tau=0.00  Rhat=1.118
step  1240  t=  5932.6s  E=-74.051302 ± 0.040032  var=6.7357  tau=0.00  Rhat=1.111
step  1260  t=  6028.9s  E=-74.060529 ± 0.027548  var=2.9307  tau=0.03  Rhat=1.115
step  1280  t=  6125.3s  E=-74.064232 ± 0.030777  var=4.0631  tau=0.00  Rhat=1.115
step  1300  t=  6221.8s  E=-74.104600 ± 0.027322  var=3.2244  tau=0.00  Rhat=1.109
step  1320  t=  6318.2s  E=-74.069484 ± 0.028019  var=3.3030  tau=0.00  Rhat=1.120
step  1340  t=  6414.6s  E=-74.075755 ± 0.027587  var=3.1036  tau=0.00  Rhat=1.114
step  1360  t=  6511.0s  E=-74.047182 ± 0.026415  var=2.9001  tau=0.00  Rhat=1.117
step  1380  t=  6607.4s  E=-74.113878 ± 0.025712  var=2.7521  tau=0.00  Rhat=1.110
step  1400  t=  6703.8s  E=-74.099841 ± 0.046005  var=8.2633  tau=0.02  Rhat=1.124
step  1420  t=  6800.2s  E=-74.080836 ± 0.024739  var=2.3094  tau=0.04  Rhat=1.125
step  1440  t=  6896.6s  E=-74.089066 ± 0.030068  var=3.8227  tau=0.00  Rhat=1.118
step  1460  t=  6992.9s  E=-74.027823 ± 0.044838  var=8.0693  tau=0.01  Rhat=1.120
step  1480  t=  7089.3s  E=-74.017661 ± 0.036229  var=5.2487  tau=0.01  Rhat=1.118
step  1500  t=  7185.6s  E=-74.093904 ± 0.020463  var=1.7802  tau=0.00  Rhat=1.122
step  1520  t=  7282.0s  E=-74.145410 ± 0.025728  var=2.8034  tau=0.00  Rhat=1.120
step  1540  t=  7378.4s  E=-74.091288 ± 0.022681  var=2.2120  tau=0.00  Rhat=1.120
step  1560  t=  7474.7s  E=-74.073180 ± 0.022203  var=2.1221  tau=0.00  Rhat=1.116
step  1580  t=  7571.2s  E=-74.068166 ± 0.027139  var=2.8223  tau=0.03  Rhat=1.121
step  1600  t=  7667.6s  E=-74.102985 ± 0.037779  var=5.6995  tau=0.01  Rhat=1.116
step  1620  t=  7764.0s  E=-74.137293 ± 0.023359  var=2.0695  tau=0.04  Rhat=1.134
step  1640  t=  7860.4s  E=-74.058802 ± 0.039169  var=6.4986  tau=0.00  Rhat=1.116
step  1660  t=  7956.8s  E=-74.094056 ± 0.022071  var=1.8911  tau=0.03  Rhat=1.120
step  1680  t=  8053.1s  E=-74.078675 ± 0.029812  var=3.3337  tau=0.05  Rhat=1.131
step  1700  t=  8149.6s  E=-74.123950 ± 0.031201  var=3.9917  tau=0.00  Rhat=1.120
step  1720  t=  8246.0s  E=-74.019420 ± 0.050115  var=10.5331  tau=0.00  Rhat=1.111
step  1740  t=  8342.5s  E=-74.091812 ± 0.021738  var=1.7868  tau=0.04  Rhat=1.120
step  1760  t=  8439.0s  E=-74.081965 ± 0.033719  var=4.2848  tau=0.04  Rhat=1.127
step  1780  t=  8535.4s  E=-74.057515 ± 0.030006  var=3.7772  tau=0.00  Rhat=1.118
step  1800  t=  8631.9s  E=-74.050559 ± 0.022427  var=1.9534  tau=0.03  Rhat=1.115
step  1820  t=  8728.4s  E=-74.114504 ± 0.034957  var=5.4353  tau=0.00  Rhat=1.116
step  1840  t=  8824.8s  E=-74.074098 ± 0.030787  var=3.8676  tau=0.00  Rhat=1.117
step  1860  t=  8921.3s  E=-74.075844 ± 0.056660  var=12.9023  tau=0.01  Rhat=1.119
step  1880  t=  9017.7s  E=-74.163989 ± 0.022391  var=2.1207  tau=0.00  Rhat=1.117
step  1900  t=  9114.1s  E=-74.118416 ± 0.023521  var=2.3757  tau=0.00  Rhat=1.095
step  1920  t=  9210.5s  E=-74.115741 ± 0.024560  var=2.4336  tau=0.01  Rhat=1.116
step  1940  t=  9307.2s  E=-74.143458 ± 0.022054  var=2.0203  tau=0.00  Rhat=1.120
step  1960  t=  9403.7s  E=-74.108584 ± 0.024214  var=2.4148  tau=0.00  Rhat=1.111
step  1980  t=  9500.1s  E=-73.878886 ± 0.252069  var=259.9919  tau=0.00  Rhat=1.118
FINAL vit Heisenberg/triangular_36_P: E = -74.103594 ± 0.007017 (Pauli, total), E/N = -0.5146083 S.S, var 6.4916, tau 0.00, Rhat 1.004; wall 02:40:23 on 1 x NVIDIA A100 80GB PCIe; 154800 parameters, 2000 steps x 4096 samples
DONE vit-tri-36 2026-09-25T01:41:34Z
