WARNING : /cluster/home/tzerweck/agent-runs/envs/nqs-2026/.venv/lib/python3.13/site-packages/tenpy/networks/mps.py:1629: UserWarning: unit_cell_width is a new argument for MPS and similar classes. It is optional for now, but will become mandatory in a future release. The default value (unit_cell_width=len(sites)) is correct, iff the lattice is a Chain. For other lattices, it is incorrect. It is used for dipolar charges and correlation_function2.
  super().__init__(sites, bc, unit_cell_width)
DMRG on J1J2/square_100_P_0.5: 100 sites, MPO bond dimension 68, 8 cores, chi ladder [500, 1000, 2000]
energy=-48.2331364058161540, max S=2.0466570520805769, age=100, norm_err=7.4e-01
Current memory usage 2657.8MB, wall time: 1831.7s
Delta E = nan, Delta S = 1.4950e+00 (per sweep)
max trunc_err = 7.1833e-07, max E_trunc = 4.2596e-07
chi: 382
energy=-48.8579252899510053, max S=3.0997920542563264, age=100, norm_err=3.1e-02
Current memory usage 3116.9MB, wall time: 2848.9s
Delta E = -6.2479e-01, Delta S = 8.7154e-01 (per sweep)
max trunc_err = 1.0190e-03, max E_trunc = 3.3004e-03
chi: 500
energy=-48.9081863744595680, max S=3.1046838265282330, age=100, norm_err=3.5e-03
Current memory usage 3116.9MB, wall time: 731.2s
Delta E = -5.0261e-02, Delta S = 7.9937e-02 (per sweep)
max trunc_err = 1.2728e-03, max E_trunc = 3.9058e-03
chi: 500
energy=-48.9148395804503693, max S=3.1003252222671747, age=100, norm_err=1.8e-03
Current memory usage 3116.9MB, wall time: 1140.4s
Delta E = -6.6532e-03, Delta S = 1.7703e-02 (per sweep)
max trunc_err = 1.3247e-03, max E_trunc = 3.9559e-03
chi: 500
energy=-48.9159609367316008, max S=3.0983955599582882, age=100, norm_err=1.1e-03
Current memory usage 3116.9MB, wall time: 989.5s
Delta E = -1.1214e-03, Delta S = 4.9519e-03 (per sweep)
max trunc_err = 1.3325e-03, max E_trunc = 3.9720e-03
chi: 500
energy=-48.9164780412270304, max S=3.0983495557390990, age=100, norm_err=8.0e-04
Current memory usage 3116.9MB, wall time: 634.9s
Delta E = -5.1710e-04, Delta S = 2.2441e-03 (per sweep)
max trunc_err = 1.3320e-03, max E_trunc = 3.9631e-03
chi: 500
energy=-48.9167555765194564, max S=3.0986244843052977, age=100, norm_err=6.6e-04
Current memory usage 3116.9MB, wall time: 871.4s
Delta E = -2.7754e-04, Delta S = 1.3523e-03 (per sweep)
max trunc_err = 1.3331e-03, max E_trunc = 3.9707e-03
chi: 500
energy=-48.9168511156964954, max S=3.0985890023531626, age=100, norm_err=6.0e-04
Current memory usage 3116.9MB, wall time: 1018.0s
Delta E = -9.5539e-05, Delta S = 8.0204e-04 (per sweep)
max trunc_err = 1.3350e-03, max E_trunc = 3.9770e-03
chi: 500
energy=-48.9169122966570598, max S=3.0984615787477625, age=100, norm_err=5.7e-04
Current memory usage 3116.9MB, wall time: 1247.0s
Delta E = -6.1181e-05, Delta S = 4.8913e-04 (per sweep)
max trunc_err = 1.3355e-03, max E_trunc = 3.9804e-03
chi: 500
energy=-48.9169439633084835, max S=3.0983162118199901, age=100, norm_err=5.6e-04
Current memory usage 3116.9MB, wall time: 1062.6s
Delta E = -3.1667e-05, Delta S = 3.0333e-04 (per sweep)
max trunc_err = 1.3360e-03, max E_trunc = 3.9846e-03
chi: 500
energy=-48.9169838499706415, max S=3.0981893599322294, age=100, norm_err=5.6e-04
Current memory usage 3116.9MB, wall time: 777.3s
Delta E = -3.9887e-05, Delta S = 2.2030e-04 (per sweep)
max trunc_err = 1.3365e-03, max E_trunc = 3.9891e-03
chi: 500
energy=-48.9169896317485495, max S=3.0981624721776067, age=100, norm_err=5.5e-04
Current memory usage 3116.9MB, wall time: 671.9s
Delta E = -5.7818e-06, Delta S = 1.3672e-04 (per sweep)
max trunc_err = 1.3367e-03, max E_trunc = 3.9940e-03
chi: 500
energy=-48.9169969983056703, max S=3.0980932332118196, age=100, norm_err=5.5e-04
Current memory usage 3116.9MB, wall time: 694.8s
Delta E = -7.3666e-06, Delta S = 8.2791e-05 (per sweep)
max trunc_err = 1.3369e-03, max E_trunc = 3.9974e-03
chi: 500
energy=-48.9170814266333238, max S=3.0977697851829613, age=100, norm_err=5.5e-04
Current memory usage 3116.9MB, wall time: 757.5s
Delta E = -8.4428e-05, Delta S = 5.8180e-05 (per sweep)
max trunc_err = 1.3367e-03, max E_trunc = 3.9997e-03
chi: 500
energy=-48.9171830049395169, max S=3.0971245993054359, age=100, norm_err=5.5e-04
Current memory usage 3116.9MB, wall time: 858.8s
Delta E = -1.0158e-04, Delta S = 9.0741e-05 (per sweep)
max trunc_err = 1.3363e-03, max E_trunc = 4.0005e-03
chi: 500
energy=-48.9172083409538985, max S=3.0968642459546794, age=100, norm_err=5.5e-04
Current memory usage 3116.9MB, wall time: 450.2s
Delta E = -2.5336e-05, Delta S = 2.1983e-04 (per sweep)
max trunc_err = 6.6796e-04, max E_trunc = 4.0014e-03
chi: 500
WARNING : final DMRG state not in canonical form up to norm_tol=1.00e-05: norm_err=5.55e-04
RUNG chi=500: E = -195.668833 (Pauli, total), E/N = -0.4891721 S.S, sweeps 16, max trunc err 0.0006679618836035826, wall 04:37:54 = 37.05 core-h
energy=-49.1067997460509815, max S=3.2989733502754466, age=100, norm_err=8.9e-03
Current memory usage 10758.1MB, wall time: 3954.9s
Delta E = nan, Delta S = 1.5841e-01 (per sweep)
max trunc_err = 9.0267e-05, max E_trunc = 3.2211e-04
chi: 1000
energy=-49.1206170423445911, max S=3.3084342750619342, age=100, norm_err=6.7e-04
Current memory usage 10885.9MB, wall time: 1497.4s
Delta E = -1.3817e-02, Delta S = 4.0711e-02 (per sweep)
max trunc_err = 1.4904e-04, max E_trunc = 4.8414e-04
chi: 1000
energy=-49.1219154478239730, max S=3.3124431999101045, age=100, norm_err=2.3e-04
Current memory usage 11088.4MB, wall time: 1489.9s
Delta E = -1.2984e-03, Delta S = 3.7082e-03 (per sweep)
max trunc_err = 1.2542e-04, max E_trunc = 4.8546e-04
chi: 1000
energy=-49.1221556200987592, max S=3.3141981173687145, age=100, norm_err=1.3e-04
Current memory usage 11216.1MB, wall time: 1390.8s
Delta E = -2.4017e-04, Delta S = 4.5073e-04 (per sweep)
max trunc_err = 1.6074e-04, max E_trunc = 5.2188e-04
chi: 1000
energy=-49.1221507200533338, max S=3.3145529243595524, age=100, norm_err=5.7e-05
Current memory usage 11216.1MB, wall time: 1482.5s
Delta E = 4.9000e-06, Delta S = -2.1729e-04 (per sweep)
max trunc_err = 1.1966e-04, max E_trunc = 4.9818e-04
chi: 1000
energy=-49.1224386118802343, max S=3.3149635560750137, age=100, norm_err=8.5e-05
Current memory usage 11216.1MB, wall time: 1344.4s
Delta E = -2.8789e-04, Delta S = 3.7582e-04 (per sweep)
max trunc_err = 1.6324e-04, max E_trunc = 5.3279e-04
chi: 1000
energy=-49.1222598899667062, max S=3.3147544996171230, age=100, norm_err=4.4e-05
Current memory usage 11216.1MB, wall time: 1270.4s
Delta E = 1.7872e-04, Delta S = -4.8349e-04 (per sweep)
max trunc_err = 1.2360e-04, max E_trunc = 5.0586e-04
chi: 1000
energy=-49.1225258538239515, max S=3.3149082114369026, age=100, norm_err=1.1e-04
Current memory usage 11216.1MB, wall time: 1409.2s
Delta E = -2.6596e-04, Delta S = 3.8726e-04 (per sweep)
max trunc_err = 1.6447e-04, max E_trunc = 5.3720e-04
chi: 1000
energy=-49.1223010213958347, max S=3.3147119989166054, age=100, norm_err=4.1e-05
Current memory usage 11216.1MB, wall time: 1256.4s
Delta E = 2.2483e-04, Delta S = -4.7222e-04 (per sweep)
max trunc_err = 1.2628e-04, max E_trunc = 5.1193e-04
chi: 1000
energy=-49.1224491763032276, max S=3.3149086548884323, age=100, norm_err=7.4e-05
Current memory usage 11216.1MB, wall time: 1378.3s
Delta E = -1.4815e-04, Delta S = 2.8117e-04 (per sweep)
max trunc_err = 1.6597e-04, max E_trunc = 5.4199e-04
chi: 1000
energy=-49.1222716164976845, max S=3.3147845070958648, age=100, norm_err=3.7e-05
Current memory usage 11223.4MB, wall time: 1340.8s
Delta E = 1.7756e-04, Delta S = -4.0121e-04 (per sweep)
max trunc_err = 1.2558e-04, max E_trunc = 5.1257e-04
chi: 1000
energy=-49.1225706514027181, max S=3.3148269058541815, age=100, norm_err=9.0e-05
Current memory usage 11223.4MB, wall time: 1180.0s
Delta E = -2.9903e-04, Delta S = 5.3336e-04 (per sweep)
max trunc_err = 1.6642e-04, max E_trunc = 5.4315e-04
chi: 1000
energy=-49.1223316124603500, max S=3.3146969030935645, age=100, norm_err=3.8e-05
Current memory usage 11223.4MB, wall time: 1045.7s
Delta E = 2.3904e-04, Delta S = -4.8123e-04 (per sweep)
max trunc_err = 1.2233e-04, max E_trunc = 5.0809e-04
chi: 1000
energy=-49.1225463223499617, max S=3.3153838489393621, age=100, norm_err=7.7e-05
Current memory usage 11223.4MB, wall time: 1136.7s
Delta E = -2.1471e-04, Delta S = 4.3654e-04 (per sweep)
max trunc_err = 1.6584e-04, max E_trunc = 5.4059e-04
chi: 1000
energy=-49.1223258706998251, max S=3.3148498040470544, age=100, norm_err=3.7e-05
Current memory usage 11235.9MB, wall time: 1067.0s
Delta E = 2.2045e-04, Delta S = -4.7258e-04 (per sweep)
max trunc_err = 1.2163e-04, max E_trunc = 5.0747e-04
chi: 1000
energy=-49.1226207064279379, max S=3.3149555992174644, age=100, norm_err=8.9e-05
Current memory usage 11235.9MB, wall time: 742.9s
Delta E = -2.9484e-04, Delta S = 6.4879e-04 (per sweep)
max trunc_err = 8.3175e-05, max E_trunc = 5.4173e-04
chi: 1000
WARNING : final DMRG state not in canonical form up to norm_tol=1.00e-05: norm_err=8.93e-05
RUNG chi=1000: E = -196.490483 (Pauli, total), E/N = -0.4912262 S.S, sweeps 16, max trunc err 8.317470821520058e-05, wall 11:02:52 = 88.38 core-h
energy=-49.2096694263300094, max S=3.3809688746330435, age=100, norm_err=3.0e-03
Current memory usage 40485.1MB, wall time: 9654.5s
Delta E = nan, Delta S = 1.0287e-01 (per sweep)
max trunc_err = 4.5093e-05, max E_trunc = 1.6565e-04
chi: 2000
energy=-49.2153574955185462, max S=3.3850481805495001, age=100, norm_err=2.7e-04
Current memory usage 41399.2MB, wall time: 3096.0s
Delta E = -5.6881e-03, Delta S = 2.4461e-02 (per sweep)
max trunc_err = 6.0650e-05, max E_trunc = 2.3971e-04
chi: 2000
energy=-49.2157520863510172, max S=3.3864668734813415, age=100, norm_err=5.6e-05
Current memory usage 42120.7MB, wall time: 3472.4s
Delta E = -3.9459e-04, Delta S = 2.9054e-03 (per sweep)
max trunc_err = 6.3626e-05, max E_trunc = 2.5763e-04
chi: 2000
energy=-49.2158106765379202, max S=3.3869480964724019, age=100, norm_err=3.9e-05
Current memory usage 42521.6MB, wall time: 3503.1s
Delta E = -5.8590e-05, Delta S = 4.5584e-04 (per sweep)
max trunc_err = 6.9380e-05, max E_trunc = 2.5985e-04
chi: 2000
energy=-49.2158860045395343, max S=3.3872030782349452, age=100, norm_err=3.1e-05
Current memory usage 42582.4MB, wall time: 3589.1s
Delta E = -7.5328e-05, Delta S = 2.3799e-04 (per sweep)
max trunc_err = 7.3300e-05, max E_trunc = 2.5846e-04
chi: 2000
energy=-49.2159830471779713, max S=3.3873772566895930, age=100, norm_err=1.8e-05
Current memory usage 42592.9MB, wall time: 3505.6s
Delta E = -9.7043e-05, Delta S = 2.8774e-04 (per sweep)
max trunc_err = 5.6827e-05, max E_trunc = 2.5810e-04
chi: 2000
energy=-49.2162583324934886, max S=3.3873378152769757, age=100, norm_err=3.5e-05
Current memory usage 42659.8MB, wall time: 3606.9s
Delta E = -2.7529e-04, Delta S = 7.7996e-04 (per sweep)
max trunc_err = 7.8738e-05, max E_trunc = 2.6997e-04
chi: 2000
energy=-49.2161739398060902, max S=3.3874399631155043, age=100, norm_err=1.7e-05
Current memory usage 42659.8MB, wall time: 3786.6s
Delta E = 8.4393e-05, Delta S = -1.4005e-04 (per sweep)
max trunc_err = 6.1761e-05, max E_trunc = 2.5854e-04
chi: 2000
energy=-49.2162539483060044, max S=3.3874943850554362, age=100, norm_err=4.3e-05
Current memory usage 42659.8MB, wall time: 4204.9s
Delta E = -8.0008e-05, Delta S = 2.6346e-04 (per sweep)
max trunc_err = 7.8877e-05, max E_trunc = 2.7094e-04
chi: 2000
energy=-49.2161697215782610, max S=3.3875449852485655, age=100, norm_err=1.4e-05
Current memory usage 42659.8MB, wall time: 4174.9s
Delta E = 8.4227e-05, Delta S = -1.9836e-04 (per sweep)
max trunc_err = 5.9319e-05, max E_trunc = 2.5925e-04
chi: 2000
energy=-49.2162544719535262, max S=3.3875363107498653, age=100, norm_err=2.6e-05
Current memory usage 42659.8MB, wall time: 3402.5s
Delta E = -8.4750e-05, Delta S = 3.1007e-04 (per sweep)
max trunc_err = 7.9176e-05, max E_trunc = 2.7146e-04
chi: 2000
energy=-49.2161743740603441, max S=3.3875813849063441, age=100, norm_err=1.4e-05
Current memory usage 42659.8MB, wall time: 3022.9s
Delta E = 8.0098e-05, Delta S = -2.3829e-04 (per sweep)
max trunc_err = 6.0816e-05, max E_trunc = 2.5834e-04
chi: 2000
energy=-49.2162459136457642, max S=3.3875869883141227, age=100, norm_err=3.1e-05
Current memory usage 42724.5MB, wall time: 3132.7s
Delta E = -7.1540e-05, Delta S = 2.5333e-04 (per sweep)
max trunc_err = 7.8424e-05, max E_trunc = 2.6975e-04
chi: 2000
energy=-49.2161724075404123, max S=3.3876376474148580, age=100, norm_err=1.3e-05
Current memory usage 42724.5MB, wall time: 2922.8s
Delta E = 7.3506e-05, Delta S = -2.2779e-04 (per sweep)
max trunc_err = 6.0282e-05, max E_trunc = 2.5920e-04
chi: 2000
energy=-49.2162608432747390, max S=3.3876531854171201, age=100, norm_err=2.9e-05
Current memory usage 42724.5MB, wall time: 2848.4s
Delta E = -8.8436e-05, Delta S = 2.9918e-04 (per sweep)
max trunc_err = 7.9424e-05, max E_trunc = 2.7178e-04
chi: 2000
energy=-49.2161807210510744, max S=3.3877059860834873, age=100, norm_err=1.3e-05
Current memory usage 42724.5MB, wall time: 1827.4s
Delta E = 8.0122e-05, Delta S = -2.2201e-04 (per sweep)
max trunc_err = 3.0002e-05, max E_trunc = 2.5848e-04
chi: 2000
WARNING : final DMRG state not in canonical form up to norm_tol=1.00e-05: norm_err=1.34e-05
RUNG chi=2000: E = -196.864723 (Pauli, total), E/N = -0.4921618 S.S, sweeps 16, max trunc err 3.000169954559609e-05, wall 27:40:58 = 221.46 core-h
DONE dmrg-j1j2-100 2026-09-22T20:08:28Z
