WARNING : /cluster/home/tzerweck/agent-runs/envs/nqs-2026/.venv/lib/python3.13/site-packages/tenpy/networks/mps.py:1629: UserWarning: unit_cell_width is a new argument for MPS and similar classes. It is optional for now, but will become mandatory in a future release. The default value (unit_cell_width=len(sites)) is correct, iff the lattice is a Chain. For other lattices, it is incorrect. It is used for dipolar charges and correlation_function2.
  super().__init__(sites, bc, unit_cell_width)
DMRG on J1J2/square_144_P_0.5: 144 sites, MPO bond dimension 80, 8 cores, chi ladder [500, 1000, 2000]
energy=-68.6558847631015112, max S=2.0657163141884820, age=144, norm_err=8.2e-01
Current memory usage 4622.4MB, wall time: 709.7s
Delta E = nan, Delta S = 1.5207e+00 (per sweep)
max trunc_err = 9.6693e-07, max E_trunc = 8.9590e-07
chi: 446
energy=-69.6650776166925425, max S=3.2198471862836504, age=144, norm_err=3.8e-02
Current memory usage 5172.4MB, wall time: 1420.3s
Delta E = -1.0092e+00, Delta S = 8.9535e-01 (per sweep)
max trunc_err = 1.4481e-03, max E_trunc = 4.5762e-03
chi: 500
energy=-69.7102636679503576, max S=3.2253011623566370, age=144, norm_err=3.5e-03
Current memory usage 5172.4MB, wall time: 453.6s
Delta E = -4.5186e-02, Delta S = 5.6752e-02 (per sweep)
max trunc_err = 1.3059e-03, max E_trunc = 4.4523e-03
chi: 500
energy=-69.7196568498794704, max S=3.2184395016648568, age=144, norm_err=4.5e-03
Current memory usage 5172.4MB, wall time: 447.3s
Delta E = -9.3932e-03, Delta S = 7.3886e-03 (per sweep)
max trunc_err = 1.8124e-03, max E_trunc = 5.3539e-03
chi: 500
energy=-69.7235323175669066, max S=3.2158366354186203, age=144, norm_err=4.6e-03
Current memory usage 5172.4MB, wall time: 450.8s
Delta E = -3.8755e-03, Delta S = 1.6376e-03 (per sweep)
max trunc_err = 1.3809e-03, max E_trunc = 4.7339e-03
chi: 500
energy=-69.7259229729462788, max S=3.2153270122547308, age=144, norm_err=5.1e-03
Current memory usage 5172.4MB, wall time: 444.1s
Delta E = -2.3907e-03, Delta S = 3.5685e-04 (per sweep)
max trunc_err = 1.8915e-03, max E_trunc = 5.5191e-03
chi: 500
energy=-69.7277867982492268, max S=3.2142460191792361, age=144, norm_err=5.6e-03
Current memory usage 5172.4MB, wall time: 445.7s
Delta E = -1.8638e-03, Delta S = -2.2935e-04 (per sweep)
max trunc_err = 1.3874e-03, max E_trunc = 4.8042e-03
chi: 500
energy=-69.7295445018799569, max S=3.2132711299882728, age=144, norm_err=5.9e-03
Current memory usage 5172.4MB, wall time: 442.7s
Delta E = -1.7577e-03, Delta S = -5.2578e-04 (per sweep)
max trunc_err = 1.9062e-03, max E_trunc = 5.5409e-03
chi: 500
energy=-69.7311531389922692, max S=3.2112079975730601, age=144, norm_err=6.4e-03
Current memory usage 5172.4MB, wall time: 452.9s
Delta E = -1.6086e-03, Delta S = -9.9954e-04 (per sweep)
max trunc_err = 1.4015e-03, max E_trunc = 4.8374e-03
chi: 500
energy=-69.7327950045101232, max S=3.2125560608987849, age=144, norm_err=6.8e-03
Current memory usage 5172.4MB, wall time: 444.5s
Delta E = -1.6419e-03, Delta S = -8.5598e-04 (per sweep)
max trunc_err = 1.9266e-03, max E_trunc = 5.5867e-03
chi: 500
energy=-69.7346802957692233, max S=3.2067389137313951, age=144, norm_err=7.2e-03
Current memory usage 5172.4MB, wall time: 447.2s
Delta E = -1.8853e-03, Delta S = -1.8341e-03 (per sweep)
max trunc_err = 1.4259e-03, max E_trunc = 4.8820e-03
chi: 500
energy=-69.7366534666745679, max S=3.2076026825562876, age=144, norm_err=7.6e-03
Current memory usage 5172.4MB, wall time: 442.5s
Delta E = -1.9732e-03, Delta S = -1.5825e-03 (per sweep)
max trunc_err = 1.9330e-03, max E_trunc = 5.6219e-03
chi: 500
energy=-69.7388213953734919, max S=3.1997379145068443, age=144, norm_err=7.6e-03
Current memory usage 5172.4MB, wall time: 450.0s
Delta E = -2.1679e-03, Delta S = -2.1939e-03 (per sweep)
max trunc_err = 1.4053e-03, max E_trunc = 4.8685e-03
chi: 500
energy=-69.7410873063601287, max S=3.2001252975896368, age=144, norm_err=7.5e-03
Current memory usage 5172.4MB, wall time: 430.7s
Delta E = -2.2659e-03, Delta S = -1.6906e-03 (per sweep)
max trunc_err = 1.9444e-03, max E_trunc = 5.6531e-03
chi: 500
energy=-69.7434681056375041, max S=3.1914784464665304, age=144, norm_err=7.3e-03
Current memory usage 5172.4MB, wall time: 440.5s
Delta E = -2.3808e-03, Delta S = -2.4240e-03 (per sweep)
max trunc_err = 1.4397e-03, max E_trunc = 4.9237e-03
chi: 500
energy=-69.7457698742359469, max S=3.1912438078804213, age=144, norm_err=7.2e-03
Current memory usage 5172.4MB, wall time: 317.2s
Delta E = -2.3018e-03, Delta S = -1.4772e-03 (per sweep)
max trunc_err = 9.8236e-04, max E_trunc = 5.7140e-03
chi: 500
WARNING : final DMRG state not in canonical form up to norm_tol=1.00e-05: norm_err=7.24e-03
RUNG chi=500: E = -278.983079 (Pauli, total), E/N = -0.4843456 S.S, sweeps 16, max trunc err 0.00098236180144253, wall 02:18:31 = 18.47 core-h
energy=-70.1790718278141412, max S=3.5566505648774918, age=144, norm_err=2.5e-02
Current memory usage 18092.7MB, wall time: 3189.2s
Delta E = nan, Delta S = 2.2422e-01 (per sweep)
max trunc_err = 1.2744e-03, max E_trunc = 4.4307e-03
chi: 1000
energy=-70.2404685580387422, max S=3.6041664584844813, age=144, norm_err=3.1e-03
Current memory usage 18390.4MB, wall time: 1042.7s
Delta E = -6.1397e-02, Delta S = 7.7346e-02 (per sweep)
max trunc_err = 1.5304e-03, max E_trunc = 4.9586e-03
chi: 1000
energy=-70.2545130067858707, max S=3.6131330747705714, age=144, norm_err=3.2e-03
Current memory usage 18566.4MB, wall time: 1052.3s
Delta E = -1.4044e-02, Delta S = 1.4384e-02 (per sweep)
max trunc_err = 1.0967e-03, max E_trunc = 4.5520e-03
chi: 1000
energy=-70.2598273704811049, max S=3.6149392238877645, age=144, norm_err=2.9e-03
Current memory usage 18692.7MB, wall time: 1072.7s
Delta E = -5.3144e-03, Delta S = 4.8909e-03 (per sweep)
max trunc_err = 1.6491e-03, max E_trunc = 5.2885e-03
chi: 1000
energy=-70.2623186828147652, max S=3.6135041528798824, age=144, norm_err=2.4e-03
Current memory usage 18814.9MB, wall time: 1045.3s
Delta E = -2.4913e-03, Delta S = 1.7045e-03 (per sweep)
max trunc_err = 1.1388e-03, max E_trunc = 4.6318e-03
chi: 1000
energy=-70.2640174104097071, max S=3.6122579502822432, age=144, norm_err=2.0e-03
Current memory usage 18814.9MB, wall time: 1047.2s
Delta E = -1.6987e-03, Delta S = 1.7373e-03 (per sweep)
max trunc_err = 1.6872e-03, max E_trunc = 5.3451e-03
chi: 1000
energy=-70.2649682308120305, max S=3.6105186108957450, age=144, norm_err=1.6e-03
Current memory usage 18814.9MB, wall time: 1038.6s
Delta E = -9.5082e-04, Delta S = 6.6838e-04 (per sweep)
max trunc_err = 1.1340e-03, max E_trunc = 4.6292e-03
chi: 1000
energy=-70.2657664468242302, max S=3.6108176826625376, age=144, norm_err=1.3e-03
Current memory usage 18814.9MB, wall time: 1046.5s
Delta E = -7.9822e-04, Delta S = 1.2218e-03 (per sweep)
max trunc_err = 1.6917e-03, max E_trunc = 5.3534e-03
chi: 1000
energy=-70.2662675944411461, max S=3.6086389571285347, age=144, norm_err=1.0e-03
Current memory usage 18814.9MB, wall time: 1045.8s
Delta E = -5.0115e-04, Delta S = 5.4308e-04 (per sweep)
max trunc_err = 1.7017e-03, max E_trunc = 5.3579e-03
chi: 1000
energy=-70.2667081798803821, max S=3.6100655578733001, age=144, norm_err=9.8e-04
Current memory usage 18814.9MB, wall time: 1041.2s
Delta E = -4.4059e-04, Delta S = 8.1532e-04 (per sweep)
max trunc_err = 1.7053e-03, max E_trunc = 5.4100e-03
chi: 1000
energy=-70.2669836750867489, max S=3.6075656233816602, age=144, norm_err=7.2e-04
Current memory usage 18814.9MB, wall time: 1047.2s
Delta E = -2.7550e-04, Delta S = 5.3554e-04 (per sweep)
max trunc_err = 1.7132e-03, max E_trunc = 5.4081e-03
chi: 1000
energy=-70.2672689153947516, max S=3.6101261181220354, age=144, norm_err=8.0e-04
Current memory usage 18814.9MB, wall time: 1045.3s
Delta E = -2.8524e-04, Delta S = 7.2822e-04 (per sweep)
max trunc_err = 1.7158e-03, max E_trunc = 5.4308e-03
chi: 1000
energy=-70.2674287191620550, max S=3.6106285315051245, age=144, norm_err=7.6e-04
Current memory usage 18814.9MB, wall time: 1038.9s
Delta E = -1.5980e-04, Delta S = 5.7700e-04 (per sweep)
max trunc_err = 1.7204e-03, max E_trunc = 5.4388e-03
chi: 1000
energy=-70.2675333257354708, max S=3.6068011548899737, age=144, norm_err=5.6e-04
Current memory usage 18814.9MB, wall time: 1036.9s
Delta E = -1.0461e-04, Delta S = 3.1805e-04 (per sweep)
max trunc_err = 1.7224e-03, max E_trunc = 5.4599e-03
chi: 1000
energy=-70.2677070539622264, max S=3.6067252747708913, age=144, norm_err=5.4e-04
Current memory usage 18814.9MB, wall time: 1036.4s
Delta E = -1.7373e-04, Delta S = 4.4659e-04 (per sweep)
max trunc_err = 1.7277e-03, max E_trunc = 5.4700e-03
chi: 1000
energy=-70.2678159400052920, max S=3.6069761924517376, age=144, norm_err=5.4e-04
Current memory usage 18814.9MB, wall time: 715.0s
Delta E = -1.0889e-04, Delta S = 5.5058e-04 (per sweep)
max trunc_err = 8.6420e-04, max E_trunc = 5.4845e-03
chi: 1000
WARNING : final DMRG state not in canonical form up to norm_tol=1.00e-05: norm_err=5.39e-04
RUNG chi=1000: E = -281.071264 (Pauli, total), E/N = -0.4879709 S.S, sweeps 16, max trunc err 0.0008641968311747605, wall 07:28:49 = 59.84 core-h
