NVIDIA A100 80GB PCIe, 81920 MiB
devices: [CudaDevice(id=0)]
gcnn on Heisenberg/triangular_36_P: 7232 parameters, n_conn 108
step     0  t=    30.8s  E=107.957738 ± 0.031091  var=3.9315  tau=0.00  Rhat=1.118
step    20  t=    47.4s  E=107.481556 ± 0.074108  var=22.1225  tau=0.01  Rhat=1.123
step    40  t=    63.9s  E=28.207143 ± 0.550508  var=1209.5486  tau=0.01  Rhat=1.124
step    60  t=    80.4s  E=-16.393126 ± 0.314851  var=341.5015  tau=0.09  Rhat=1.142
step    80  t=    96.9s  E=-31.686275 ± 0.271747  var=242.6330  tau=0.12  Rhat=1.135
step   100  t=   113.4s  E=-46.230589 ± 0.266751  var=275.5923  tau=0.03  Rhat=1.126
step   120  t=   129.9s  E=-54.789710 ± 0.356621  var=508.4231  tau=0.01  Rhat=1.121
step   140  t=   146.4s  E=-66.052728 ± 0.270354  var=194.7272  tau=0.27  Rhat=1.161
Stopping early because of :  Legacy callback <function main.<locals>.cb at 0x1535e69e4c20> requested to stop the run.
RECOVER: energy -103771787.48939292 at step 153; parameters restored from step 150 (E = -73.14632172313918), learning rate 0.005
step   160  t=   166.3s  E=-75.013680 ± 0.148080  var=77.1056  tau=0.08  Rhat=1.135
step   180  t=   182.8s  E=-71.412020 ± 0.501052  var=317.2889  tau=1.12  Rhat=1.277
step   200  t=   199.3s  E=-77.776455 ± 0.100252  var=41.4484  tau=0.00  Rhat=1.121
step   220  t=   215.8s  E=-78.653114 ± 0.099979  var=34.5615  tau=0.09  Rhat=1.133
step   240  t=   232.3s  E=-79.292572 ± 0.085604  var=28.6327  tau=0.02  Rhat=1.128
step   260  t=   248.8s  E=-79.507416 ± 0.071739  var=20.6714  tau=0.01  Rhat=1.118
step   280  t=   265.3s  E=-79.567425 ± 0.089558  var=24.1273  tau=0.18  Rhat=1.148
step   300  t=   281.8s  E=-79.844832 ± 0.065064  var=17.7310  tau=0.00  Rhat=1.121
step   320  t=   298.3s  E=-79.947911 ± 0.060139  var=14.8772  tau=0.00  Rhat=1.122
step   340  t=   314.8s  E=-80.021815 ± 0.061511  var=15.2870  tau=0.01  Rhat=1.123
step   360  t=   331.3s  E=-80.080145 ± 0.058289  var=13.5728  tau=0.01  Rhat=1.121
step   380  t=   347.8s  E=-80.114012 ± 0.054444  var=12.0403  tau=0.00  Rhat=1.115
step   400  t=   364.4s  E=-80.229696 ± 0.049519  var=10.0861  tau=0.00  Rhat=1.121
step   420  t=   380.9s  E=-80.272389 ± 0.046307  var=8.6985  tau=0.00  Rhat=1.114
step   440  t=   397.4s  E=-80.248404 ± 0.047897  var=8.9975  tau=0.02  Rhat=1.121
step   460  t=   413.9s  E=-80.268377 ± 0.044709  var=8.0492  tau=0.01  Rhat=1.111
step   480  t=   430.4s  E=-80.327639 ± 0.044359  var=8.2361  tau=0.00  Rhat=1.116
step   500  t=   446.9s  E=-80.283072 ± 0.041662  var=6.9300  tau=0.01  Rhat=1.112
step   520  t=   463.4s  E=-80.335085 ± 0.041459  var=7.6185  tau=0.00  Rhat=1.114
step   540  t=   479.9s  E=-80.261995 ± 0.044116  var=7.8932  tau=0.00  Rhat=1.118
step   560  t=   496.4s  E=-80.356103 ± 0.037859  var=5.9958  tau=0.00  Rhat=1.116
step   580  t=   512.9s  E=-80.290799 ± 0.041980  var=6.9409  tau=0.02  Rhat=1.126
step   600  t=   529.5s  E=-80.327434 ± 0.044591  var=8.1696  tau=0.00  Rhat=1.123
step   620  t=   546.0s  E=-80.365971 ± 0.041106  var=6.7795  tau=0.01  Rhat=1.111
step   640  t=   562.5s  E=-80.349537 ± 0.046705  var=8.6215  tau=0.02  Rhat=1.117
step   660  t=   579.0s  E=-80.396327 ± 0.039544  var=6.3045  tau=0.01  Rhat=1.124
step   680  t=   595.5s  E=-80.339865 ± 0.041015  var=6.9965  tau=0.00  Rhat=1.115
step   700  t=   612.0s  E=-80.438840 ± 0.038222  var=6.1312  tau=0.00  Rhat=1.121
step   720  t=   628.5s  E=-80.441434 ± 0.041233  var=7.0620  tau=0.00  Rhat=1.118
step   740  t=   645.0s  E=-80.387912 ± 0.040102  var=6.7577  tau=0.00  Rhat=1.119
step   760  t=   661.5s  E=-80.295745 ± 0.042189  var=7.5381  tau=0.00  Rhat=1.106
step   780  t=   678.0s  E=-80.340282 ± 0.041334  var=6.8824  tau=0.01  Rhat=1.121
step   800  t=   694.5s  E=-80.397355 ± 0.037382  var=5.9197  tau=0.00  Rhat=1.115
step   820  t=   711.0s  E=-80.432499 ± 0.063015  var=15.9399  tau=0.01  Rhat=1.118
step   840  t=   727.5s  E=-80.402923 ± 0.037147  var=5.6803  tau=0.00  Rhat=1.119
step   860  t=   744.0s  E=-80.396031 ± 0.037592  var=5.5634  tau=0.02  Rhat=1.114
step   880  t=   760.5s  E=-80.395283 ± 0.037567  var=5.2691  tau=0.05  Rhat=1.121
step   900  t=   777.1s  E=-80.444530 ± 0.039752  var=6.4322  tau=0.00  Rhat=1.121
step   920  t=   793.6s  E=-80.434094 ± 0.043523  var=7.6484  tau=0.01  Rhat=1.113
step   940  t=   810.1s  E=-80.427155 ± 0.037335  var=5.3316  tau=0.04  Rhat=1.122
step   960  t=   826.6s  E=-80.330320 ± 0.038555  var=5.7419  tau=0.03  Rhat=1.129
step   980  t=   843.1s  E=-80.450135 ± 0.036266  var=5.4378  tau=0.00  Rhat=1.122
step  1000  t=   859.6s  E=-80.437909 ± 0.040763  var=6.8521  tau=0.00  Rhat=1.113
step  1020  t=   876.1s  E=-80.455298 ± 0.037630  var=5.8217  tau=0.00  Rhat=1.125
step  1040  t=   892.6s  E=-80.462827 ± 0.040332  var=6.4535  tau=0.02  Rhat=1.112
step  1060  t=   909.1s  E=-80.392097 ± 0.038225  var=5.7034  tau=0.02  Rhat=1.128
step  1080  t=   925.6s  E=-80.440765 ± 0.036758  var=5.8158  tau=0.00  Rhat=1.110
step  1100  t=   942.2s  E=-80.410929 ± 0.036327  var=5.9649  tau=0.00  Rhat=1.113
step  1120  t=   958.7s  E=-80.409789 ± 0.036381  var=5.7970  tau=0.00  Rhat=1.114
step  1140  t=   975.2s  E=-80.406376 ± 0.037447  var=5.7787  tau=0.00  Rhat=1.123
step  1160  t=   991.7s  E=-80.456696 ± 0.038377  var=6.1370  tau=0.00  Rhat=1.120
step  1180  t=  1008.2s  E=-80.431418 ± 0.040201  var=6.6572  tau=0.00  Rhat=1.124
step  1200  t=  1024.7s  E=-80.463131 ± 0.034217  var=4.8219  tau=0.00  Rhat=1.118
step  1220  t=  1041.2s  E=-80.409764 ± 0.035871  var=5.2413  tau=0.00  Rhat=1.118
step  1240  t=  1057.7s  E=-80.402282 ± 0.036872  var=5.6231  tau=0.00  Rhat=1.116
step  1260  t=  1074.3s  E=-80.418952 ± 0.037502  var=5.9858  tau=0.00  Rhat=1.115
step  1280  t=  1090.8s  E=-80.496156 ± 0.033302  var=4.5594  tau=0.00  Rhat=1.115
step  1300  t=  1107.3s  E=-80.427881 ± 0.036281  var=5.4072  tau=0.00  Rhat=1.121
step  1320  t=  1123.8s  E=-80.402783 ± 0.036376  var=5.2025  tau=0.02  Rhat=1.123
step  1340  t=  1140.3s  E=-80.402314 ± 0.033632  var=4.8258  tau=0.00  Rhat=1.119
step  1360  t=  1156.8s  E=-80.424699 ± 0.030895  var=4.2181  tau=0.00  Rhat=1.113
step  1380  t=  1173.3s  E=-80.394023 ± 0.044120  var=7.9706  tau=0.00  Rhat=1.115
step  1400  t=  1189.8s  E=-80.425241 ± 0.037394  var=5.5793  tau=0.01  Rhat=1.120
step  1420  t=  1206.3s  E=-80.494874 ± 0.038197  var=5.7352  tau=0.02  Rhat=1.121
step  1440  t=  1222.9s  E=-80.436188 ± 0.036343  var=5.4636  tau=0.00  Rhat=1.117
step  1460  t=  1239.4s  E=-80.473354 ± 0.034978  var=4.9259  tau=0.01  Rhat=1.119
step  1480  t=  1255.9s  E=-80.419356 ± 0.032996  var=4.8906  tau=0.00  Rhat=1.112
step  1500  t=  1272.4s  E=-80.431445 ± 0.036671  var=5.2327  tau=0.03  Rhat=1.125
step  1520  t=  1288.9s  E=-80.400428 ± 0.039156  var=6.0144  tau=0.02  Rhat=1.123
step  1540  t=  1305.4s  E=-80.481770 ± 0.035109  var=4.8981  tau=0.02  Rhat=1.121
step  1560  t=  1321.9s  E=-80.467520 ± 0.034735  var=4.8777  tau=0.01  Rhat=1.121
step  1580  t=  1338.4s  E=-80.435635 ± 0.034032  var=4.8759  tau=0.00  Rhat=1.113
step  1600  t=  1355.0s  E=-80.423265 ± 0.033776  var=4.6634  tau=0.00  Rhat=1.116
step  1620  t=  1371.5s  E=-80.428664 ± 0.032990  var=4.4078  tau=0.01  Rhat=1.116
step  1640  t=  1388.0s  E=-80.452585 ± 0.035812  var=5.3615  tau=0.00  Rhat=1.124
step  1660  t=  1404.5s  E=-80.435513 ± 0.033586  var=4.6938  tau=0.00  Rhat=1.121
step  1680  t=  1421.0s  E=-80.443698 ± 0.035277  var=5.2336  tau=0.00  Rhat=1.112
step  1700  t=  1437.5s  E=-80.447035 ± 0.034781  var=5.0419  tau=0.00  Rhat=1.118
step  1720  t=  1454.0s  E=-80.427883 ± 0.031747  var=4.2713  tau=0.00  Rhat=1.118
step  1740  t=  1470.5s  E=-80.440245 ± 0.034525  var=4.8999  tau=0.00  Rhat=1.119
step  1760  t=  1487.0s  E=-80.394388 ± 0.046145  var=8.7414  tau=0.00  Rhat=1.116
step  1780  t=  1503.5s  E=-80.539786 ± 0.033842  var=4.7236  tau=0.00  Rhat=1.118
step  1800  t=  1520.0s  E=-80.430108 ± 0.035687  var=5.1605  tau=0.01  Rhat=1.122
step  1820  t=  1536.5s  E=-80.421788 ± 0.038538  var=5.8808  tau=0.02  Rhat=1.120
step  1840  t=  1553.0s  E=-80.427290 ± 0.033945  var=4.7793  tau=0.00  Rhat=1.113
step  1860  t=  1569.6s  E=-80.425840 ± 0.033754  var=4.2897  tau=0.04  Rhat=1.126
step  1880  t=  1586.1s  E=-80.461539 ± 0.032920  var=4.2890  tau=0.02  Rhat=1.125
step  1900  t=  1602.6s  E=-80.446820 ± 0.035234  var=4.5674  tau=0.06  Rhat=1.122
step  1920  t=  1619.1s  E=-80.449927 ± 0.035331  var=5.2843  tau=0.00  Rhat=1.114
step  1940  t=  1635.6s  E=-80.443193 ± 0.033573  var=4.7076  tau=0.00  Rhat=1.121
step  1960  t=  1652.1s  E=-80.487132 ± 0.034942  var=4.8945  tau=0.01  Rhat=1.122
step  1980  t=  1668.6s  E=-80.406480 ± 0.044376  var=8.3908  tau=0.00  Rhat=1.107
FINAL gcnn Heisenberg/triangular_36_P: E = -80.458557 ± 0.006355 (Pauli, total), E/N = -0.5587400 S.S, var 5.4514, tau 0.00, Rhat 1.004; wall 00:28:22 on 1 x NVIDIA A100 80GB PCIe; 7232 parameters, 2000 steps x 4096 samples
DONE gcnn-tri-36 2026-09-24T22:57:41Z
