NVIDIA A100 80GB PCIe, 81920 MiB
devices: [CudaDevice(id=0)]
rbm on Heisenberg/triangular_36_P: 1368 parameters, n_conn 108
step     0  t=    30.2s  E=107.967607 ± 0.012161  var=0.6256  tau=0.00  Rhat=1.116
step    20  t=    33.6s  E=107.921842 ± 0.017194  var=1.1846  tau=0.01  Rhat=1.121
step    40  t=    36.8s  E=107.298821 ± 0.059544  var=14.6040  tau=0.00  Rhat=1.115
step    60  t=    40.1s  E=48.571578 ± 0.502304  var=969.6809  tau=0.03  Rhat=1.130
step    80  t=    43.4s  E=-36.852468 ± 0.251751  var=216.1306  tau=0.10  Rhat=1.140
step   100  t=    46.7s  E=-52.547700 ± 0.228377  var=182.4945  tau=0.09  Rhat=1.135
step   120  t=    50.0s  E=-65.459740 ± 0.171719  var=108.9241  tau=0.05  Rhat=1.128
step   140  t=    53.2s  E=-71.688124 ± 0.130247  var=68.1896  tau=0.01  Rhat=1.116
step   160  t=    56.5s  E=-73.549817 ± 0.114090  var=54.6004  tau=0.00  Rhat=1.119
step   180  t=    59.8s  E=-74.246711 ± 0.125916  var=63.0956  tau=0.01  Rhat=1.118
step   200  t=    63.1s  E=-74.410914 ± 0.112721  var=49.0026  tau=0.03  Rhat=1.119
step   220  t=    66.4s  E=-74.473614 ± 0.113169  var=54.1099  tau=0.00  Rhat=1.113
step   240  t=    69.7s  E=-74.797583 ± 0.114460  var=52.7303  tau=0.01  Rhat=1.118
step   260  t=    73.0s  E=-75.102687 ± 0.111577  var=50.6428  tau=0.00  Rhat=1.118
step   280  t=    76.3s  E=-75.376870 ± 0.113368  var=51.1089  tau=0.02  Rhat=1.120
step   300  t=    79.5s  E=-75.455753 ± 0.109982  var=49.2337  tau=0.00  Rhat=1.113
step   320  t=    82.8s  E=-75.703942 ± 0.108112  var=46.8409  tau=0.01  Rhat=1.121
step   340  t=    86.1s  E=-75.804889 ± 0.111788  var=48.2895  tau=0.03  Rhat=1.121
step   360  t=    89.4s  E=-75.936432 ± 0.101327  var=42.9974  tau=0.00  Rhat=1.117
step   380  t=    92.7s  E=-76.056050 ± 0.102734  var=43.5783  tau=0.00  Rhat=1.122
step   400  t=    96.0s  E=-76.036447 ± 0.101897  var=43.4364  tau=0.00  Rhat=1.114
step   420  t=    99.3s  E=-76.090371 ± 0.099474  var=40.9276  tau=0.00  Rhat=1.118
step   440  t=   102.6s  E=-76.157743 ± 0.103400  var=41.7908  tau=0.02  Rhat=1.122
step   460  t=   105.8s  E=-76.222292 ± 0.102291  var=40.5147  tau=0.03  Rhat=1.128
step   480  t=   109.1s  E=-76.285906 ± 0.096615  var=38.1541  tau=0.00  Rhat=1.118
step   500  t=   112.4s  E=-76.305077 ± 0.101353  var=41.3138  tau=0.01  Rhat=1.120
step   520  t=   115.7s  E=-76.305185 ± 0.098972  var=37.5971  tau=0.03  Rhat=1.119
step   540  t=   119.0s  E=-76.293390 ± 0.095358  var=36.0923  tau=0.02  Rhat=1.122
step   560  t=   122.3s  E=-76.315184 ± 0.096665  var=38.3805  tau=0.00  Rhat=1.127
step   580  t=   125.6s  E=-76.360304 ± 0.096317  var=37.6754  tau=0.00  Rhat=1.119
step   600  t=   128.8s  E=-76.393595 ± 0.094298  var=37.9269  tau=0.00  Rhat=1.114
step   620  t=   132.1s  E=-76.397029 ± 0.095210  var=36.8604  tau=0.00  Rhat=1.120
step   640  t=   135.4s  E=-76.370240 ± 0.094961  var=37.8505  tau=0.00  Rhat=1.123
step   660  t=   138.7s  E=-76.470910 ± 0.095321  var=36.3788  tau=0.01  Rhat=1.122
step   680  t=   142.0s  E=-76.369168 ± 0.095942  var=37.4139  tau=0.00  Rhat=1.123
step   700  t=   145.3s  E=-76.460244 ± 0.095201  var=36.6526  tau=0.01  Rhat=1.117
step   720  t=   148.6s  E=-76.394082 ± 0.097984  var=37.4717  tau=0.02  Rhat=1.122
step   740  t=   151.8s  E=-76.422995 ± 0.099454  var=38.2800  tau=0.03  Rhat=1.121
step   760  t=   155.1s  E=-76.420807 ± 0.096686  var=37.9722  tau=0.00  Rhat=1.121
step   780  t=   158.4s  E=-76.426314 ± 0.093026  var=36.0676  tau=0.00  Rhat=1.119
step   800  t=   161.7s  E=-76.439338 ± 0.094549  var=36.4114  tau=0.00  Rhat=1.120
step   820  t=   165.0s  E=-76.446718 ± 0.096706  var=37.8399  tau=0.01  Rhat=1.118
step   840  t=   168.3s  E=-76.473175 ± 0.094715  var=37.6365  tau=0.00  Rhat=1.111
step   860  t=   171.6s  E=-76.436515 ± 0.093989  var=37.1928  tau=0.00  Rhat=1.117
step   880  t=   174.8s  E=-76.462865 ± 0.096235  var=37.7474  tau=0.00  Rhat=1.120
step   900  t=   178.1s  E=-76.482265 ± 0.095447  var=37.7553  tau=0.00  Rhat=1.120
step   920  t=   181.4s  E=-76.462264 ± 0.097237  var=38.8628  tau=0.00  Rhat=1.114
step   940  t=   184.7s  E=-76.457876 ± 0.096031  var=38.1018  tau=0.00  Rhat=1.115
step   960  t=   188.0s  E=-76.460719 ± 0.096145  var=37.1662  tau=0.01  Rhat=1.124
step   980  t=   191.3s  E=-76.448874 ± 0.096549  var=37.0261  tau=0.02  Rhat=1.118
step  1000  t=   194.5s  E=-76.514907 ± 0.095538  var=37.7638  tau=0.00  Rhat=1.116
step  1020  t=   197.8s  E=-76.458255 ± 0.094929  var=37.4020  tau=0.00  Rhat=1.111
step  1040  t=   201.1s  E=-76.375972 ± 0.096668  var=36.8504  tau=0.02  Rhat=1.118
step  1060  t=   204.4s  E=-76.431492 ± 0.093081  var=36.0844  tau=0.00  Rhat=1.117
step  1080  t=   207.7s  E=-76.486058 ± 0.095498  var=38.4887  tau=0.00  Rhat=1.112
step  1100  t=   210.9s  E=-76.415019 ± 0.097970  var=37.5917  tau=0.02  Rhat=1.124
step  1120  t=   214.2s  E=-76.582872 ± 0.095691  var=37.7439  tau=0.00  Rhat=1.111
step  1140  t=   217.5s  E=-76.465197 ± 0.094131  var=35.1366  tau=0.02  Rhat=1.120
step  1160  t=   220.8s  E=-76.488378 ± 0.096108  var=37.1220  tau=0.01  Rhat=1.119
step  1180  t=   224.1s  E=-76.453954 ± 0.100451  var=38.6682  tau=0.03  Rhat=1.122
step  1200  t=   227.4s  E=-76.518996 ± 0.090948  var=35.0177  tau=0.00  Rhat=1.112
step  1220  t=   230.6s  E=-76.487945 ± 0.095525  var=35.9088  tau=0.02  Rhat=1.122
step  1240  t=   233.9s  E=-76.464353 ± 0.095604  var=36.9459  tau=0.01  Rhat=1.122
step  1260  t=   237.2s  E=-76.411549 ± 0.095555  var=36.7480  tau=0.01  Rhat=1.119
step  1280  t=   240.5s  E=-76.448774 ± 0.093540  var=36.4890  tau=0.00  Rhat=1.117
step  1300  t=   243.8s  E=-76.510390 ± 0.094911  var=36.4748  tau=0.01  Rhat=1.123
step  1320  t=   247.1s  E=-76.503684 ± 0.097140  var=37.4179  tau=0.02  Rhat=1.122
step  1340  t=   250.3s  E=-76.524642 ± 0.095667  var=37.8443  tau=0.00  Rhat=1.120
step  1360  t=   253.6s  E=-76.491210 ± 0.095908  var=36.1538  tau=0.02  Rhat=1.124
step  1380  t=   256.9s  E=-76.541706 ± 0.093451  var=36.0772  tau=0.00  Rhat=1.111
step  1400  t=   260.2s  E=-76.481657 ± 0.091995  var=35.9686  tau=0.00  Rhat=1.114
step  1420  t=   263.5s  E=-76.508074 ± 0.092998  var=37.2618  tau=0.00  Rhat=1.115
step  1440  t=   266.8s  E=-76.545338 ± 0.097526  var=37.0091  tau=0.03  Rhat=1.128
step  1460  t=   270.1s  E=-76.523409 ± 0.091178  var=35.2027  tau=0.00  Rhat=1.116
step  1480  t=   273.3s  E=-76.450623 ± 0.094030  var=36.8699  tau=0.00  Rhat=1.119
step  1500  t=   276.6s  E=-76.531665 ± 0.094402  var=37.7606  tau=0.00  Rhat=1.115
step  1520  t=   279.9s  E=-76.533253 ± 0.093324  var=35.5145  tau=0.00  Rhat=1.122
step  1540  t=   283.2s  E=-76.521926 ± 0.091795  var=35.6794  tau=0.00  Rhat=1.120
step  1560  t=   286.5s  E=-76.440399 ± 0.092172  var=36.0538  tau=0.00  Rhat=1.111
step  1580  t=   289.8s  E=-76.559566 ± 0.093057  var=36.2838  tau=0.00  Rhat=1.116
step  1600  t=   293.1s  E=-76.531424 ± 0.091670  var=35.6208  tau=0.00  Rhat=1.114
step  1620  t=   296.3s  E=-76.494495 ± 0.093828  var=35.1807  tau=0.01  Rhat=1.121
step  1640  t=   299.6s  E=-76.534735 ± 0.094446  var=36.2742  tau=0.00  Rhat=1.118
step  1660  t=   302.9s  E=-76.631965 ± 0.094306  var=37.3982  tau=0.00  Rhat=1.119
step  1680  t=   306.2s  E=-76.586275 ± 0.095583  var=35.5263  tau=0.03  Rhat=1.121
step  1700  t=   309.5s  E=-76.467757 ± 0.096048  var=37.2810  tau=0.01  Rhat=1.114
step  1720  t=   312.7s  E=-76.631022 ± 0.095402  var=36.9064  tau=0.01  Rhat=1.122
step  1740  t=   316.0s  E=-76.570940 ± 0.091176  var=35.2341  tau=0.00  Rhat=1.119
step  1760  t=   319.3s  E=-76.532380 ± 0.096111  var=36.1157  tau=0.02  Rhat=1.125
step  1780  t=   322.6s  E=-76.485893 ± 0.094378  var=35.6348  tau=0.01  Rhat=1.122
step  1800  t=   325.9s  E=-76.664320 ± 0.093095  var=36.8806  tau=0.00  Rhat=1.113
step  1820  t=   329.2s  E=-76.625112 ± 0.096761  var=35.9085  tau=0.03  Rhat=1.127
step  1840  t=   332.4s  E=-76.598010 ± 0.093466  var=35.4310  tau=0.00  Rhat=1.120
step  1860  t=   335.7s  E=-76.580044 ± 0.095185  var=36.8164  tau=0.00  Rhat=1.116
step  1880  t=   339.0s  E=-76.549270 ± 0.094400  var=35.2506  tau=0.02  Rhat=1.121
step  1900  t=   342.3s  E=-76.636754 ± 0.093188  var=34.7893  tau=0.01  Rhat=1.117
step  1920  t=   345.6s  E=-76.539476 ± 0.096024  var=36.3700  tau=0.02  Rhat=1.120
step  1940  t=   348.8s  E=-76.598818 ± 0.091865  var=35.2564  tau=0.00  Rhat=1.115
step  1960  t=   352.1s  E=-76.518321 ± 0.095986  var=36.4495  tau=0.02  Rhat=1.122
step  1980  t=   355.4s  E=-76.618164 ± 0.094399  var=37.0386  tau=0.00  Rhat=1.119
FINAL rbm Heisenberg/triangular_36_P: E = -76.607747 ± 0.016525 (Pauli, total), E/N = -0.5319982 S.S, var 35.8567, tau 0.00, Rhat 1.004; wall 00:06:09 on 1 x NVIDIA A100 80GB PCIe; 1368 parameters, 2000 steps x 4096 samples
DONE rbm-tri-36 2026-09-21T11:27:46Z
