NVIDIA A100 80GB PCIe, 81920 MiB
devices: [CudaDevice(id=0)]
vit on Heisenberg/triangular_36_P: 154800 parameters, n_conn 108
step     0  t=    54.8s  E=107.999945 ± 0.000116  var=0.0001  tau=0.00  Rhat=1.117
step    20  t=    99.7s  E=108.000032 ± 0.000206  var=0.0002  tau=0.00  Rhat=1.117
step    40  t=   154.9s  E=107.998277 ± 0.001380  var=0.0083  tau=0.00  Rhat=1.112
step    60  t=   243.7s  E=107.448071 ± 0.079434  var=24.6533  tau=0.02  Rhat=1.127
step    80  t=   340.1s  E=-19.032485 ± 0.403989  var=420.8954  tau=0.29  Rhat=1.170
step   100  t=   436.6s  E=-47.313377 ± 0.238179  var=126.0661  tau=0.42  Rhat=1.190
step   120  t=   533.4s  E=-51.217766 ± 0.237782  var=135.3813  tau=0.36  Rhat=1.244
step   140  t=   630.6s  E=-52.881676 ± 0.212301  var=120.2626  tau=0.27  Rhat=1.176
step   160  t=   727.5s  E=-61.900930 ± 0.162329  var=87.0638  tau=0.12  Rhat=1.147
step   180  t=   824.4s  E=-68.683103 ± 0.105241  var=37.5852  tau=0.10  Rhat=1.144
step   200  t=   921.4s  E=-70.975984 ± 0.108091  var=45.7335  tau=0.02  Rhat=1.130
step   220  t=  1018.5s  E=-72.159186 ± 0.082442  var=27.6394  tau=0.00  Rhat=1.118
step   240  t=  1115.3s  E=-73.255052 ± 0.051870  var=10.6009  tau=0.02  Rhat=1.116
step   260  t=  1212.0s  E=-73.429676 ± 0.057082  var=13.2461  tau=0.00  Rhat=1.117
step   280  t=  1308.7s  E=-73.515908 ± 0.052481  var=11.7319  tau=0.00  Rhat=1.117
step   300  t=  1405.7s  E=-73.640939 ± 0.046503  var=9.1132  tau=0.00  Rhat=1.118
step   320  t=  1502.7s  E=-73.635398 ± 0.038538  var=6.4368  tau=0.00  Rhat=1.110
step   340  t=  1599.6s  E=-73.663137 ± 0.057938  var=13.2511  tau=0.02  Rhat=1.116
step   360  t=  1696.6s  E=-73.743414 ± 0.044426  var=7.7915  tau=0.02  Rhat=1.118
step   380  t=  1793.4s  E=-73.834779 ± 0.048542  var=9.7662  tau=0.00  Rhat=1.119
step   400  t=  1890.0s  E=-73.927185 ± 0.040163  var=7.0295  tau=0.00  Rhat=1.113
step   420  t=  1986.7s  E=-73.917686 ± 0.054363  var=11.4545  tau=0.03  Rhat=1.128
step   440  t=  2083.1s  E=-74.026692 ± 0.067489  var=18.6665  tau=0.00  Rhat=1.117
step   460  t=  2179.5s  E=-73.931051 ± 0.041964  var=7.3490  tau=0.00  Rhat=1.111
step   480  t=  2275.9s  E=-74.010087 ± 0.044175  var=7.9194  tau=0.00  Rhat=1.110
step   500  t=  2372.4s  E=-73.817286 ± 0.048650  var=9.7584  tau=0.00  Rhat=1.120
step   520  t=  2468.8s  E=-73.824253 ± 0.051067  var=10.8386  tau=0.00  Rhat=1.116
step   540  t=  2565.2s  E=-73.988499 ± 0.038104  var=6.4408  tau=0.00  Rhat=1.105
step   560  t=  2661.7s  E=-71.618138 ± 0.095040  var=28.4948  tau=0.15  Rhat=1.150
step   580  t=  2758.1s  E=-73.603060 ± 0.037540  var=5.0063  tau=0.08  Rhat=1.132
step   600  t=  2854.5s  E=-73.807121 ± 0.033992  var=4.6513  tau=0.01  Rhat=1.119
step   620  t=  2951.0s  E=-73.924332 ± 0.038380  var=5.8419  tau=0.02  Rhat=1.118
step   640  t=  3047.4s  E=-72.814959 ± 0.072086  var=21.0757  tau=0.00  Rhat=1.122
step   660  t=  3143.8s  E=-73.867500 ± 0.037447  var=5.5926  tau=0.01  Rhat=1.127
step   680  t=  3240.4s  E=-73.969814 ± 0.033768  var=4.6453  tau=0.00  Rhat=1.120
step   700  t=  3337.1s  E=-73.977170 ± 0.031698  var=3.9847  tau=0.02  Rhat=1.117
step   720  t=  3434.0s  E=-73.965314 ± 0.045110  var=8.0231  tau=0.02  Rhat=1.123
step   740  t=  3530.8s  E=-73.942078 ± 0.039745  var=6.8211  tau=0.00  Rhat=1.110
step   760  t=  3627.6s  E=-73.974991 ± 0.029354  var=4.0207  tau=0.00  Rhat=1.113
step   780  t=  3724.4s  E=-74.037441 ± 0.028159  var=3.1772  tau=0.01  Rhat=1.115
step   800  t=  3821.2s  E=-73.916334 ± 0.030102  var=3.4680  tau=0.04  Rhat=1.124
step   820  t=  3918.3s  E=-74.007547 ± 0.022537  var=2.4899  tau=0.00  Rhat=1.120
step   840  t=  4015.2s  E=-74.005718 ± 0.037824  var=5.9659  tau=0.00  Rhat=1.118
step   860  t=  4111.7s  E=-74.066497 ± 0.027331  var=2.8661  tau=0.03  Rhat=1.126
step   880  t=  4208.1s  E=-74.007342 ± 0.042010  var=6.9986  tau=0.02  Rhat=1.118
step   900  t=  4304.5s  E=-73.979134 ± 0.035836  var=5.2400  tau=0.00  Rhat=1.119
step   920  t=  4400.8s  E=-74.041621 ± 0.030539  var=3.6832  tau=0.02  Rhat=1.125
step   940  t=  4497.1s  E=-74.064842 ± 0.036087  var=5.5037  tau=0.00  Rhat=1.110
step   960  t=  4593.5s  E=-74.051981 ± 0.027065  var=3.3471  tau=0.00  Rhat=1.107
step   980  t=  4689.8s  E=-74.085564 ± 0.027382  var=3.0136  tau=0.01  Rhat=1.113
step  1000  t=  4786.2s  E=-73.975067 ± 0.034696  var=5.0570  tau=0.00  Rhat=1.120
step  1020  t=  4882.6s  E=-73.973172 ± 0.073357  var=22.3205  tau=0.00  Rhat=1.118
step  1040  t=  4979.2s  E=-74.079155 ± 0.025534  var=2.6262  tau=0.01  Rhat=1.119
step  1060  t=  5075.6s  E=-74.064290 ± 0.030102  var=3.6860  tau=0.00  Rhat=1.120
step  1080  t=  5172.0s  E=-74.021457 ± 0.031853  var=4.0048  tau=0.02  Rhat=1.121
step  1100  t=  5268.5s  E=-74.070734 ± 0.031802  var=3.9193  tau=0.03  Rhat=1.117
step  1120  t=  5365.1s  E=-74.064792 ± 0.030238  var=3.7888  tau=0.00  Rhat=1.125
step  1140  t=  5462.0s  E=-74.074497 ± 0.029834  var=3.6372  tau=0.00  Rhat=1.117
step  1160  t=  5558.8s  E=-74.051241 ± 0.032054  var=4.3894  tau=0.00  Rhat=1.116
step  1180  t=  5655.6s  E=-74.136658 ± 0.023571  var=2.3372  tau=0.00  Rhat=1.108
step  1200  t=  5752.2s  E=-74.142737 ± 0.022182  var=2.1804  tau=0.00  Rhat=1.116
step  1220  t=  5848.6s  E=-74.079408 ± 0.033670  var=4.5796  tau=0.01  Rhat=1.117
step  1240  t=  5945.0s  E=-74.106761 ± 0.025467  var=2.7879  tau=0.00  Rhat=1.120
step  1260  t=  6041.4s  E=-37.675264 ± 0.720083  var=1559.7127  tau=0.18  Rhat=1.136
step  1280  t=  6137.8s  E=-66.455870 ± 0.166963  var=50.0617  tau=0.64  Rhat=1.219
step  1300  t=  6234.3s  E=-72.805945 ± 0.068841  var=14.1428  tau=0.19  Rhat=1.148
step  1320  t=  6330.7s  E=-73.671617 ± 0.052746  var=10.5102  tau=0.04  Rhat=1.121
step  1340  t=  6427.2s  E=-73.997721 ± 0.075144  var=22.7051  tau=0.01  Rhat=1.119
step  1360  t=  6523.7s  E=-73.952068 ± 0.046135  var=8.2845  tau=0.03  Rhat=1.111
step  1380  t=  6620.2s  E=-73.764121 ± 0.069399  var=9.0031  tau=0.60  Rhat=1.201
step  1400  t=  6716.7s  E=-72.850879 ± 0.240698  var=61.9815  tau=1.41  Rhat=1.312
step  1420  t=  6813.2s  E=-74.049869 ± 0.038907  var=5.9811  tau=0.02  Rhat=1.116
step  1440  t=  6909.6s  E=-73.910020 ± 0.080565  var=11.5101  tau=0.65  Rhat=1.210
step  1460  t=  7006.1s  E=-73.889983 ± 0.093089  var=11.6858  tau=1.02  Rhat=1.260
step  1480  t=  7102.7s  E=-50.894483 ± 0.169433  var=78.6402  tau=0.25  Rhat=1.168
step  1500  t=  7199.2s  E=-63.809373 ± 0.149259  var=77.8446  tau=0.09  Rhat=1.134
step  1520  t=  7295.7s  E=-73.832501 ± 0.128294  var=65.2597  tau=0.02  Rhat=1.124
step  1540  t=  7392.2s  E=-78.579311 ± 0.079346  var=24.5400  tau=0.03  Rhat=1.123
step  1560  t=  7488.7s  E=-79.456684 ± 0.050224  var=10.6182  tau=0.00  Rhat=1.116
step  1580  t=  7585.1s  E=-79.591517 ± 0.045210  var=8.6551  tau=0.00  Rhat=1.117
step  1600  t=  7681.7s  E=-79.657256 ± 0.045553  var=8.7742  tau=0.00  Rhat=1.119
step  1620  t=  7778.3s  E=-79.755735 ± 0.045595  var=8.2944  tau=0.01  Rhat=1.123
step  1640  t=  7874.7s  E=-79.706381 ± 0.044772  var=7.8662  tau=0.02  Rhat=1.122
step  1660  t=  7971.2s  E=-79.835332 ± 0.040733  var=6.7230  tau=0.01  Rhat=1.122
step  1680  t=  8067.8s  E=-79.886254 ± 0.045472  var=8.6189  tau=0.00  Rhat=1.123
step  1700  t=  8164.3s  E=-79.813325 ± 0.042239  var=7.1813  tau=0.01  Rhat=1.124
step  1720  t=  8260.8s  E=-79.808315 ± 0.041250  var=6.8793  tau=0.01  Rhat=1.118
step  1740  t=  8357.2s  E=-79.902584 ± 0.040887  var=6.9197  tau=0.00  Rhat=1.111
step  1760  t=  8453.7s  E=-79.964478 ± 0.040882  var=6.7104  tau=0.01  Rhat=1.122
step  1780  t=  8550.2s  E=-79.908496 ± 0.040492  var=6.5821  tau=0.01  Rhat=1.120
step  1800  t=  8646.9s  E=-79.906217 ± 0.040439  var=6.4441  tau=0.02  Rhat=1.125
step  1820  t=  8743.9s  E=-79.888035 ± 0.039863  var=6.5607  tau=0.00  Rhat=1.119
step  1840  t=  8840.5s  E=-79.985060 ± 0.038368  var=6.0947  tau=0.00  Rhat=1.120
step  1860  t=  8937.1s  E=-79.961555 ± 0.038351  var=6.0791  tau=0.00  Rhat=1.115
step  1880  t=  9034.0s  E=-79.955265 ± 0.037669  var=5.7343  tau=0.01  Rhat=1.114
step  1900  t=  9130.9s  E=-80.007673 ± 0.039832  var=6.3880  tau=0.01  Rhat=1.126
step  1920  t=  9227.6s  E=-79.966654 ± 0.037566  var=5.7577  tau=0.00  Rhat=1.120
step  1940  t=  9324.4s  E=-79.954522 ± 0.037021  var=5.5585  tau=0.00  Rhat=1.120
step  1960  t=  9421.2s  E=-80.011121 ± 0.038208  var=5.8443  tau=0.01  Rhat=1.121
step  1980  t=  9517.7s  E=-79.981810 ± 0.039359  var=6.1353  tau=0.02  Rhat=1.120
FINAL vit Heisenberg/triangular_36_P: E = -79.991160 ± 0.006755 (Pauli, total), E/N = -0.5554942 S.S, var 5.8530, tau 0.01, Rhat 1.004; wall 02:40:42 on 1 x NVIDIA A100 80GB PCIe; 154800 parameters, 2000 steps x 4096 samples
DONE vit-tri-36 2026-09-24T18:06:36Z
