WARNING : ~/agent-runs/envs/nqs-2026/.venv/lib/python3.13/site-packages/tenpy/networks/mps.py:1629: UserWarning: unit_cell_width is a new argument for MPS and similar classes. It is optional for now, but will become mandatory in a future release. The default value (unit_cell_width=len(sites)) is correct, iff the lattice is a Chain. For other lattices, it is incorrect. It is used for dipolar charges and correlation_function2.
  super().__init__(sites, bc, unit_cell_width)
DMRG on J1J2/square_64_P_0.5: 64 sites, MPO bond dimension 56, 8 cores, chi ladder [500, 1000, 2000]
energy=-31.2831947582656582, max S=1.8792463471759431, age=64, norm_err=6.5e-01
Current memory usage 1370.1MB, wall time: 267.0s
Delta E = nan, Delta S = 1.4204e+00 (per sweep)
max trunc_err = 4.1834e-07, max E_trunc = 1.1149e-07
chi: 320
energy=-31.5041155729897753, max S=2.6019425039665913, age=64, norm_err=8.9e-03
Current memory usage 1744.7MB, wall time: 519.1s
Delta E = -2.2092e-01, Delta S = 6.7637e-01 (per sweep)
max trunc_err = 2.3205e-04, max E_trunc = 7.6234e-04
chi: 500
energy=-31.5127742580527190, max S=2.5926614369328358, age=64, norm_err=1.1e-03
Current memory usage 1755.8MB, wall time: 182.0s
Delta E = -8.6587e-03, Delta S = 2.2902e-02 (per sweep)
max trunc_err = 2.0775e-04, max E_trunc = 7.3504e-04
chi: 500
energy=-31.5140297202541220, max S=2.5872603750519225, age=64, norm_err=4.2e-04
Current memory usage 1792.4MB, wall time: 185.9s
Delta E = -1.2555e-03, Delta S = 5.1530e-03 (per sweep)
max trunc_err = 2.1295e-04, max E_trunc = 7.6049e-04
chi: 500
energy=-31.5143477296182049, max S=2.5853739583400310, age=64, norm_err=2.0e-04
Current memory usage 1822.0MB, wall time: 210.0s
Delta E = -3.1801e-04, Delta S = 1.1009e-03 (per sweep)
max trunc_err = 2.0795e-04, max E_trunc = 7.6692e-04
chi: 500
energy=-31.5145611792512490, max S=2.5844071752003117, age=64, norm_err=1.2e-04
Current memory usage 1828.2MB, wall time: 213.7s
Delta E = -2.1345e-04, Delta S = 4.8486e-04 (per sweep)
max trunc_err = 2.0355e-04, max E_trunc = 7.7779e-04
chi: 500
energy=-31.5146892408315935, max S=2.5836807740473540, age=64, norm_err=8.6e-05
Current memory usage 1834.4MB, wall time: 164.3s
Delta E = -1.2806e-04, Delta S = 3.2949e-04 (per sweep)
max trunc_err = 2.0647e-04, max E_trunc = 7.8451e-04
chi: 500
energy=-31.5148013511765335, max S=2.5832805678858382, age=64, norm_err=6.7e-05
Current memory usage 1835.5MB, wall time: 162.1s
Delta E = -1.1211e-04, Delta S = 2.9478e-04 (per sweep)
max trunc_err = 2.0995e-04, max E_trunc = 7.9683e-04
chi: 500
energy=-31.5148798217086501, max S=2.5831416881386584, age=64, norm_err=5.8e-05
Current memory usage 1839.7MB, wall time: 164.6s
Delta E = -7.8471e-05, Delta S = 2.5921e-04 (per sweep)
max trunc_err = 2.1140e-04, max E_trunc = 8.0822e-04
chi: 500
energy=-31.5149777173268930, max S=2.5830271563960427, age=64, norm_err=5.9e-05
Current memory usage 1841.3MB, wall time: 180.7s
Delta E = -9.7896e-05, Delta S = 2.5320e-04 (per sweep)
max trunc_err = 2.1303e-04, max E_trunc = 8.2046e-04
chi: 500
energy=-31.5150922841752070, max S=2.5829438201191208, age=64, norm_err=5.7e-05
Current memory usage 1842.4MB, wall time: 197.8s
Delta E = -1.1457e-04, Delta S = 3.0831e-04 (per sweep)
max trunc_err = 2.1532e-04, max E_trunc = 8.2454e-04
chi: 500
energy=-31.5151862694374429, max S=2.5829276130500993, age=64, norm_err=5.0e-05
Current memory usage 1842.4MB, wall time: 196.8s
Delta E = -9.3985e-05, Delta S = 3.1371e-04 (per sweep)
max trunc_err = 2.1734e-04, max E_trunc = 8.3312e-04
chi: 500
energy=-31.5152203773239279, max S=2.5829761155737576, age=64, norm_err=4.4e-05
Current memory usage 1849.4MB, wall time: 179.9s
Delta E = -3.4108e-05, Delta S = 1.8699e-04 (per sweep)
max trunc_err = 2.1672e-04, max E_trunc = 8.3208e-04
chi: 500
energy=-31.5152412905109713, max S=2.5829784499882198, age=64, norm_err=4.2e-05
Current memory usage 1849.4MB, wall time: 151.1s
Delta E = -2.0913e-05, Delta S = 1.1285e-04 (per sweep)
max trunc_err = 2.1547e-04, max E_trunc = 8.3100e-04
chi: 500
energy=-31.5152686060996032, max S=2.5829502079493953, age=64, norm_err=4.1e-05
Current memory usage 1849.4MB, wall time: 209.5s
Delta E = -2.7316e-05, Delta S = 9.6239e-05 (per sweep)
max trunc_err = 2.1553e-04, max E_trunc = 8.3458e-04
chi: 500
energy=-31.5152917937163295, max S=2.5828977198369834, age=64, norm_err=4.1e-05
Current memory usage 1849.4MB, wall time: 132.0s
Delta E = -2.3188e-05, Delta S = 1.4906e-04 (per sweep)
max trunc_err = 1.0789e-04, max E_trunc = 8.3804e-04
chi: 500
WARNING : final DMRG state not in canonical form up to norm_tol=1.00e-05: norm_err=4.14e-05
RUNG chi=500: E = -126.061167 (Pauli, total), E/N = -0.4924264 S.S, sweeps 16, max trunc err 0.00010788960774501609, wall 00:55:50 = 7.44 core-h
energy=-31.5823972497200813, max S=2.7021799989707169, age=64, norm_err=4.0e-03
Current memory usage 5968.3MB, wall time: 1060.9s
Delta E = nan, Delta S = 9.9231e-02 (per sweep)
max trunc_err = 8.8408e-05, max E_trunc = 3.1316e-04
chi: 1000
energy=-31.5960513263921392, max S=2.7356598643141372, age=64, norm_err=5.3e-04
Current memory usage 6167.5MB, wall time: 357.8s
Delta E = -1.3654e-02, Delta S = 4.1234e-02 (per sweep)
max trunc_err = 2.0157e-04, max E_trunc = 7.0530e-04
chi: 1000
energy=-31.6012150003011456, max S=2.7523487429372380, age=64, norm_err=5.2e-04
Current memory usage 6278.5MB, wall time: 313.7s
Delta E = -5.1637e-03, Delta S = 1.2767e-02 (per sweep)
max trunc_err = 2.1087e-04, max E_trunc = 7.8839e-04
chi: 1000
energy=-31.6025937231671961, max S=2.7565425196961373, age=64, norm_err=3.3e-04
Current memory usage 6299.5MB, wall time: 331.4s
Delta E = -1.3787e-03, Delta S = 4.3193e-03 (per sweep)
max trunc_err = 2.1564e-04, max E_trunc = 8.0207e-04
chi: 1000
energy=-31.6029437484830886, max S=2.7577249138881568, age=64, norm_err=2.0e-04
Current memory usage 6374.3MB, wall time: 332.7s
Delta E = -3.5003e-04, Delta S = 1.3704e-03 (per sweep)
max trunc_err = 2.1287e-04, max E_trunc = 8.0551e-04
chi: 1000
energy=-31.6031570972785154, max S=2.7584719748570485, age=64, norm_err=1.5e-04
Current memory usage 6374.3MB, wall time: 370.3s
Delta E = -2.1335e-04, Delta S = 1.0592e-03 (per sweep)
max trunc_err = 2.1004e-04, max E_trunc = 8.0851e-04
chi: 1000
energy=-31.6032336964835068, max S=2.7586532994105575, age=64, norm_err=1.1e-04
Current memory usage 6414.3MB, wall time: 342.0s
Delta E = -7.6599e-05, Delta S = 5.1337e-04 (per sweep)
max trunc_err = 2.0636e-04, max E_trunc = 8.0769e-04
chi: 1000
energy=-31.6032635719945247, max S=2.7587530548908750, age=64, norm_err=8.1e-05
Current memory usage 6414.3MB, wall time: 333.5s
Delta E = -2.9876e-05, Delta S = 3.1540e-04 (per sweep)
max trunc_err = 2.0399e-04, max E_trunc = 8.0702e-04
chi: 1000
energy=-31.6032773799276185, max S=2.7588477175809025, age=64, norm_err=6.0e-05
Current memory usage 6420.7MB, wall time: 315.4s
Delta E = -1.3808e-05, Delta S = 2.2469e-04 (per sweep)
max trunc_err = 2.0256e-04, max E_trunc = 8.0664e-04
chi: 1000
energy=-31.6032863348554827, max S=2.7589396569598303, age=64, norm_err=4.6e-05
Current memory usage 6420.7MB, wall time: 330.0s
Delta E = -8.9549e-06, Delta S = 1.6279e-04 (per sweep)
max trunc_err = 2.0167e-04, max E_trunc = 8.0679e-04
chi: 1000
energy=-31.6032944507787192, max S=2.7590361875525398, age=64, norm_err=3.8e-05
Current memory usage 6420.7MB, wall time: 360.0s
Delta E = -8.1159e-06, Delta S = 1.2516e-04 (per sweep)
max trunc_err = 2.0114e-04, max E_trunc = 8.0738e-04
chi: 1000
energy=-31.6032991058079702, max S=2.7591156830747208, age=64, norm_err=3.3e-05
Current memory usage 6420.7MB, wall time: 328.5s
Delta E = -4.6550e-06, Delta S = 9.6911e-05 (per sweep)
max trunc_err = 2.0083e-04, max E_trunc = 8.0769e-04
chi: 1000
energy=-31.6032989683196845, max S=2.7591836358175819, age=64, norm_err=3.0e-05
Current memory usage 6420.7MB, wall time: 324.1s
Delta E = 1.3749e-07, Delta S = 6.9352e-05 (per sweep)
max trunc_err = 2.0062e-04, max E_trunc = 8.0806e-04
chi: 1000
energy=-31.6032957106454546, max S=2.7592536255482081, age=64, norm_err=2.9e-05
Current memory usage 6420.7MB, wall time: 334.1s
Delta E = 3.2577e-06, Delta S = 5.5513e-05 (per sweep)
max trunc_err = 2.0051e-04, max E_trunc = 8.0853e-04
chi: 1000
energy=-31.6032968815666635, max S=2.7592969737883024, age=64, norm_err=2.8e-05
Current memory usage 6420.7MB, wall time: 336.7s
Delta E = -1.1709e-06, Delta S = 4.1484e-05 (per sweep)
max trunc_err = 2.0047e-04, max E_trunc = 8.0896e-04
chi: 1000
energy=-31.6032961309139857, max S=2.7593297222038045, age=64, norm_err=2.8e-05
Current memory usage 6420.7MB, wall time: 230.0s
Delta E = 7.5065e-07, Delta S = 8.9573e-05 (per sweep)
max trunc_err = 1.0022e-04, max E_trunc = 8.0939e-04
chi: 1000
WARNING : final DMRG state not in canonical form up to norm_tol=1.00e-05: norm_err=2.76e-05
RUNG chi=1000: E = -126.413185 (Pauli, total), E/N = -0.4938015 S.S, sweeps 16, max trunc err 0.00010021895185977558, wall 02:36:26 = 20.86 core-h
energy=-31.6754652412649058, max S=2.9056194454471100, age=64, norm_err=4.6e-03
Current memory usage 22009.5MB, wall time: 3423.9s
Delta E = nan, Delta S = 1.5844e-01 (per sweep)
max trunc_err = 1.3054e-04, max E_trunc = 4.8719e-04
chi: 2000
energy=-31.6816711137606930, max S=2.9277141351631761, age=64, norm_err=2.0e-04
Current memory usage 22481.7MB, wall time: 1118.0s
Delta E = -6.2059e-03, Delta S = 5.7126e-02 (per sweep)
max trunc_err = 2.1221e-04, max E_trunc = 8.4566e-04
chi: 2000
energy=-31.6824369040556171, max S=2.9325425090225097, age=64, norm_err=8.9e-05
Current memory usage 22990.0MB, wall time: 1118.3s
Delta E = -7.6579e-04, Delta S = 8.6565e-03 (per sweep)
max trunc_err = 2.2101e-04, max E_trunc = 9.4134e-04
chi: 2000
energy=-31.6826300229162854, max S=2.9342677159591517, age=64, norm_err=5.9e-05
Current memory usage 23203.2MB, wall time: 1116.1s
Delta E = -1.9312e-04, Delta S = 1.9469e-03 (per sweep)
max trunc_err = 2.2147e-04, max E_trunc = 9.8207e-04
chi: 2000
energy=-31.6827224228790456, max S=2.9355231759026399, age=64, norm_err=4.7e-05
Current memory usage 23389.7MB, wall time: 1114.3s
Delta E = -9.2400e-05, Delta S = 8.0542e-04 (per sweep)
max trunc_err = 2.2147e-04, max E_trunc = 1.0090e-03
chi: 2000
energy=-31.6827793221010197, max S=2.9364871984166081, age=64, norm_err=3.8e-05
Current memory usage 23437.1MB, wall time: 1114.2s
Delta E = -5.6899e-05, Delta S = 4.5679e-04 (per sweep)
max trunc_err = 2.2228e-04, max E_trunc = 1.0291e-03
chi: 2000
energy=-31.6828438107185093, max S=2.9372060551049568, age=64, norm_err=1.2e-04
Current memory usage 23497.3MB, wall time: 1104.8s
Delta E = -6.4489e-05, Delta S = 3.6735e-04 (per sweep)
max trunc_err = 3.1257e-04, max E_trunc = 1.0857e-03
chi: 2000
energy=-31.6828402041554682, max S=2.9376364274392888, age=64, norm_err=2.6e-05
Current memory usage 23497.3MB, wall time: 1101.0s
Delta E = 3.6066e-06, Delta S = 7.6489e-05 (per sweep)
max trunc_err = 2.4834e-04, max E_trunc = 1.0425e-03
chi: 2000
energy=-31.6828434976759148, max S=2.9379249367982334, age=64, norm_err=2.4e-05
Current memory usage 23497.3MB, wall time: 1106.6s
Delta E = -3.2935e-06, Delta S = 5.0822e-05 (per sweep)
max trunc_err = 2.3182e-04, max E_trunc = 1.0527e-03
chi: 2000
energy=-31.6828809860581835, max S=2.9381740510511234, age=64, norm_err=1.1e-04
Current memory usage 23497.3MB, wall time: 1106.8s
Delta E = -3.7488e-05, Delta S = 1.5594e-04 (per sweep)
max trunc_err = 3.1851e-04, max E_trunc = 1.1040e-03
chi: 2000
energy=-31.6828659033091249, max S=2.9383546865147538, age=64, norm_err=2.3e-05
Current memory usage 23497.3MB, wall time: 1126.7s
Delta E = 1.5083e-05, Delta S = -1.8447e-05 (per sweep)
max trunc_err = 2.5090e-04, max E_trunc = 1.0557e-03
chi: 2000
energy=-31.6828626421166817, max S=2.9384583533532838, age=64, norm_err=2.2e-05
Current memory usage 23497.3MB, wall time: 1101.5s
Delta E = 3.2612e-06, Delta S = 2.8185e-06 (per sweep)
max trunc_err = 2.3311e-04, max E_trunc = 1.0601e-03
chi: 2000
energy=-31.6829139254532528, max S=2.9386190908980669, age=64, norm_err=1.2e-04
Current memory usage 23497.3MB, wall time: 1108.0s
Delta E = -5.1283e-05, Delta S = 2.4453e-04 (per sweep)
max trunc_err = 3.2012e-04, max E_trunc = 1.1095e-03
chi: 2000
energy=-31.6828849949469706, max S=2.9387089778585369, age=64, norm_err=2.2e-05
Current memory usage 23497.3MB, wall time: 1103.5s
Delta E = 2.8931e-05, Delta S = -9.9390e-05 (per sweep)
max trunc_err = 2.5140e-04, max E_trunc = 1.0603e-03
chi: 2000
energy=-31.6828753574791051, max S=2.9387178871436701, age=64, norm_err=2.2e-05
Current memory usage 23497.3MB, wall time: 1103.7s
Delta E = 9.6375e-06, Delta S = -4.6123e-05 (per sweep)
max trunc_err = 2.3288e-04, max E_trunc = 1.0647e-03
chi: 2000
energy=-31.6829229118953606, max S=2.9388601377096135, age=64, norm_err=1.2e-04
Current memory usage 23497.3MB, wall time: 761.4s
Delta E = -4.7554e-05, Delta S = 2.4411e-04 (per sweep)
max trunc_err = 1.6046e-04, max E_trunc = 1.1121e-03
chi: 2000
WARNING : final DMRG state not in canonical form up to norm_tol=1.00e-05: norm_err=1.15e-04
RUNG chi=2000: E = -126.731692 (Pauli, total), E/N = -0.4950457 S.S, sweeps 16, max trunc err 0.00016045886755278486, wall 08:06:12 = 64.83 core-h
DONE dmrg-j1j2-64 2026-09-25T15:21:51Z
