NVIDIA A100 80GB PCIe, 81920 MiB
devices: [CudaDevice(id=0)]
gcnn on Heisenberg/triangular_36_P: 7232 parameters, n_conn 108
step     0  t=    34.1s  E=107.957738 ± 0.031091  var=3.9315  tau=0.00  Rhat=1.118
step    20  t=    50.7s  E=107.537151 ± 0.073756  var=21.9702  tau=0.01  Rhat=1.124
step    40  t=    67.1s  E=28.497959 ± 0.560054  var=1199.5262  tau=0.04  Rhat=1.123
step    60  t=    83.6s  E=-16.019048 ± 0.324770  var=378.3843  tau=0.07  Rhat=1.128
step    80  t=   100.0s  E=-29.877396 ± 0.266122  var=256.8091  tau=0.06  Rhat=1.133
step   100  t=   116.5s  E=-41.418422 ± 0.267294  var=274.0313  tau=0.03  Rhat=1.122
step   120  t=   133.0s  E=-50.551387 ± 0.238477  var=209.1437  tau=0.06  Rhat=1.129
step   140  t=   149.5s  E=-58.455733 ± 0.201607  var=150.6998  tau=0.05  Rhat=1.127
Stopping early because of :  Legacy callback <function main.<locals>.cb at 0x150cc8dc8ae0> requested to stop the run.
RECOVER: energy -15733.627823916808 at step 159; parameters restored from step 150 (E = -62.235878251886845), learning rate 0.005
step   160  t=   174.2s  E=-65.582481 ± 0.182099  var=107.8011  tau=0.13  Rhat=1.138
step   180  t=   190.8s  E=-69.904941 ± 0.134095  var=66.4822  tau=0.05  Rhat=1.128
Stopping early because of :  Legacy callback <function main.<locals>.cb at 0x150cc8dc8ae0> requested to stop the run.
RECOVER: energy 3.6298020205413733e+22 at step 195; parameters restored from step 150 (E = -62.66140777052968), learning rate 0.0025
step   160  t=   212.1s  E=-64.632005 ± 0.185172  var=113.5575  tau=0.12  Rhat=1.134
step   180  t=   228.6s  E=-67.089687 ± 0.143323  var=78.0964  tau=0.04  Rhat=1.120
step   200  t=   245.1s  E=-69.474761 ± 0.135642  var=67.2349  tau=0.06  Rhat=1.130
step   220  t=   261.6s  E=-71.174761 ± 0.112386  var=51.0515  tau=0.01  Rhat=1.117
step   240  t=   278.1s  E=-71.956846 ± 0.092325  var=35.3242  tau=0.00  Rhat=1.120
step   260  t=   294.6s  E=-72.580036 ± 0.083732  var=27.7461  tau=0.02  Rhat=1.125
step   280  t=   311.1s  E=-72.985648 ± 0.077374  var=24.5406  tau=0.00  Rhat=1.115
step   300  t=   327.6s  E=-73.331180 ± 0.077301  var=24.2240  tau=0.01  Rhat=1.116
step   320  t=   344.2s  E=-73.524706 ± 0.072614  var=20.8680  tau=0.02  Rhat=1.128
step   340  t=   360.7s  E=-73.675268 ± 0.080441  var=25.9979  tau=0.01  Rhat=1.111
step   360  t=   377.2s  E=-73.737883 ± 0.065852  var=17.7424  tau=0.00  Rhat=1.120
step   380  t=   393.7s  E=-73.932909 ± 0.065516  var=18.0035  tau=0.00  Rhat=1.112
step   400  t=   410.2s  E=-74.012598 ± 0.075119  var=23.4908  tau=0.00  Rhat=1.119
step   420  t=   426.8s  E=-74.228602 ± 0.064338  var=16.5704  tau=0.01  Rhat=1.122
step   440  t=   443.3s  E=-74.274661 ± 0.062181  var=15.2197  tau=0.02  Rhat=1.121
step   460  t=   459.8s  E=-74.273604 ± 0.060896  var=14.9342  tau=0.01  Rhat=1.124
step   480  t=   476.3s  E=-74.303419 ± 0.070566  var=20.3937  tau=0.00  Rhat=1.112
step   500  t=   492.8s  E=-74.409314 ± 0.067614  var=18.5711  tau=0.00  Rhat=1.118
Stopping early because of :  Legacy callback <function main.<locals>.cb at 0x150cc8dc8ae0> requested to stop the run.
RECOVER: energy -1.432089376215375e+18 at step 508; parameters restored from step 500 (E = -74.40931401865906), learning rate 0.00125
step   500  t=   500.2s  E=-74.511153 ± 0.062465  var=15.7272  tau=0.01  Rhat=1.121
step   520  t=   516.8s  E=-74.507505 ± 0.064325  var=17.9645  tau=0.00  Rhat=1.114
step   540  t=   533.3s  E=-74.474968 ± 0.065047  var=16.5523  tau=0.02  Rhat=1.125
step   560  t=   549.9s  E=-74.542708 ± 0.071212  var=20.8321  tau=0.00  Rhat=1.115
step   580  t=   566.4s  E=-74.662510 ± 0.073744  var=20.4455  tau=0.04  Rhat=1.125
step   600  t=   582.9s  E=-74.515544 ± 0.060328  var=14.8575  tau=0.00  Rhat=1.123
step   620  t=   599.4s  E=-74.628993 ± 0.082891  var=25.8111  tau=0.05  Rhat=1.128
step   640  t=   615.9s  E=-74.766270 ± 0.067152  var=17.1890  tau=0.04  Rhat=1.114
step   660  t=   632.4s  E=-74.796327 ± 0.070268  var=19.0764  tau=0.03  Rhat=1.120
step   680  t=   648.9s  E=-74.915327 ± 0.072453  var=21.9638  tau=0.00  Rhat=1.116
step   700  t=   665.4s  E=-75.122642 ± 0.074725  var=22.7704  tau=0.00  Rhat=1.115
step   720  t=   682.0s  E=-75.266153 ± 0.083352  var=26.1250  tau=0.04  Rhat=1.124
step   740  t=   698.5s  E=-75.254465 ± 0.083350  var=26.2382  tau=0.04  Rhat=1.124
step   760  t=   715.0s  E=-75.674841 ± 0.091120  var=32.9385  tau=0.02  Rhat=1.121
step   780  t=   731.5s  E=-75.824432 ± 0.088719  var=30.7156  tau=0.02  Rhat=1.126
step   800  t=   748.1s  E=-76.230477 ± 0.086633  var=27.7319  tau=0.05  Rhat=1.124
step   820  t=   764.6s  E=-76.653424 ± 0.090160  var=30.8781  tau=0.04  Rhat=1.134
step   840  t=   781.1s  E=-76.814278 ± 0.091917  var=30.0960  tau=0.07  Rhat=1.125
step   860  t=   797.6s  E=-77.083204 ± 0.102952  var=40.5049  tau=0.04  Rhat=1.124
step   880  t=   814.1s  E=-77.628848 ± 0.090470  var=29.6841  tau=0.06  Rhat=1.131
step   900  t=   830.6s  E=-77.783601 ± 0.091847  var=31.9031  tau=0.04  Rhat=1.127
step   920  t=   847.1s  E=-77.968464 ± 0.089700  var=29.1980  tau=0.06  Rhat=1.128
step   940  t=   863.7s  E=-78.155530 ± 0.096596  var=36.1885  tau=0.03  Rhat=1.120
step   960  t=   880.2s  E=-78.380521 ± 0.077178  var=24.5870  tau=0.00  Rhat=1.111
step   980  t=   896.7s  E=-78.596176 ± 0.098809  var=41.4411  tau=0.00  Rhat=1.108
step  1000  t=   913.2s  E=-78.604688 ± 0.094321  var=34.6388  tau=0.03  Rhat=1.118
step  1020  t=   929.7s  E=-78.577141 ± 0.074491  var=21.3815  tau=0.03  Rhat=1.122
step  1040  t=   946.2s  E=-78.825630 ± 0.090077  var=32.5274  tau=0.01  Rhat=1.129
step  1060  t=   962.7s  E=-78.921715 ± 0.067135  var=18.9060  tau=0.00  Rhat=1.116
step  1080  t=   979.3s  E=-78.912263 ± 0.066846  var=16.8315  tau=0.04  Rhat=1.124
step  1100  t=   995.8s  E=-78.997992 ± 0.074742  var=21.6935  tau=0.03  Rhat=1.123
step  1120  t=  1012.3s  E=-79.029249 ± 0.070577  var=20.2877  tau=0.00  Rhat=1.121
step  1140  t=  1028.8s  E=-79.177023 ± 0.081883  var=24.9166  tau=0.05  Rhat=1.125
step  1160  t=  1045.3s  E=-79.354957 ± 0.070135  var=20.3114  tau=0.00  Rhat=1.124
step  1180  t=  1061.8s  E=-79.271583 ± 0.072168  var=20.2191  tau=0.03  Rhat=1.127
step  1200  t=  1078.4s  E=-79.381428 ± 0.070860  var=20.2512  tau=0.01  Rhat=1.114
step  1220  t=  1094.9s  E=-79.399546 ± 0.075332  var=23.2744  tau=0.00  Rhat=1.114
step  1240  t=  1111.4s  E=-79.512931 ± 0.072045  var=20.0586  tau=0.03  Rhat=1.118
step  1260  t=  1127.9s  E=-79.425257 ± 0.066622  var=17.7890  tau=0.01  Rhat=1.124
step  1280  t=  1144.5s  E=-79.526549 ± 0.058024  var=14.2816  tau=0.00  Rhat=1.118
step  1300  t=  1161.0s  E=-79.645410 ± 0.060424  var=14.0528  tau=0.03  Rhat=1.120
step  1320  t=  1177.5s  E=-79.554435 ± 0.064404  var=16.4657  tau=0.02  Rhat=1.125
step  1340  t=  1194.0s  E=-79.606305 ± 0.064809  var=16.2526  tau=0.03  Rhat=1.117
step  1360  t=  1210.5s  E=-79.719573 ± 0.063790  var=17.2840  tau=0.00  Rhat=1.113
step  1380  t=  1227.1s  E=-79.558734 ± 0.063342  var=16.8896  tau=0.00  Rhat=1.108
step  1400  t=  1243.6s  E=-79.706694 ± 0.075094  var=22.6596  tau=0.01  Rhat=1.121
step  1420  t=  1260.2s  E=-79.662239 ± 0.062206  var=16.6078  tau=0.00  Rhat=1.116
step  1440  t=  1276.7s  E=-79.825173 ± 0.057385  var=14.9326  tau=0.00  Rhat=1.111
step  1460  t=  1293.2s  E=-79.774492 ± 0.065692  var=17.1970  tau=0.01  Rhat=1.126
step  1480  t=  1309.8s  E=-79.774524 ± 0.061717  var=14.8547  tau=0.03  Rhat=1.118
step  1500  t=  1326.3s  E=-79.893184 ± 0.063285  var=16.5041  tau=0.00  Rhat=1.116
step  1520  t=  1342.9s  E=-79.860473 ± 0.060537  var=14.1123  tau=0.03  Rhat=1.128
step  1540  t=  1359.4s  E=-79.863883 ± 0.059799  var=14.7494  tau=0.00  Rhat=1.110
step  1560  t=  1375.9s  E=-79.928892 ± 0.057387  var=13.6964  tau=0.00  Rhat=1.119
step  1580  t=  1392.5s  E=-79.873182 ± 0.059004  var=14.5597  tau=0.00  Rhat=1.113
step  1600  t=  1409.0s  E=-79.957576 ± 0.060854  var=15.1625  tau=0.00  Rhat=1.118
step  1620  t=  1425.5s  E=-79.933897 ± 0.060206  var=14.2954  tau=0.02  Rhat=1.121
step  1640  t=  1442.0s  E=-79.947116 ± 0.058423  var=14.2670  tau=0.00  Rhat=1.115
step  1660  t=  1458.5s  E=-79.993484 ± 0.054970  var=12.3919  tau=0.00  Rhat=1.118
step  1680  t=  1475.0s  E=-80.027287 ± 0.058108  var=14.5036  tau=0.00  Rhat=1.113
step  1700  t=  1491.6s  E=-80.027781 ± 0.052801  var=11.6202  tau=0.00  Rhat=1.120
step  1720  t=  1508.1s  E=-80.030025 ± 0.058600  var=14.2148  tau=0.00  Rhat=1.118
step  1740  t=  1524.6s  E=-80.040711 ± 0.056120  var=13.1377  tau=0.00  Rhat=1.114
step  1760  t=  1541.2s  E=-80.072687 ± 0.056037  var=12.2787  tau=0.02  Rhat=1.124
step  1780  t=  1557.7s  E=-80.173955 ± 0.056621  var=13.2430  tau=0.00  Rhat=1.119
step  1800  t=  1574.2s  E=-80.052658 ± 0.054510  var=11.9505  tau=0.01  Rhat=1.119
step  1820  t=  1590.8s  E=-80.068432 ± 0.056205  var=12.9336  tau=0.00  Rhat=1.120
step  1840  t=  1607.3s  E=-80.092280 ± 0.055443  var=12.6194  tau=0.00  Rhat=1.118
step  1860  t=  1623.8s  E=-80.077929 ± 0.053591  var=12.4364  tau=0.00  Rhat=1.116
step  1880  t=  1640.3s  E=-80.147434 ± 0.048842  var=9.9989  tau=0.00  Rhat=1.119
step  1900  t=  1656.9s  E=-80.206830 ± 0.049869  var=9.9751  tau=0.01  Rhat=1.116
step  1920  t=  1673.4s  E=-80.117525 ± 0.051201  var=11.2707  tau=0.00  Rhat=1.117
step  1940  t=  1689.9s  E=-80.142873 ± 0.049149  var=9.8767  tau=0.00  Rhat=1.118
step  1960  t=  1706.4s  E=-80.101337 ± 0.053063  var=11.9750  tau=0.00  Rhat=1.113
step  1980  t=  1722.9s  E=-80.214454 ± 0.049143  var=10.0005  tau=0.00  Rhat=1.120
FINAL gcnn Heisenberg/triangular_36_P: E = -80.160791 ± 0.009112 (Pauli, total), E/N = -0.5566722 S.S, var 10.9875, tau 0.00, Rhat 1.004; wall 00:29:17 on 1 x NVIDIA A100 80GB PCIe; 7232 parameters, 2000 steps x 4096 samples
DONE gcnn-tri-36 2026-09-23T05:43:27Z
