WARNING : ~/agent-runs/envs/nqs-2026/.venv/lib/python3.13/site-packages/tenpy/networks/mps.py:1629: UserWarning: unit_cell_width is a new argument for MPS and similar classes. It is optional for now, but will become mandatory in a future release. The default value (unit_cell_width=len(sites)) is correct, iff the lattice is a Chain. For other lattices, it is incorrect. It is used for dipolar charges and correlation_function2.
  super().__init__(sites, bc, unit_cell_width)
DMRG on J1J2/square_144_P_0.5: 144 sites, MPO bond dimension 80, 8 cores, chi ladder [500, 1000, 2000]
energy=-68.6564124732535959, max S=2.0619786353610770, age=144, norm_err=8.2e-01
Current memory usage 4637.6MB, wall time: 870.6s
Delta E = nan, Delta S = 1.5203e+00 (per sweep)
max trunc_err = 9.5680e-07, max E_trunc = 9.1283e-07
chi: 442
energy=-69.6650591636715149, max S=3.2182048857122112, age=144, norm_err=3.6e-02
Current memory usage 5188.7MB, wall time: 1658.5s
Delta E = -1.0086e+00, Delta S = 8.9545e-01 (per sweep)
max trunc_err = 1.4356e-03, max E_trunc = 4.5299e-03
chi: 500
energy=-69.7102268280633268, max S=3.2240764293978965, age=144, norm_err=3.6e-03
Current memory usage 5188.7MB, wall time: 549.1s
Delta E = -4.5168e-02, Delta S = 5.6789e-02 (per sweep)
max trunc_err = 1.2936e-03, max E_trunc = 4.4286e-03
chi: 500
energy=-69.7198121230339609, max S=3.2178822760798873, age=144, norm_err=4.5e-03
Current memory usage 5188.7MB, wall time: 549.1s
Delta E = -9.5853e-03, Delta S = 7.4626e-03 (per sweep)
max trunc_err = 1.8151e-03, max E_trunc = 5.3538e-03
chi: 500
energy=-69.7237067286305461, max S=3.2154298213621524, age=144, norm_err=4.8e-03
Current memory usage 5188.7MB, wall time: 554.0s
Delta E = -3.8946e-03, Delta S = 1.7831e-03 (per sweep)
max trunc_err = 1.3864e-03, max E_trunc = 4.7259e-03
chi: 500
energy=-69.7260812138928401, max S=3.2152895445420211, age=144, norm_err=5.0e-03
Current memory usage 5188.7MB, wall time: 542.0s
Delta E = -2.3745e-03, Delta S = 4.6673e-04 (per sweep)
max trunc_err = 1.9066e-03, max E_trunc = 5.5230e-03
chi: 500
energy=-69.7277956120192925, max S=3.2145038413103939, age=144, norm_err=5.5e-03
Current memory usage 5188.7MB, wall time: 573.1s
Delta E = -1.7144e-03, Delta S = -3.0740e-04 (per sweep)
max trunc_err = 1.4001e-03, max E_trunc = 4.8498e-03
chi: 500
energy=-69.7294949727686202, max S=3.2158919755960249, age=144, norm_err=6.0e-03
Current memory usage 5188.7MB, wall time: 581.7s
Delta E = -1.6994e-03, Delta S = -3.5528e-04 (per sweep)
max trunc_err = 1.9379e-03, max E_trunc = 5.6185e-03
chi: 500
energy=-69.7312463433171388, max S=3.2118854364192653, age=144, norm_err=6.5e-03
Current memory usage 5188.7MB, wall time: 562.9s
Delta E = -1.7514e-03, Delta S = -1.0779e-03 (per sweep)
max trunc_err = 1.4167e-03, max E_trunc = 4.8998e-03
chi: 500
energy=-69.7328909795568705, max S=3.2134041633684847, age=144, norm_err=7.0e-03
Current memory usage 5188.7MB, wall time: 574.9s
Delta E = -1.6446e-03, Delta S = -8.8264e-04 (per sweep)
max trunc_err = 1.9613e-03, max E_trunc = 5.6667e-03
chi: 500
energy=-69.7347326034062576, max S=3.2073538507072188, age=144, norm_err=7.2e-03
Current memory usage 5188.7MB, wall time: 575.5s
Delta E = -1.8416e-03, Delta S = -1.9036e-03 (per sweep)
max trunc_err = 1.4447e-03, max E_trunc = 4.9312e-03
chi: 500
energy=-69.7367056851075233, max S=3.2079481993190333, age=144, norm_err=7.6e-03
Current memory usage 5188.7MB, wall time: 566.9s
Delta E = -1.9731e-03, Delta S = -1.6095e-03 (per sweep)
max trunc_err = 1.9729e-03, max E_trunc = 5.7186e-03
chi: 500
energy=-69.7389051643555433, max S=3.2005543776032477, age=144, norm_err=7.7e-03
Current memory usage 5188.7MB, wall time: 584.1s
Delta E = -2.1995e-03, Delta S = -2.2135e-03 (per sweep)
max trunc_err = 1.4323e-03, max E_trunc = 4.9524e-03
chi: 500
energy=-69.7411994781270863, max S=3.1999200066763880, age=144, norm_err=7.7e-03
Current memory usage 5188.7MB, wall time: 583.9s
Delta E = -2.2943e-03, Delta S = -1.7033e-03 (per sweep)
max trunc_err = 1.9916e-03, max E_trunc = 5.7534e-03
chi: 500
energy=-69.7437055259860870, max S=3.1920665041739738, age=144, norm_err=7.3e-03
Current memory usage 5188.7MB, wall time: 551.7s
Delta E = -2.5060e-03, Delta S = -2.4209e-03 (per sweep)
max trunc_err = 1.4611e-03, max E_trunc = 4.9836e-03
chi: 500
energy=-69.7460667510324441, max S=3.1878735559807345, age=144, norm_err=7.4e-03
Current memory usage 5188.7MB, wall time: 375.8s
Delta E = -2.3612e-03, Delta S = -1.6211e-03 (per sweep)
max trunc_err = 1.0009e-03, max E_trunc = 5.7952e-03
chi: 500
WARNING : final DMRG state not in canonical form up to norm_tol=1.00e-05: norm_err=7.35e-03
RUNG chi=500: E = -278.984267 (Pauli, total), E/N = -0.4843477 S.S, sweeps 16, max trunc err 0.0010009344605655846, wall 02:52:23 = 22.98 core-h
energy=-70.1793278267217886, max S=3.5570274252246152, age=144, norm_err=2.5e-02
Current memory usage 18073.6MB, wall time: 3588.3s
Delta E = nan, Delta S = 2.2448e-01 (per sweep)
max trunc_err = 1.2793e-03, max E_trunc = 4.4435e-03
chi: 1000
energy=-70.2405943662895567, max S=3.6042995804219924, age=144, norm_err=3.1e-03
Current memory usage 18420.6MB, wall time: 1122.8s
Delta E = -6.1267e-02, Delta S = 7.7332e-02 (per sweep)
max trunc_err = 1.5309e-03, max E_trunc = 4.9555e-03
chi: 1000
energy=-70.2546162331990161, max S=3.6129018074488184, age=144, norm_err=3.2e-03
Current memory usage 18538.3MB, wall time: 1133.4s
Delta E = -1.4022e-02, Delta S = 1.4356e-02 (per sweep)
max trunc_err = 1.0937e-03, max E_trunc = 4.5582e-03
chi: 1000
energy=-70.2599326647843156, max S=3.6147301418611963, age=144, norm_err=2.8e-03
Current memory usage 18758.0MB, wall time: 1165.9s
Delta E = -5.3164e-03, Delta S = 4.9076e-03 (per sweep)
max trunc_err = 1.6511e-03, max E_trunc = 5.2958e-03
chi: 1000
energy=-70.2623615760425793, max S=3.6133630173699407, age=144, norm_err=2.4e-03
Current memory usage 18799.5MB, wall time: 1153.7s
Delta E = -2.4289e-03, Delta S = 1.7078e-03 (per sweep)
max trunc_err = 1.1369e-03, max E_trunc = 4.6424e-03
chi: 1000
energy=-70.2640066272471984, max S=3.6123004611459266, age=144, norm_err=1.9e-03
Current memory usage 18832.4MB, wall time: 1136.2s
Delta E = -1.6451e-03, Delta S = 1.6834e-03 (per sweep)
max trunc_err = 1.6877e-03, max E_trunc = 5.3433e-03
chi: 1000
energy=-70.2649475265394443, max S=3.6105213340296554, age=144, norm_err=1.6e-03
Current memory usage 18832.4MB, wall time: 1123.5s
Delta E = -9.4090e-04, Delta S = 6.6326e-04 (per sweep)
max trunc_err = 1.1324e-03, max E_trunc = 4.6455e-03
chi: 1000
energy=-70.2657340243784887, max S=3.6108711460111405, age=144, norm_err=1.3e-03
Current memory usage 18832.4MB, wall time: 1130.1s
Delta E = -7.8650e-04, Delta S = 1.2240e-03 (per sweep)
max trunc_err = 1.6956e-03, max E_trunc = 5.3644e-03
chi: 1000
energy=-70.2662297064545243, max S=3.6086086895554246, age=144, norm_err=1.0e-03
Current memory usage 18832.4MB, wall time: 1124.9s
Delta E = -4.9568e-04, Delta S = 5.6928e-04 (per sweep)
max trunc_err = 1.7038e-03, max E_trunc = 5.3637e-03
chi: 1000
energy=-70.2666843697719230, max S=3.6102440033596994, age=144, norm_err=9.7e-04
Current memory usage 18832.4MB, wall time: 1127.0s
Delta E = -4.5466e-04, Delta S = 8.4970e-04 (per sweep)
max trunc_err = 1.7058e-03, max E_trunc = 5.3975e-03
chi: 1000
energy=-70.2669667846731301, max S=3.6074730262519319, age=144, norm_err=7.2e-04
Current memory usage 18832.4MB, wall time: 1124.5s
Delta E = -2.8241e-04, Delta S = 5.4305e-04 (per sweep)
max trunc_err = 1.7083e-03, max E_trunc = 5.3992e-03
chi: 1000
energy=-70.2672366094700465, max S=3.6104525120726931, age=144, norm_err=8.0e-04
Current memory usage 18832.4MB, wall time: 1140.1s
Delta E = -2.6982e-04, Delta S = 7.3063e-04 (per sweep)
max trunc_err = 1.7106e-03, max E_trunc = 5.4195e-03
chi: 1000
energy=-70.2674162618095011, max S=3.6109801084220372, age=144, norm_err=7.6e-04
Current memory usage 18832.4MB, wall time: 1126.4s
Delta E = -1.7965e-04, Delta S = 5.8139e-04 (per sweep)
max trunc_err = 1.7144e-03, max E_trunc = 5.4313e-03
chi: 1000
energy=-70.2675763426391455, max S=3.6110499344042628, age=144, norm_err=7.4e-04
Current memory usage 18832.4MB, wall time: 1136.4s
Delta E = -1.6008e-04, Delta S = 4.8998e-04 (per sweep)
max trunc_err = 1.7191e-03, max E_trunc = 5.4500e-03
chi: 1000
energy=-70.2676816928797621, max S=3.6111265771132257, age=144, norm_err=7.2e-04
Current memory usage 18832.4MB, wall time: 1103.6s
Delta E = -1.0535e-04, Delta S = 4.3156e-04 (per sweep)
max trunc_err = 1.7258e-03, max E_trunc = 5.4762e-03
chi: 1000
energy=-70.2677850464967264, max S=3.6114668352363406, age=144, norm_err=7.2e-04
Current memory usage 18832.4MB, wall time: 731.4s
Delta E = -1.0335e-04, Delta S = 5.4276e-04 (per sweep)
max trunc_err = 8.6534e-04, max E_trunc = 5.4916e-03
chi: 1000
WARNING : final DMRG state not in canonical form up to norm_tol=1.00e-05: norm_err=7.21e-04
RUNG chi=1000: E = -281.071140 (Pauli, total), E/N = -0.4879707 S.S, sweeps 16, max trunc err 0.0008653397257510939, wall 08:30:16 = 68.03 core-h
energy=-70.5736423401052093, max S=3.9250375417739267, age=144, norm_err=3.4e-02
Current memory usage 68455.9MB, wall time: 11801.1s
Delta E = nan, Delta S = 2.1171e-01 (per sweep)
max trunc_err = 5.3826e-04, max E_trunc = 2.0000e-03
chi: 2000
energy=-70.6047846606560796, max S=3.9553245711278322, age=144, norm_err=8.8e-03
Current memory usage 69400.6MB, wall time: 3662.5s
Delta E = -3.1142e-02, Delta S = 6.8160e-02 (per sweep)
max trunc_err = 5.9631e-04, max E_trunc = 2.1357e-03
chi: 2000
energy=-70.6104206708381952, max S=3.9707880253555481, age=144, norm_err=6.5e-03
Current memory usage 70422.7MB, wall time: 3627.3s
Delta E = -5.6360e-03, Delta S = 1.4004e-02 (per sweep)
max trunc_err = 6.2052e-04, max E_trunc = 2.2229e-03
chi: 2000
energy=-70.6125243701622054, max S=3.9795712165130697, age=144, norm_err=4.9e-03
Current memory usage 71280.6MB, wall time: 3640.1s
Delta E = -2.1037e-03, Delta S = 6.3028e-03 (per sweep)
max trunc_err = 6.3053e-04, max E_trunc = 2.2593e-03
chi: 2000
energy=-70.6135432974346173, max S=3.9850492523454282, age=144, norm_err=4.0e-03
Current memory usage 71543.4MB, wall time: 3521.7s
Delta E = -1.0189e-03, Delta S = 3.9058e-03 (per sweep)
max trunc_err = 6.3803e-04, max E_trunc = 2.2827e-03
chi: 2000
energy=-70.6142322528936575, max S=3.9893244040800533, age=144, norm_err=3.4e-03
Current memory usage 71543.4MB, wall time: 3611.5s
Delta E = -6.8896e-04, Delta S = 2.8713e-03 (per sweep)
max trunc_err = 6.4328e-04, max E_trunc = 2.3064e-03
chi: 2000
energy=-70.6147565246104136, max S=3.9933039952279130, age=144, norm_err=3.0e-03
Current memory usage 71543.4MB, wall time: 2823.7s
Delta E = -5.2427e-04, Delta S = 2.3300e-03 (per sweep)
max trunc_err = 6.4374e-04, max E_trunc = 2.3360e-03
chi: 2000
energy=-70.6151011569132976, max S=3.9958729513490843, age=144, norm_err=2.6e-03
Current memory usage 71543.4MB, wall time: 2810.2s
Delta E = -3.4463e-04, Delta S = 1.8502e-03 (per sweep)
max trunc_err = 6.4248e-04, max E_trunc = 2.3295e-03
chi: 2000
energy=-70.6153691483249020, max S=3.9982051232719775, age=144, norm_err=2.4e-03
Current memory usage 71543.4MB, wall time: 2821.8s
Delta E = -2.6799e-04, Delta S = 1.5347e-03 (per sweep)
max trunc_err = 6.4206e-04, max E_trunc = 2.3290e-03
chi: 2000
energy=-70.6156108623527672, max S=4.0001776257251418, age=144, norm_err=2.1e-03
Current memory usage 71543.4MB, wall time: 2815.4s
Delta E = -2.4171e-04, Delta S = 1.2662e-03 (per sweep)
max trunc_err = 6.4256e-04, max E_trunc = 2.3313e-03
chi: 2000
energy=-70.6158096094630281, max S=4.0017944182962450, age=144, norm_err=2.0e-03
Current memory usage 71543.4MB, wall time: 2821.3s
Delta E = -1.9875e-04, Delta S = 1.0856e-03 (per sweep)
max trunc_err = 6.4317e-04, max E_trunc = 2.3337e-03
chi: 2000
energy=-70.6159616051736094, max S=4.0031759552839894, age=144, norm_err=1.8e-03
Current memory usage 71543.4MB, wall time: 2825.3s
Delta E = -1.5200e-04, Delta S = 9.1904e-04 (per sweep)
max trunc_err = 6.4359e-04, max E_trunc = 2.3353e-03
chi: 2000
energy=-70.6160786833381877, max S=4.0043338343560961, age=144, norm_err=1.7e-03
Current memory usage 71543.4MB, wall time: 2834.7s
Delta E = -1.1708e-04, Delta S = 7.7776e-04 (per sweep)
max trunc_err = 6.4490e-04, max E_trunc = 2.3366e-03
chi: 2000
energy=-70.6161793676404272, max S=4.0053014277447243, age=144, norm_err=1.5e-03
Current memory usage 71543.4MB, wall time: 2854.1s
Delta E = -1.0068e-04, Delta S = 6.5566e-04 (per sweep)
max trunc_err = 6.4631e-04, max E_trunc = 2.3380e-03
chi: 2000
energy=-70.6162713934945430, max S=4.0061456065699819, age=144, norm_err=1.4e-03
Current memory usage 71543.4MB, wall time: 2842.1s
Delta E = -9.2026e-05, Delta S = 5.6577e-04 (per sweep)
max trunc_err = 6.4760e-04, max E_trunc = 2.3395e-03
chi: 2000
energy=-70.6163426858731498, max S=4.0071373863371873, age=144, norm_err=1.4e-03
Current memory usage 71543.4MB, wall time: 1963.9s
Delta E = -7.1292e-05, Delta S = 6.0314e-04 (per sweep)
max trunc_err = 3.2462e-04, max E_trunc = 2.3464e-03
chi: 2000
WARNING : final DMRG state not in canonical form up to norm_tol=1.00e-05: norm_err=1.37e-03
RUNG chi=2000: E = -282.465371 (Pauli, total), E/N = -0.4903913 S.S, sweeps 16, max trunc err 0.00032461854097062945, wall 24:26:52 = 195.58 core-h
DONE dmrg-j1j2-144 2026-09-30T21:20:40Z
