WARNING : ~/agent-runs/envs/nqs-2026/.venv/lib/python3.13/site-packages/tenpy/networks/mps.py:1629: UserWarning: unit_cell_width is a new argument for MPS and similar classes. It is optional for now, but will become mandatory in a future release. The default value (unit_cell_width=len(sites)) is correct, iff the lattice is a Chain. For other lattices, it is incorrect. It is used for dipolar charges and correlation_function2.
  super().__init__(sites, bc, unit_cell_width)
DMRG on J1J2/square_36_P_0.5: 36 sites, MPO bond dimension 44, 8 cores, chi ladder [500, 1000, 2000]
energy=-17.9354644784795489, max S=1.6838855509649429, age=36, norm_err=5.6e-01
Current memory usage 581.8MB, wall time: 112.4s
Delta E = nan, Delta S = 1.2713e+00 (per sweep)
max trunc_err = 1.4506e-07, max E_trunc = 9.7390e-09
chi: [2, 4, 8, 16, 30, 54, 74, 94, 112, 140, 162, 186, 202, 204, 222, 244, 244, 262, 230, 224, 232, 240, 236, 252, 224, 218, 228, 227, 127, 64, 32, 16, 8, 4, 2]
energy=-17.9950839671878633, max S=2.2052573908538267, age=36, norm_err=7.0e-03
Current memory usage 859.4MB, wall time: 233.9s
Delta E = -5.9619e-02, Delta S = 5.9465e-01 (per sweep)
max trunc_err = 3.9848e-04, max E_trunc = 1.3090e-03
chi: [2, 4, 8, 16, 32, 64, 128, 256, 500, 500, 500, 500, 500, 500, 500, 500, 500, 500, 500, 500, 500, 500, 500, 500, 500, 500, 500, 256, 128, 64, 32, 16, 8, 4, 2]
energy=-17.9974796085335313, max S=2.2598891970518413, age=36, norm_err=6.8e-04
Current memory usage 877.9MB, wall time: 97.6s
Delta E = -2.3956e-03, Delta S = 3.8984e-02 (per sweep)
max trunc_err = 5.2630e-04, max E_trunc = 1.6254e-03
chi: [2, 4, 8, 16, 32, 64, 128, 256, 500, 500, 500, 500, 500, 500, 500, 500, 500, 500, 500, 500, 500, 500, 500, 500, 500, 500, 500, 256, 128, 64, 32, 16, 8, 4, 2]
energy=-17.9980355833496048, max S=2.2758282968011088, age=36, norm_err=1.6e-04
Current memory usage 897.4MB, wall time: 95.0s
Delta E = -5.5597e-04, Delta S = 1.0031e-02 (per sweep)
max trunc_err = 4.5665e-04, max E_trunc = 1.7135e-03
chi: [2, 4, 8, 16, 32, 64, 128, 256, 500, 500, 500, 500, 500, 500, 500, 500, 500, 500, 500, 500, 500, 500, 500, 500, 500, 500, 500, 256, 128, 64, 32, 16, 8, 4, 2]
energy=-17.9984001532314508, max S=2.2842678731404162, age=36, norm_err=1.3e-04
Current memory usage 915.9MB, wall time: 92.0s
Delta E = -3.6457e-04, Delta S = 5.1072e-03 (per sweep)
max trunc_err = 6.1873e-04, max E_trunc = 1.8634e-03
chi: [2, 4, 8, 16, 32, 64, 128, 256, 500, 500, 500, 500, 500, 500, 500, 500, 500, 500, 500, 500, 500, 500, 500, 500, 500, 500, 500, 256, 128, 64, 32, 16, 8, 4, 2]
energy=-17.9985184822420266, max S=2.2879877643512962, age=36, norm_err=1.2e-04
Current memory usage 924.0MB, wall time: 89.4s
Delta E = -1.1833e-04, Delta S = 1.9277e-03 (per sweep)
max trunc_err = 4.4914e-04, max E_trunc = 1.7640e-03
chi: [2, 4, 8, 16, 32, 64, 128, 256, 500, 500, 500, 500, 500, 500, 500, 500, 500, 500, 500, 500, 500, 500, 500, 500, 500, 500, 500, 256, 128, 64, 32, 16, 8, 4, 2]
energy=-17.9986490560330132, max S=2.2926409360566047, age=36, norm_err=4.5e-04
Current memory usage 930.7MB, wall time: 90.9s
Delta E = -1.3057e-04, Delta S = 2.5929e-03 (per sweep)
max trunc_err = 6.4929e-04, max E_trunc = 1.9194e-03
chi: [2, 4, 8, 16, 32, 64, 128, 256, 500, 500, 500, 500, 500, 500, 500, 500, 500, 500, 500, 500, 500, 500, 500, 500, 500, 500, 500, 256, 128, 64, 32, 16, 8, 4, 2]
energy=-17.9986254597184185, max S=2.2917225615638577, age=36, norm_err=9.8e-05
Current memory usage 937.2MB, wall time: 95.9s
Delta E = 2.3596e-05, Delta S = -6.8679e-04 (per sweep)
max trunc_err = 4.6683e-04, max E_trunc = 1.7844e-03
chi: [2, 4, 8, 16, 32, 64, 128, 256, 500, 500, 500, 500, 500, 500, 500, 500, 500, 500, 500, 500, 500, 500, 500, 500, 500, 500, 500, 256, 128, 64, 32, 16, 8, 4, 2]
energy=-17.9986860911892208, max S=2.2939888513426414, age=36, norm_err=3.5e-04
Current memory usage 937.2MB, wall time: 98.5s
Delta E = -6.0631e-05, Delta S = 1.1251e-03 (per sweep)
max trunc_err = 6.5659e-04, max E_trunc = 1.9187e-03
chi: [2, 4, 8, 16, 32, 64, 128, 256, 500, 500, 500, 500, 500, 500, 500, 500, 500, 500, 500, 500, 500, 500, 500, 500, 500, 500, 500, 256, 128, 64, 32, 16, 8, 4, 2]
energy=-17.9986284506349676, max S=2.2922544200721933, age=36, norm_err=7.0e-05
Current memory usage 939.8MB, wall time: 102.2s
Delta E = 5.7641e-05, Delta S = -9.7720e-04 (per sweep)
max trunc_err = 4.6746e-04, max E_trunc = 1.7867e-03
chi: [2, 4, 8, 16, 32, 64, 128, 256, 500, 500, 500, 500, 500, 500, 500, 500, 500, 500, 500, 500, 500, 500, 500, 500, 500, 500, 500, 256, 128, 64, 32, 16, 8, 4, 2]
energy=-17.9986895564655534, max S=2.2942340811764015, age=36, norm_err=3.5e-04
Current memory usage 947.6MB, wall time: 99.6s
Delta E = -6.1106e-05, Delta S = 1.0477e-03 (per sweep)
max trunc_err = 6.5884e-04, max E_trunc = 1.9174e-03
chi: [2, 4, 8, 16, 32, 64, 128, 256, 500, 500, 500, 500, 500, 500, 500, 500, 500, 500, 500, 500, 500, 500, 500, 500, 500, 500, 500, 256, 128, 64, 32, 16, 8, 4, 2]
energy=-17.9986343307661691, max S=2.2923997799771341, age=36, norm_err=6.2e-05
Current memory usage 947.6MB, wall time: 90.7s
Delta E = 5.5226e-05, Delta S = -9.9513e-04 (per sweep)
max trunc_err = 4.6768e-04, max E_trunc = 1.7868e-03
chi: [2, 4, 8, 16, 32, 64, 128, 256, 500, 500, 500, 500, 500, 500, 500, 500, 500, 500, 500, 500, 500, 500, 500, 500, 500, 500, 500, 256, 128, 64, 32, 16, 8, 4, 2]
energy=-17.9986908216999701, max S=2.2943458076434795, age=36, norm_err=3.5e-04
Current memory usage 949.0MB, wall time: 93.6s
Delta E = -5.6491e-05, Delta S = 1.0481e-03 (per sweep)
max trunc_err = 6.5980e-04, max E_trunc = 1.9180e-03
chi: [2, 4, 8, 16, 32, 64, 128, 256, 500, 500, 500, 500, 500, 500, 500, 500, 500, 500, 500, 500, 500, 500, 500, 500, 500, 500, 500, 256, 128, 64, 32, 16, 8, 4, 2]
energy=-17.9986335207909747, max S=2.2924462410917479, age=36, norm_err=6.2e-05
Current memory usage 952.2MB, wall time: 95.2s
Delta E = 5.7301e-05, Delta S = -1.0365e-03 (per sweep)
max trunc_err = 4.6825e-04, max E_trunc = 1.7876e-03
chi: [2, 4, 8, 16, 32, 64, 128, 256, 500, 500, 500, 500, 500, 500, 500, 500, 500, 500, 500, 500, 500, 500, 500, 500, 500, 500, 500, 256, 128, 64, 32, 16, 8, 4, 2]
energy=-17.9986924526106868, max S=2.2943630051046044, age=36, norm_err=3.5e-04
Current memory usage 952.2MB, wall time: 91.2s
Delta E = -5.8932e-05, Delta S = 1.0404e-03 (per sweep)
max trunc_err = 6.5964e-04, max E_trunc = 1.9173e-03
chi: [2, 4, 8, 16, 32, 64, 128, 256, 500, 500, 500, 500, 500, 500, 500, 500, 500, 500, 500, 500, 500, 500, 500, 500, 500, 500, 500, 256, 128, 64, 32, 16, 8, 4, 2]
energy=-17.9986324055434608, max S=2.2926077710481265, age=36, norm_err=6.2e-05
Current memory usage 952.2MB, wall time: 59.7s
Delta E = 6.0047e-05, Delta S = -9.5899e-04 (per sweep)
max trunc_err = 2.3407e-04, max E_trunc = 1.7870e-03
chi: [2, 4, 8, 16, 32, 64, 128, 256, 500, 500, 500, 500, 500, 500, 500, 500, 500, 500, 500, 500, 500, 500, 500, 500, 500, 500, 500, 256, 128, 64, 32, 16, 8, 4, 2]
WARNING : final DMRG state not in canonical form up to norm_tol=1.00e-05: norm_err=6.18e-05
RUNG chi=500: E = -71.994530 (Pauli, total), E/N = -0.4999620 S.S, sweeps 16, max trunc err 0.00023406871791057613, wall 00:27:34 = 3.68 core-h
energy=-18.0395943474556972, max S=2.5840482340309983, age=36, norm_err=5.6e-03
Current memory usage 2744.4MB, wall time: 431.1s
Delta E = nan, Delta S = 1.8983e-01 (per sweep)
max trunc_err = 2.3926e-04, max E_trunc = 9.0556e-04
chi: [2, 4, 8, 16, 32, 64, 128, 256, 512, 1000, 1000, 1000, 1000, 1000, 1000, 1000, 1000, 1000, 1000, 1000, 1000, 1000, 1000, 1000, 1000, 1000, 512, 256, 128, 64, 32, 16, 8, 4, 2]
energy=-18.0464930154145513, max S=2.6686616106501639, age=36, norm_err=9.2e-04
Current memory usage 2779.3MB, wall time: 150.8s
Delta E = -6.8987e-03, Delta S = 7.1239e-02 (per sweep)
max trunc_err = 4.4907e-04, max E_trunc = 1.5756e-03
chi: [2, 4, 8, 16, 32, 64, 128, 256, 512, 1000, 1000, 1000, 1000, 1000, 1000, 1000, 1000, 1000, 1000, 1000, 1000, 1000, 1000, 1000, 1000, 1000, 512, 256, 128, 64, 32, 16, 8, 4, 2]
energy=-18.0478657130780107, max S=2.6979358117429229, age=36, norm_err=1.9e-04
Current memory usage 2837.4MB, wall time: 146.2s
Delta E = -1.3727e-03, Delta S = 2.1842e-02 (per sweep)
max trunc_err = 3.7161e-04, max E_trunc = 1.5799e-03
chi: [2, 4, 8, 16, 32, 64, 128, 256, 512, 1000, 1000, 1000, 1000, 1000, 1000, 1000, 1000, 1000, 1000, 1000, 1000, 1000, 1000, 1000, 1000, 1000, 512, 256, 128, 64, 32, 16, 8, 4, 2]
energy=-18.0480367441757501, max S=2.7032265271387770, age=36, norm_err=1.6e-04
Current memory usage 2889.1MB, wall time: 152.0s
Delta E = -1.7103e-04, Delta S = 3.5900e-03 (per sweep)
max trunc_err = 5.0499e-04, max E_trunc = 1.7632e-03
chi: [2, 4, 8, 16, 32, 64, 128, 256, 512, 1000, 1000, 1000, 1000, 1000, 1000, 1000, 1000, 1000, 1000, 1000, 1000, 1000, 1000, 1000, 1000, 1000, 512, 256, 128, 64, 32, 16, 8, 4, 2]
energy=-18.0480306203532130, max S=2.7028850539338429, age=36, norm_err=4.8e-05
Current memory usage 2920.1MB, wall time: 144.5s
Delta E = 6.1238e-06, Delta S = 3.8123e-05 (per sweep)
max trunc_err = 3.6815e-04, max E_trunc = 1.6778e-03
chi: [2, 4, 8, 16, 32, 64, 128, 256, 512, 1000, 1000, 1000, 1000, 1000, 1000, 1000, 1000, 1000, 1000, 1000, 1000, 1000, 1000, 1000, 1000, 1000, 512, 256, 128, 64, 32, 16, 8, 4, 2]
energy=-18.0481033908649522, max S=2.7042174406405586, age=36, norm_err=2.3e-04
Current memory usage 2931.7MB, wall time: 138.5s
Delta E = -7.2771e-05, Delta S = 1.2498e-03 (per sweep)
max trunc_err = 5.3274e-04, max E_trunc = 1.8761e-03
chi: [2, 4, 8, 16, 32, 64, 128, 256, 512, 1000, 1000, 1000, 1000, 1000, 1000, 1000, 1000, 1000, 1000, 1000, 1000, 1000, 1000, 1000, 1000, 1000, 512, 256, 128, 64, 32, 16, 8, 4, 2]
energy=-18.0480853842635760, max S=2.7040131817311841, age=36, norm_err=4.6e-05
Current memory usage 2931.7MB, wall time: 144.5s
Delta E = 1.8007e-05, Delta S = -5.2515e-04 (per sweep)
max trunc_err = 3.9028e-04, max E_trunc = 1.6906e-03
chi: [2, 4, 8, 16, 32, 64, 128, 256, 512, 1000, 1000, 1000, 1000, 1000, 1000, 1000, 1000, 1000, 1000, 1000, 1000, 1000, 1000, 1000, 1000, 1000, 512, 256, 128, 64, 32, 16, 8, 4, 2]
energy=-18.0481354052978595, max S=2.7048448304775650, age=36, norm_err=2.3e-04
Current memory usage 2938.1MB, wall time: 148.0s
Delta E = -5.0021e-05, Delta S = 8.4408e-04 (per sweep)
max trunc_err = 5.4235e-04, max E_trunc = 1.8999e-03
chi: [2, 4, 8, 16, 32, 64, 128, 256, 512, 1000, 1000, 1000, 1000, 1000, 1000, 1000, 1000, 1000, 1000, 1000, 1000, 1000, 1000, 1000, 1000, 1000, 512, 256, 128, 64, 32, 16, 8, 4, 2]
energy=-18.0480980019954842, max S=2.7042666944837093, age=36, norm_err=4.5e-05
Current memory usage 2942.1MB, wall time: 141.3s
Delta E = 3.7403e-05, Delta S = -7.1841e-04 (per sweep)
max trunc_err = 3.9231e-04, max E_trunc = 1.7133e-03
chi: [2, 4, 8, 16, 32, 64, 128, 256, 512, 1000, 1000, 1000, 1000, 1000, 1000, 1000, 1000, 1000, 1000, 1000, 1000, 1000, 1000, 1000, 1000, 1000, 512, 256, 128, 64, 32, 16, 8, 4, 2]
energy=-18.0481484998023589, max S=2.7050881848336243, age=36, norm_err=2.3e-04
Current memory usage 2954.6MB, wall time: 143.1s
Delta E = -5.0498e-05, Delta S = 8.5296e-04 (per sweep)
max trunc_err = 5.4904e-04, max E_trunc = 1.9186e-03
chi: [2, 4, 8, 16, 32, 64, 128, 256, 512, 1000, 1000, 1000, 1000, 1000, 1000, 1000, 1000, 1000, 1000, 1000, 1000, 1000, 1000, 1000, 1000, 1000, 512, 256, 128, 64, 32, 16, 8, 4, 2]
energy=-18.0481147433240388, max S=2.7045864090802296, age=36, norm_err=4.3e-05
Current memory usage 2954.6MB, wall time: 136.4s
Delta E = 3.3756e-05, Delta S = -6.4226e-04 (per sweep)
max trunc_err = 3.9498e-04, max E_trunc = 1.7267e-03
chi: [2, 4, 8, 16, 32, 64, 128, 256, 512, 1000, 1000, 1000, 1000, 1000, 1000, 1000, 1000, 1000, 1000, 1000, 1000, 1000, 1000, 1000, 1000, 1000, 512, 256, 128, 64, 32, 16, 8, 4, 2]
energy=-18.0481629882703380, max S=2.7053976155244217, age=36, norm_err=2.3e-04
Current memory usage 2954.6MB, wall time: 135.0s
Delta E = -4.8245e-05, Delta S = 8.4190e-04 (per sweep)
max trunc_err = 5.5510e-04, max E_trunc = 1.9266e-03
chi: [2, 4, 8, 16, 32, 64, 128, 256, 512, 1000, 1000, 1000, 1000, 1000, 1000, 1000, 1000, 1000, 1000, 1000, 1000, 1000, 1000, 1000, 1000, 1000, 512, 256, 128, 64, 32, 16, 8, 4, 2]
energy=-18.0481312383763530, max S=2.7048192443690717, age=36, norm_err=4.2e-05
Current memory usage 2954.6MB, wall time: 139.4s
Delta E = 3.1750e-05, Delta S = -6.9091e-04 (per sweep)
max trunc_err = 3.9609e-04, max E_trunc = 1.7331e-03
chi: [2, 4, 8, 16, 32, 64, 128, 256, 512, 1000, 1000, 1000, 1000, 1000, 1000, 1000, 1000, 1000, 1000, 1000, 1000, 1000, 1000, 1000, 1000, 1000, 512, 256, 128, 64, 32, 16, 8, 4, 2]
energy=-18.0481841614896297, max S=2.7063980773255656, age=36, norm_err=3.3e-04
Current memory usage 2954.6MB, wall time: 143.3s
Delta E = -5.2923e-05, Delta S = 1.2101e-03 (per sweep)
max trunc_err = 5.5959e-04, max E_trunc = 1.9442e-03
chi: [2, 4, 8, 16, 32, 64, 128, 256, 512, 1000, 1000, 1000, 1000, 1000, 1000, 1000, 1000, 1000, 1000, 1000, 1000, 1000, 1000, 1000, 1000, 1000, 512, 256, 128, 64, 32, 16, 8, 4, 2]
energy=-18.0481459049138060, max S=2.7051464126303548, age=36, norm_err=4.3e-05
Current memory usage 2954.6MB, wall time: 143.6s
Delta E = 3.8257e-05, Delta S = -9.6355e-04 (per sweep)
max trunc_err = 3.9588e-04, max E_trunc = 1.7306e-03
chi: [2, 4, 8, 16, 32, 64, 128, 256, 512, 1000, 1000, 1000, 1000, 1000, 1000, 1000, 1000, 1000, 1000, 1000, 1000, 1000, 1000, 1000, 1000, 1000, 512, 256, 128, 64, 32, 16, 8, 4, 2]
energy=-18.0481828538407356, max S=2.7067064148703621, age=36, norm_err=3.3e-04
Current memory usage 2954.6MB, wall time: 93.9s
Delta E = -3.6949e-05, Delta S = 1.1630e-03 (per sweep)
max trunc_err = 2.7952e-04, max E_trunc = 1.9437e-03
chi: [2, 4, 8, 16, 32, 64, 128, 256, 512, 1000, 1000, 1000, 1000, 1000, 1000, 1000, 1000, 1000, 1000, 1000, 1000, 1000, 1000, 1000, 1000, 1000, 512, 256, 128, 64, 32, 16, 8, 4, 2]
WARNING : final DMRG state not in canonical form up to norm_tol=1.00e-05: norm_err=3.28e-04
RUNG chi=1000: E = -72.192731 (Pauli, total), E/N = -0.5013384 S.S, sweeps 16, max trunc err 0.0002795248075090648, wall 01:10:02 = 9.34 core-h
energy=-18.0854815880307136, max S=3.0501307877057928, age=36, norm_err=6.2e-03
Current memory usage 9694.8MB, wall time: 1083.3s
Delta E = nan, Delta S = 2.2072e-01 (per sweep)
max trunc_err = 1.2375e-04, max E_trunc = 5.3392e-04
chi: [2, 4, 8, 16, 32, 64, 128, 256, 512, 1024, 2000, 2000, 2000, 2000, 2000, 2000, 2000, 2000, 2000, 2000, 2000, 2000, 2000, 2000, 2000, 1024, 512, 256, 128, 64, 32, 16, 8, 4, 2]
energy=-18.0892124176443900, max S=3.1209530936208427, age=36, norm_err=4.9e-04
Current memory usage 9856.9MB, wall time: 390.0s
Delta E = -3.7308e-03, Delta S = 7.2373e-02 (per sweep)
max trunc_err = 2.1919e-04, max E_trunc = 8.4875e-04
chi: [2, 4, 8, 16, 32, 64, 128, 256, 512, 1024, 2000, 2000, 2000, 2000, 2000, 2000, 2000, 2000, 2000, 2000, 2000, 2000, 2000, 2000, 2000, 1024, 512, 256, 128, 64, 32, 16, 8, 4, 2]
energy=-18.0895738959613794, max S=3.1376601281734509, age=36, norm_err=7.4e-05
Current memory usage 10003.2MB, wall time: 399.2s
Delta E = -3.6148e-04, Delta S = 1.2435e-02 (per sweep)
max trunc_err = 2.3082e-04, max E_trunc = 9.3571e-04
chi: [2, 4, 8, 16, 32, 64, 128, 256, 512, 1024, 2000, 2000, 2000, 2000, 2000, 2000, 2000, 2000, 2000, 2000, 2000, 2000, 2000, 2000, 2000, 1024, 512, 256, 128, 64, 32, 16, 8, 4, 2]
energy=-18.0896665933469869, max S=3.1407562217851117, age=36, norm_err=3.0e-05
Current memory usage 10200.9MB, wall time: 390.0s
Delta E = -9.2697e-05, Delta S = 2.4477e-03 (per sweep)
max trunc_err = 2.3114e-04, max E_trunc = 9.7667e-04
chi: [2, 4, 8, 16, 32, 64, 128, 256, 512, 1024, 2000, 2000, 2000, 2000, 2000, 2000, 2000, 2000, 2000, 2000, 2000, 2000, 2000, 2000, 2000, 1024, 512, 256, 128, 64, 32, 16, 8, 4, 2]
energy=-18.0897157004009443, max S=3.1419865307123502, age=36, norm_err=2.2e-05
Current memory usage 10288.4MB, wall time: 370.7s
Delta E = -4.9107e-05, Delta S = 9.7892e-04 (per sweep)
max trunc_err = 2.2884e-04, max E_trunc = 9.9522e-04
chi: [2, 4, 8, 16, 32, 64, 128, 256, 512, 1024, 2000, 2000, 2000, 2000, 2000, 2000, 2000, 2000, 2000, 2000, 2000, 2000, 2000, 2000, 2000, 1024, 512, 256, 128, 64, 32, 16, 8, 4, 2]
energy=-18.0897446944275941, max S=3.1426072899038804, age=36, norm_err=1.9e-05
Current memory usage 10367.3MB, wall time: 373.9s
Delta E = -2.8994e-05, Delta S = 4.9718e-04 (per sweep)
max trunc_err = 2.2882e-04, max E_trunc = 1.0060e-03
chi: [2, 4, 8, 16, 32, 64, 128, 256, 512, 1024, 2000, 2000, 2000, 2000, 2000, 2000, 2000, 2000, 2000, 2000, 2000, 2000, 2000, 2000, 2000, 1024, 512, 256, 128, 64, 32, 16, 8, 4, 2]
energy=-18.0897723460629045, max S=3.1432938292759109, age=36, norm_err=1.9e-05
Current memory usage 10392.1MB, wall time: 394.7s
Delta E = -2.7652e-05, Delta S = 4.8331e-04 (per sweep)
max trunc_err = 3.0487e-04, max E_trunc = 1.0617e-03
chi: [2, 4, 8, 16, 32, 64, 128, 256, 512, 1024, 2000, 2000, 2000, 2000, 2000, 2000, 2000, 2000, 2000, 2000, 2000, 2000, 2000, 2000, 2000, 1024, 512, 256, 128, 64, 32, 16, 8, 4, 2]
energy=-18.0897742263239074, max S=3.1434151066707443, age=36, norm_err=1.7e-05
Current memory usage 10427.4MB, wall time: 379.5s
Delta E = -1.8803e-06, Delta S = 1.1355e-04 (per sweep)
max trunc_err = 2.3587e-04, max E_trunc = 1.0128e-03
chi: [2, 4, 8, 16, 32, 64, 128, 256, 512, 1024, 2000, 2000, 2000, 2000, 2000, 2000, 2000, 2000, 2000, 2000, 2000, 2000, 2000, 2000, 2000, 1024, 512, 256, 128, 64, 32, 16, 8, 4, 2]
energy=-18.0897873257305406, max S=3.1439172286703005, age=36, norm_err=1.8e-05
Current memory usage 10427.4MB, wall time: 405.7s
Delta E = -1.3099e-05, Delta S = 3.0527e-04 (per sweep)
max trunc_err = 3.0628e-04, max E_trunc = 1.0675e-03
chi: [2, 4, 8, 16, 32, 64, 128, 256, 512, 1024, 2000, 2000, 2000, 2000, 2000, 2000, 2000, 2000, 2000, 2000, 2000, 2000, 2000, 2000, 2000, 1024, 512, 256, 128, 64, 32, 16, 8, 4, 2]
energy=-18.0897833913408661, max S=3.1438477874029616, age=36, norm_err=1.6e-05
Current memory usage 10427.4MB, wall time: 407.5s
Delta E = 3.9344e-06, Delta S = -3.6757e-06 (per sweep)
max trunc_err = 2.3518e-04, max E_trunc = 1.0160e-03
chi: [2, 4, 8, 16, 32, 64, 128, 256, 512, 1024, 2000, 2000, 2000, 2000, 2000, 2000, 2000, 2000, 2000, 2000, 2000, 2000, 2000, 2000, 2000, 1024, 512, 256, 128, 64, 32, 16, 8, 4, 2]
energy=-18.0897937826418662, max S=3.1442603231475381, age=36, norm_err=1.8e-05
Current memory usage 10427.4MB, wall time: 396.4s
Delta E = -1.0391e-05, Delta S = 2.4142e-04 (per sweep)
max trunc_err = 3.0680e-04, max E_trunc = 1.0684e-03
chi: [2, 4, 8, 16, 32, 64, 128, 256, 512, 1024, 2000, 2000, 2000, 2000, 2000, 2000, 2000, 2000, 2000, 2000, 2000, 2000, 2000, 2000, 2000, 1024, 512, 256, 128, 64, 32, 16, 8, 4, 2]
energy=-18.0897852800908687, max S=3.1440924594030206, age=36, norm_err=1.6e-05
Current memory usage 10465.1MB, wall time: 378.4s
Delta E = 8.5026e-06, Delta S = -7.1949e-05 (per sweep)
max trunc_err = 2.3554e-04, max E_trunc = 1.0190e-03
chi: [2, 4, 8, 16, 32, 64, 128, 256, 512, 1024, 2000, 2000, 2000, 2000, 2000, 2000, 2000, 2000, 2000, 2000, 2000, 2000, 2000, 2000, 2000, 1024, 512, 256, 128, 64, 32, 16, 8, 4, 2]
energy=-18.0897926884034810, max S=3.1444077123879932, age=36, norm_err=1.8e-05
Current memory usage 10465.1MB, wall time: 356.2s
Delta E = -7.4083e-06, Delta S = 1.7432e-04 (per sweep)
max trunc_err = 3.0761e-04, max E_trunc = 1.0716e-03
chi: [2, 4, 8, 16, 32, 64, 128, 256, 512, 1024, 2000, 2000, 2000, 2000, 2000, 2000, 2000, 2000, 2000, 2000, 2000, 2000, 2000, 2000, 2000, 1024, 512, 256, 128, 64, 32, 16, 8, 4, 2]
energy=-18.0897839096103468, max S=3.1441844074100920, age=36, norm_err=1.7e-05
Current memory usage 10465.1MB, wall time: 377.3s
Delta E = 8.7788e-06, Delta S = -1.0819e-04 (per sweep)
max trunc_err = 2.3488e-04, max E_trunc = 1.0207e-03
chi: [2, 4, 8, 16, 32, 64, 128, 256, 512, 1024, 2000, 2000, 2000, 2000, 2000, 2000, 2000, 2000, 2000, 2000, 2000, 2000, 2000, 2000, 2000, 1024, 512, 256, 128, 64, 32, 16, 8, 4, 2]
energy=-18.0897921414723122, max S=3.1444747374882809, age=36, norm_err=1.8e-05
Current memory usage 10480.2MB, wall time: 373.3s
Delta E = -8.2319e-06, Delta S = 1.5726e-04 (per sweep)
max trunc_err = 3.0802e-04, max E_trunc = 1.0723e-03
chi: [2, 4, 8, 16, 32, 64, 128, 256, 512, 1024, 2000, 2000, 2000, 2000, 2000, 2000, 2000, 2000, 2000, 2000, 2000, 2000, 2000, 2000, 2000, 1024, 512, 256, 128, 64, 32, 16, 8, 4, 2]
energy=-18.0897844536966730, max S=3.1444318447393123, age=36, norm_err=1.7e-05
Current memory usage 10480.2MB, wall time: 238.1s
Delta E = 7.6878e-06, Delta S = -4.9321e-05 (per sweep)
max trunc_err = 1.1777e-04, max E_trunc = 1.0223e-03
chi: [2, 4, 8, 16, 32, 64, 128, 256, 512, 1024, 2000, 2000, 2000, 2000, 2000, 2000, 2000, 2000, 2000, 2000, 2000, 2000, 2000, 2000, 2000, 1024, 512, 256, 128, 64, 32, 16, 8, 4, 2]
WARNING : final DMRG state not in canonical form up to norm_tol=1.00e-05: norm_err=1.68e-05
RUNG chi=2000: E = -72.359138 (Pauli, total), E/N = -0.5024940 S.S, sweeps 16, max trunc err 0.00011776831792733298, wall 03:02:19 = 24.31 core-h
DONE dmrg-j1j2-36 2026-09-25T10:15:32Z
