NVIDIA A100 80GB PCIe, 81920 MiB
devices: [CudaDevice(id=0)]
rbm on J1J2/square_100_P_0.5: 10200 parameters, n_conn 400
step     0  t=    25.5s  E=-103.803267 ± 0.439576  var=795.4686  tau=0.00  Rhat=1.120
step    20  t=    41.0s  E=-126.786235 ± 0.370110  var=576.1707  tau=0.00  Rhat=1.119
step    40  t=    56.5s  E=-165.353386 ± 0.239706  var=221.4549  tau=0.03  Rhat=1.131
step    60  t=    72.4s  E=-180.931322 ± 0.177501  var=116.6118  tau=0.05  Rhat=1.129
step    80  t=    88.6s  E=-185.072180 ± 0.165088  var=108.6196  tau=0.01  Rhat=1.127
step   100  t=   104.9s  E=-186.273657 ± 0.164487  var=110.5584  tau=0.00  Rhat=1.117
step   120  t=   121.3s  E=-186.134695 ± 0.174655  var=123.3974  tau=0.01  Rhat=1.120
step   140  t=   137.7s  E=-185.964123 ± 0.182478  var=129.1323  tau=0.03  Rhat=1.121
step   160  t=   154.0s  E=-185.496310 ± 0.184008  var=133.9610  tau=0.02  Rhat=1.120
step   180  t=   170.2s  E=-185.133649 ± 0.179022  var=132.2906  tau=0.00  Rhat=1.120
step   200  t=   186.4s  E=-184.988450 ± 0.193405  var=144.9284  tau=0.03  Rhat=1.126
step   220  t=   202.5s  E=-184.912949 ± 0.195155  var=144.2696  tau=0.04  Rhat=1.125
step   240  t=   218.6s  E=-185.233680 ± 0.187814  var=137.6199  tau=0.02  Rhat=1.127
step   260  t=   234.6s  E=-185.284196 ± 0.188745  var=146.4001  tau=0.00  Rhat=1.118
step   280  t=   250.6s  E=-185.014644 ± 0.207267  var=165.2363  tau=0.03  Rhat=1.130
step   300  t=   266.6s  E=-184.978394 ± 0.192242  var=151.4669  tau=0.00  Rhat=1.120
step   320  t=   282.5s  E=-185.086981 ± 0.193907  var=144.4921  tau=0.03  Rhat=1.123
step   340  t=   298.4s  E=-185.066426 ± 0.191998  var=140.1044  tau=0.04  Rhat=1.120
step   360  t=   314.3s  E=-185.106988 ± 0.194454  var=144.7221  tau=0.04  Rhat=1.128
step   380  t=   330.2s  E=-185.274470 ± 0.194871  var=154.2633  tau=0.00  Rhat=1.126
step   400  t=   346.1s  E=-185.279624 ± 0.195696  var=146.5680  tau=0.04  Rhat=1.121
step   420  t=   362.0s  E=-185.434806 ± 0.191234  var=144.9199  tau=0.02  Rhat=1.120
step   440  t=   377.8s  E=-185.118704 ± 0.190682  var=140.2933  tau=0.03  Rhat=1.126
step   460  t=   393.6s  E=-184.960879 ± 0.192339  var=142.1145  tau=0.03  Rhat=1.122
step   480  t=   409.5s  E=-185.461990 ± 0.198998  var=150.5604  tau=0.04  Rhat=1.128
step   500  t=   425.3s  E=-185.611717 ± 0.187998  var=135.9971  tau=0.03  Rhat=1.131
step   520  t=   441.1s  E=-185.801626 ± 0.192770  var=141.8430  tau=0.04  Rhat=1.129
step   540  t=   457.0s  E=-185.952812 ± 0.178887  var=131.3755  tau=0.00  Rhat=1.121
step   560  t=   472.9s  E=-185.470741 ± 0.180349  var=132.1656  tau=0.00  Rhat=1.122
step   580  t=   488.7s  E=-185.622650 ± 0.200007  var=152.5716  tau=0.04  Rhat=1.123
step   600  t=   504.6s  E=-185.413163 ± 0.184856  var=132.2997  tau=0.03  Rhat=1.131
step   620  t=   520.4s  E=-185.770115 ± 0.195989  var=141.5375  tau=0.06  Rhat=1.136
step   640  t=   536.2s  E=-185.766386 ± 0.181575  var=130.4402  tau=0.02  Rhat=1.125
step   660  t=   552.0s  E=-185.671241 ± 0.183705  var=131.4661  tau=0.03  Rhat=1.130
step   680  t=   567.8s  E=-185.942982 ± 0.177719  var=125.3833  tau=0.02  Rhat=1.124
step   700  t=   583.5s  E=-185.995275 ± 0.176351  var=129.4509  tau=0.00  Rhat=1.114
step   720  t=   599.3s  E=-185.864456 ± 0.189118  var=136.6066  tau=0.04  Rhat=1.131
step   740  t=   615.1s  E=-186.044863 ± 0.176578  var=121.2769  tau=0.03  Rhat=1.126
step   760  t=   630.9s  E=-185.820942 ± 0.185878  var=135.2411  tau=0.02  Rhat=1.126
step   780  t=   646.7s  E=-186.007877 ± 0.175878  var=126.2194  tau=0.00  Rhat=1.120
step   800  t=   662.5s  E=-186.213306 ± 0.186211  var=127.6245  tau=0.06  Rhat=1.131
step   820  t=   678.2s  E=-186.025051 ± 0.185004  var=136.5722  tau=0.01  Rhat=1.114
step   840  t=   694.0s  E=-185.949480 ± 0.173828  var=122.1140  tau=0.01  Rhat=1.122
step   860  t=   709.8s  E=-186.184111 ± 0.185031  var=134.0428  tau=0.02  Rhat=1.122
step   880  t=   725.5s  E=-186.176488 ± 0.182318  var=122.8909  tau=0.05  Rhat=1.129
step   900  t=   741.2s  E=-186.371184 ± 0.172265  var=121.8134  tau=0.00  Rhat=1.120
step   920  t=   757.0s  E=-186.339849 ± 0.182060  var=126.3660  tau=0.04  Rhat=1.125
step   940  t=   772.7s  E=-186.394181 ± 0.175781  var=119.6111  tau=0.03  Rhat=1.128
step   960  t=   788.4s  E=-186.170185 ± 0.168915  var=116.4111  tau=0.00  Rhat=1.120
step   980  t=   804.2s  E=-186.435515 ± 0.178445  var=123.4998  tau=0.03  Rhat=1.126
step  1000  t=   819.9s  E=-186.410137 ± 0.175625  var=118.4995  tau=0.03  Rhat=1.128
step  1020  t=   835.7s  E=-186.232784 ± 0.183367  var=123.6329  tau=0.06  Rhat=1.126
step  1040  t=   851.4s  E=-186.554006 ± 0.174055  var=118.8664  tau=0.02  Rhat=1.131
step  1060  t=   867.1s  E=-186.644210 ± 0.167141  var=111.6119  tau=0.01  Rhat=1.123
step  1080  t=   882.8s  E=-186.832493 ± 0.178372  var=126.3456  tau=0.02  Rhat=1.119
step  1100  t=   898.6s  E=-186.692838 ± 0.170909  var=114.7879  tau=0.02  Rhat=1.129
step  1120  t=   914.3s  E=-186.768413 ± 0.167976  var=110.6041  tau=0.02  Rhat=1.121
step  1140  t=   930.1s  E=-186.789122 ± 0.169068  var=115.2325  tau=0.01  Rhat=1.124
step  1160  t=   945.9s  E=-186.803250 ± 0.168547  var=105.6336  tau=0.05  Rhat=1.122
step  1180  t=   961.6s  E=-187.033870 ± 0.167506  var=109.9004  tau=0.02  Rhat=1.127
step  1200  t=   977.3s  E=-187.161688 ± 0.169613  var=110.5157  tau=0.03  Rhat=1.122
step  1220  t=   993.1s  E=-187.158850 ± 0.166362  var=110.7280  tau=0.01  Rhat=1.127
step  1240  t=  1008.9s  E=-186.959446 ± 0.167059  var=112.3257  tau=0.01  Rhat=1.116
step  1260  t=  1024.6s  E=-187.364485 ± 0.167995  var=108.5490  tau=0.03  Rhat=1.128
step  1280  t=  1040.4s  E=-187.396875 ± 0.167275  var=109.5639  tau=0.02  Rhat=1.113
step  1300  t=  1056.1s  E=-187.198391 ± 0.169661  var=112.3414  tau=0.02  Rhat=1.122
step  1320  t=  1072.0s  E=-187.096111 ± 0.169324  var=104.7739  tau=0.06  Rhat=1.134
step  1340  t=  1087.8s  E=-187.079132 ± 0.167149  var=108.4918  tau=0.03  Rhat=1.123
step  1360  t=  1103.6s  E=-187.540527 ± 0.170450  var=111.1065  tau=0.04  Rhat=1.125
step  1380  t=  1119.4s  E=-187.631915 ± 0.165839  var=104.9806  tau=0.04  Rhat=1.130
step  1400  t=  1135.3s  E=-187.510445 ± 0.167296  var=110.5168  tau=0.02  Rhat=1.125
step  1420  t=  1151.1s  E=-187.478911 ± 0.161096  var=100.1223  tau=0.03  Rhat=1.126
step  1440  t=  1166.9s  E=-187.731584 ± 0.163635  var=103.5495  tau=0.03  Rhat=1.128
step  1460  t=  1182.9s  E=-187.621572 ± 0.167342  var=110.0221  tau=0.02  Rhat=1.128
step  1480  t=  1198.7s  E=-187.980112 ± 0.167686  var=110.5873  tau=0.02  Rhat=1.129
step  1500  t=  1214.5s  E=-187.823866 ± 0.160784  var=97.8316  tau=0.04  Rhat=1.125
step  1520  t=  1230.5s  E=-188.002464 ± 0.162042  var=104.3413  tau=0.02  Rhat=1.124
step  1540  t=  1246.4s  E=-187.752981 ± 0.163282  var=104.8698  tau=0.02  Rhat=1.125
step  1560  t=  1262.4s  E=-187.827159 ± 0.167864  var=101.3109  tau=0.07  Rhat=1.132
step  1580  t=  1278.3s  E=-187.740506 ± 0.162560  var=102.3940  tau=0.03  Rhat=1.124
step  1600  t=  1294.2s  E=-188.045519 ± 0.164031  var=101.8006  tau=0.04  Rhat=1.124
step  1620  t=  1310.1s  E=-187.819310 ± 0.162387  var=98.8788  tau=0.05  Rhat=1.129
step  1640  t=  1326.0s  E=-188.056607 ± 0.158797  var=95.3887  tau=0.04  Rhat=1.130
step  1660  t=  1341.9s  E=-187.901749 ± 0.158480  var=104.6315  tau=0.00  Rhat=1.122
step  1680  t=  1357.9s  E=-188.112148 ± 0.160888  var=102.8720  tau=0.02  Rhat=1.125
step  1700  t=  1373.8s  E=-188.138894 ± 0.157273  var=103.8435  tau=0.00  Rhat=1.119
step  1720  t=  1389.7s  E=-188.479808 ± 0.161650  var=101.4082  tau=0.03  Rhat=1.126
step  1740  t=  1405.6s  E=-188.391720 ± 0.156158  var=91.3365  tau=0.05  Rhat=1.121
step  1760  t=  1421.5s  E=-188.466148 ± 0.160121  var=100.2795  tau=0.02  Rhat=1.122
step  1780  t=  1437.4s  E=-188.141603 ± 0.159508  var=99.7268  tau=0.02  Rhat=1.123
step  1800  t=  1453.3s  E=-188.226818 ± 0.150990  var=94.2590  tau=0.00  Rhat=1.118
step  1820  t=  1469.2s  E=-188.594885 ± 0.162049  var=101.4867  tau=0.03  Rhat=1.127
step  1840  t=  1485.1s  E=-188.472614 ± 0.160321  var=96.2792  tau=0.05  Rhat=1.126
step  1860  t=  1501.0s  E=-188.423513 ± 0.155406  var=93.6671  tau=0.03  Rhat=1.132
step  1880  t=  1516.8s  E=-188.375356 ± 0.153524  var=91.8863  tau=0.03  Rhat=1.121
step  1900  t=  1532.7s  E=-188.335763 ± 0.153661  var=97.4259  tau=0.00  Rhat=1.124
step  1920  t=  1548.6s  E=-188.405935 ± 0.153021  var=96.0986  tau=0.00  Rhat=1.114
step  1940  t=  1564.5s  E=-188.560365 ± 0.159191  var=97.4613  tau=0.03  Rhat=1.121
step  1960  t=  1580.3s  E=-188.550124 ± 0.153380  var=93.0203  tau=0.02  Rhat=1.124
step  1980  t=  1596.2s  E=-188.403149 ± 0.151436  var=91.6097  tau=0.01  Rhat=1.119
FINAL rbm J1J2/square_100_P_0.5: E = -188.576942 ± 0.027390 (Pauli, total), E/N = -0.4714424 S.S, var 94.9329, tau 0.02, Rhat 1.004; wall 00:27:07 on 1 x NVIDIA A100 80GB PCIe; 10200 parameters, 2000 steps x 4096 samples
DONE rbm-j1j2-100 2026-09-24T18:20:23Z
