NVIDIA A100 80GB PCIe, 81920 MiB
devices: [CudaDevice(id=0)]
vit on Heisenberg/triangular_36_P: 154800 parameters, n_conn 108
step     0  t=    61.0s  E=107.999945 ± 0.000116  var=0.0001  tau=0.00  Rhat=1.117
step    20  t=   105.9s  E=108.000032 ± 0.000206  var=0.0002  tau=0.00  Rhat=1.117
step    40  t=   161.1s  E=107.998277 ± 0.001380  var=0.0083  tau=0.00  Rhat=1.112
step    60  t=   249.7s  E=107.526116 ± 0.076194  var=23.7528  tau=0.00  Rhat=1.118
step    80  t=   345.9s  E=-23.415605 ± 0.464874  var=449.9329  tau=0.48  Rhat=1.190
step   100  t=   442.1s  E=-49.572064 ± 0.306978  var=303.0596  tau=0.14  Rhat=1.131
step   120  t=   538.4s  E=-55.856730 ± 0.256569  var=113.1594  tau=0.69  Rhat=1.223
step   140  t=   634.6s  E=-64.045158 ± 0.247194  var=99.5577  tau=0.76  Rhat=1.240
step   160  t=   730.9s  E=-70.385281 ± 0.069943  var=14.0322  tau=0.21  Rhat=1.147
step   180  t=   827.2s  E=-72.377958 ± 0.062039  var=12.1466  tau=0.15  Rhat=1.142
step   200  t=   923.4s  E=-72.905424 ± 0.054049  var=9.5042  tau=0.13  Rhat=1.154
step   220  t=  1019.7s  E=-73.395820 ± 0.047253  var=8.1001  tau=0.06  Rhat=1.126
step   240  t=  1116.0s  E=-73.456163 ± 0.054951  var=12.2870  tau=0.00  Rhat=1.116
step   260  t=  1212.3s  E=-73.533334 ± 0.069542  var=19.4665  tau=0.01  Rhat=1.118
step   280  t=  1308.5s  E=-73.088702 ± 0.057257  var=11.6626  tau=0.08  Rhat=1.134
step   300  t=  1404.7s  E=-73.595993 ± 0.035577  var=5.4923  tau=0.00  Rhat=1.103
step   320  t=  1500.9s  E=-73.635385 ± 0.049161  var=9.4734  tau=0.02  Rhat=1.125
step   340  t=  1597.2s  E=-73.744668 ± 0.041535  var=7.0502  tau=0.00  Rhat=1.116
step   360  t=  1693.4s  E=-73.817395 ± 0.033054  var=4.3172  tau=0.02  Rhat=1.120
step   380  t=  1789.8s  E=-73.842672 ± 0.030444  var=3.8293  tau=0.00  Rhat=1.112
step   400  t=  1886.0s  E=-73.841235 ± 0.043323  var=7.8399  tau=0.00  Rhat=1.114
step   420  t=  1982.3s  E=-73.909954 ± 0.034325  var=4.7654  tau=0.01  Rhat=1.120
step   440  t=  2078.5s  E=-73.882624 ± 0.036024  var=5.2020  tau=0.01  Rhat=1.117
step   460  t=  2174.8s  E=-73.932749 ± 0.033008  var=4.5531  tau=0.00  Rhat=1.109
step   480  t=  2271.0s  E=-73.965452 ± 0.041205  var=6.9102  tau=0.00  Rhat=1.122
step   500  t=  2367.2s  E=-73.666184 ± 0.042648  var=6.5843  tau=0.07  Rhat=1.124
step   520  t=  2463.5s  E=-73.861958 ± 0.033767  var=4.4751  tau=0.02  Rhat=1.121
step   540  t=  2559.9s  E=-73.930730 ± 0.033395  var=4.4970  tau=0.01  Rhat=1.118
step   560  t=  2656.3s  E=-73.933587 ± 0.040295  var=6.9728  tau=0.00  Rhat=1.119
step   580  t=  2752.6s  E=-73.902854 ± 0.043542  var=8.0681  tau=0.00  Rhat=1.112
step   600  t=  2849.0s  E=-73.954648 ± 0.032659  var=4.4519  tau=0.00  Rhat=1.119
step   620  t=  2945.4s  E=-73.975079 ± 0.028754  var=3.4850  tau=0.00  Rhat=1.117
step   640  t=  3041.7s  E=-74.017772 ± 0.031229  var=3.9809  tau=0.00  Rhat=1.119
step   660  t=  3138.1s  E=-73.949647 ± 0.033602  var=4.4065  tau=0.02  Rhat=1.121
step   680  t=  3234.5s  E=-73.981949 ± 0.047152  var=9.1104  tau=0.00  Rhat=1.119
step   700  t=  3330.8s  E=-73.923173 ± 0.075915  var=24.0452  tau=0.00  Rhat=1.118
step   720  t=  3427.0s  E=-73.950399 ± 0.033015  var=4.5673  tau=0.00  Rhat=1.121
step   740  t=  3523.2s  E=-73.981575 ± 0.027073  var=2.9052  tau=0.02  Rhat=1.121
step   760  t=  3619.4s  E=-74.015678 ± 0.031608  var=3.8803  tau=0.03  Rhat=1.129
step   780  t=  3715.7s  E=-73.992884 ± 0.028607  var=3.5337  tau=0.00  Rhat=1.114
step   800  t=  3811.9s  E=-73.989185 ± 0.051708  var=11.1397  tau=0.00  Rhat=1.112
step   820  t=  3908.1s  E=-73.991259 ± 0.031934  var=4.1597  tau=0.00  Rhat=1.123
step   840  t=  4004.3s  E=-73.992714 ± 0.048639  var=9.1197  tau=0.03  Rhat=1.123
step   860  t=  4100.5s  E=-74.088716 ± 0.030911  var=3.7608  tau=0.02  Rhat=1.118
step   880  t=  4196.7s  E=-73.987270 ± 0.041235  var=6.7724  tau=0.01  Rhat=1.120
step   900  t=  4292.8s  E=-74.011800 ± 0.034830  var=4.8615  tau=0.01  Rhat=1.119
step   920  t=  4389.0s  E=-74.015587 ± 0.049686  var=9.8350  tau=0.01  Rhat=1.120
step   940  t=  4485.2s  E=-73.973978 ± 0.041920  var=6.7149  tau=0.04  Rhat=1.131
step   960  t=  4581.4s  E=-74.019929 ± 0.036394  var=5.3741  tau=0.00  Rhat=1.124
step   980  t=  4677.5s  E=-74.045738 ± 0.033435  var=4.9293  tau=0.00  Rhat=1.116
step  1000  t=  4773.7s  E=-74.025177 ± 0.035213  var=4.9864  tau=0.01  Rhat=1.121
step  1020  t=  4869.9s  E=-73.956847 ± 0.089596  var=33.0485  tau=0.00  Rhat=1.118
step  1040  t=  4966.1s  E=-74.038326 ± 0.031878  var=4.1083  tau=0.01  Rhat=1.120
step  1060  t=  5062.4s  E=-74.078053 ± 0.026270  var=2.9490  tau=0.00  Rhat=1.115
step  1080  t=  5158.6s  E=-74.050981 ± 0.024669  var=2.5898  tau=0.00  Rhat=1.120
step  1100  t=  5254.8s  E=-74.070543 ± 0.030169  var=3.5771  tau=0.02  Rhat=1.125
step  1120  t=  5351.0s  E=-74.046012 ± 0.028169  var=3.3701  tau=0.00  Rhat=1.110
step  1140  t=  5447.2s  E=-73.994603 ± 0.037872  var=5.8356  tau=0.00  Rhat=1.120
step  1160  t=  5543.3s  E=-74.065019 ± 0.026109  var=2.7732  tau=0.00  Rhat=1.112
step  1180  t=  5639.6s  E=-74.077673 ± 0.026945  var=2.9574  tau=0.00  Rhat=1.117
step  1200  t=  5735.8s  E=-74.059381 ± 0.030017  var=3.7422  tau=0.00  Rhat=1.121
step  1220  t=  5832.0s  E=-74.015338 ± 0.092327  var=34.7617  tau=0.00  Rhat=1.119
step  1240  t=  5928.2s  E=-73.995797 ± 0.033882  var=4.3713  tau=0.04  Rhat=1.128
step  1260  t=  6024.3s  E=-74.097763 ± 0.033367  var=4.8140  tau=0.00  Rhat=1.111
step  1280  t=  6120.5s  E=-74.096103 ± 0.031595  var=4.2815  tau=0.00  Rhat=1.119
step  1300  t=  6216.6s  E=-74.030281 ± 0.026633  var=2.8561  tau=0.01  Rhat=1.117
step  1320  t=  6312.9s  E=-74.044454 ± 0.034340  var=4.7581  tau=0.01  Rhat=1.120
step  1340  t=  6409.1s  E=-74.056334 ± 0.027937  var=3.0556  tau=0.02  Rhat=1.120
step  1360  t=  6505.2s  E=-74.034673 ± 0.040242  var=6.6597  tau=0.00  Rhat=1.116
step  1380  t=  6601.4s  E=-74.124957 ± 0.043580  var=7.0316  tau=0.05  Rhat=1.136
step  1400  t=  6697.7s  E=-74.107807 ± 0.024618  var=2.5419  tau=0.00  Rhat=1.117
step  1420  t=  6794.1s  E=-74.057940 ± 0.033243  var=4.5149  tau=0.00  Rhat=1.114
step  1440  t=  6890.6s  E=-74.140819 ± 0.026086  var=2.6272  tau=0.03  Rhat=1.119
step  1460  t=  6987.1s  E=-74.102962 ± 0.029321  var=3.7166  tau=0.00  Rhat=1.117
step  1480  t=  7083.6s  E=-74.090106 ± 0.024616  var=2.5110  tau=0.00  Rhat=1.118
step  1500  t=  7180.0s  E=-74.079851 ± 0.023148  var=2.2662  tau=0.00  Rhat=1.110
step  1520  t=  7276.7s  E=-74.104220 ± 0.024317  var=2.7044  tau=0.00  Rhat=1.097
step  1540  t=  7373.3s  E=-74.085292 ± 0.028318  var=3.6577  tau=0.00  Rhat=1.116
step  1560  t=  7469.8s  E=-74.081283 ± 0.032902  var=4.2717  tau=0.02  Rhat=1.124
step  1580  t=  7566.3s  E=-74.137647 ± 0.031800  var=4.3609  tau=0.00  Rhat=1.114
step  1600  t=  7662.8s  E=-74.009176 ± 0.042134  var=7.1822  tau=0.01  Rhat=1.118
step  1620  t=  7759.3s  E=-74.144843 ± 0.027370  var=3.1009  tau=0.00  Rhat=1.112
step  1640  t=  7855.7s  E=-74.090247 ± 0.023941  var=2.3813  tau=0.00  Rhat=1.113
step  1660  t=  7952.2s  E=-74.087038 ± 0.026870  var=3.0247  tau=0.00  Rhat=1.120
step  1680  t=  8048.6s  E=-74.093141 ± 0.025040  var=2.6318  tau=0.00  Rhat=1.118
step  1700  t=  8145.0s  E=-74.079955 ± 0.024055  var=2.2765  tau=0.02  Rhat=1.114
step  1720  t=  8241.5s  E=-74.111863 ± 0.025510  var=2.5936  tau=0.01  Rhat=1.115
step  1740  t=  8338.0s  E=-74.131118 ± 0.023907  var=2.4345  tau=0.00  Rhat=1.116
step  1760  t=  8434.5s  E=-74.094345 ± 0.028353  var=3.2946  tau=0.00  Rhat=1.116
step  1780  t=  8531.0s  E=-74.102158 ± 0.025203  var=2.6291  tau=0.00  Rhat=1.117
step  1800  t=  8627.5s  E=-74.003326 ± 0.108900  var=48.3460  tau=0.00  Rhat=1.118
step  1820  t=  8724.0s  E=-74.111515 ± 0.027194  var=3.2175  tau=0.00  Rhat=1.110
step  1840  t=  8820.7s  E=-74.114251 ± 0.023660  var=2.2088  tau=0.02  Rhat=1.129
step  1860  t=  8917.2s  E=-74.121214 ± 0.032363  var=4.4573  tau=0.00  Rhat=1.117
step  1880  t=  9013.7s  E=-74.144336 ± 0.022791  var=2.0774  tau=0.01  Rhat=1.117
step  1900  t=  9110.2s  E=-74.100360 ± 0.033657  var=4.5034  tau=0.02  Rhat=1.119
step  1920  t=  9206.5s  E=-74.083867 ± 0.026902  var=3.1142  tau=0.00  Rhat=1.124
step  1940  t=  9302.8s  E=-74.175268 ± 0.022120  var=2.1204  tau=0.00  Rhat=1.116
step  1960  t=  9399.1s  E=-74.129264 ± 0.021858  var=1.9109  tau=0.01  Rhat=1.123
step  1980  t=  9495.7s  E=-74.081825 ± 0.029925  var=3.6264  tau=0.01  Rhat=1.123
FINAL vit Heisenberg/triangular_36_P: E = -74.116510 ± 0.005302 (Pauli, total), E/N = -0.5146980 S.S, var 3.5259, tau 0.02, Rhat 1.004; wall 02:40:20 on 1 x NVIDIA A100 80GB PCIe; 154800 parameters, 2000 steps x 4096 samples
DONE vit-tri-36 2026-09-21T13:47:17Z
