NVIDIA A100 80GB PCIe, 81920 MiB
devices: [CudaDevice(id=0)]
gcnn on J1J2/square_100_P_0.5: 20032 parameters, n_conn 400
step     0  t=    39.2s  E=-104.070563 ± 0.444452  var=785.5217  tau=0.02  Rhat=1.123
step    20  t=   131.5s  E=-130.286205 ± 0.378148  var=602.2492  tau=0.00  Rhat=1.120
step    40  t=   223.7s  E=-169.937226 ± 0.226211  var=206.5702  tau=0.01  Rhat=1.124
step    60  t=   315.9s  E=-186.140151 ± 0.151550  var=83.7219  tau=0.06  Rhat=1.133
step    80  t=   408.0s  E=-192.351239 ± 0.111544  var=52.6091  tau=0.00  Rhat=1.117
step   100  t=   500.2s  E=-195.027392 ± 0.100096  var=41.2610  tau=0.00  Rhat=1.112
step   120  t=   592.5s  E=-195.868624 ± 0.096240  var=37.1327  tau=0.01  Rhat=1.118
step   140  t=   685.0s  E=-196.456064 ± 0.085884  var=30.6078  tau=0.00  Rhat=1.118
step   160  t=   777.4s  E=-196.977812 ± 0.081168  var=26.8085  tau=0.00  Rhat=1.127
step   180  t=   869.9s  E=-197.265490 ± 0.074323  var=22.1578  tau=0.01  Rhat=1.129
step   200  t=   962.6s  E=-197.411469 ± 0.071501  var=20.3419  tau=0.01  Rhat=1.111
step   220  t=  1055.1s  E=-197.677876 ± 0.065855  var=17.7286  tau=0.00  Rhat=1.122
step   240  t=  1147.7s  E=-197.729890 ± 0.069253  var=17.7162  tau=0.05  Rhat=1.130
step   260  t=  1240.2s  E=-197.736408 ± 0.073987  var=22.7635  tau=0.00  Rhat=1.120
step   280  t=  1332.8s  E=-197.858212 ± 0.064378  var=16.2393  tau=0.02  Rhat=1.125
step   300  t=  1425.4s  E=-197.746338 ± 0.068518  var=20.4377  tau=0.00  Rhat=1.109
step   320  t=  1517.9s  E=-197.753639 ± 0.067915  var=19.4628  tau=0.00  Rhat=1.118
step   340  t=  1610.5s  E=-197.876309 ± 0.064820  var=17.1115  tau=0.00  Rhat=1.119
step   360  t=  1702.9s  E=-197.993579 ± 0.059729  var=13.6784  tau=0.03  Rhat=1.125
step   380  t=  1795.2s  E=-197.918608 ± 0.057599  var=12.9175  tau=0.03  Rhat=1.122
step   400  t=  1887.4s  E=-197.863948 ± 0.057160  var=13.8363  tau=0.00  Rhat=1.113
step   420  t=  1979.7s  E=-197.999898 ± 0.064665  var=16.8094  tau=0.01  Rhat=1.122
step   440  t=  2071.9s  E=-197.995218 ± 0.055600  var=13.0582  tau=0.00  Rhat=1.110
step   460  t=  2164.3s  E=-197.891303 ± 0.064181  var=17.2804  tau=0.00  Rhat=1.118
step   480  t=  2256.4s  E=-197.973230 ± 0.055857  var=12.7611  tau=0.00  Rhat=1.120
step   500  t=  2348.6s  E=-197.953357 ± 0.057757  var=13.3093  tau=0.01  Rhat=1.129
step   520  t=  2440.7s  E=-197.866011 ± 0.063524  var=16.3141  tau=0.01  Rhat=1.118
step   540  t=  2532.9s  E=-197.924269 ± 0.058250  var=13.9191  tau=0.00  Rhat=1.117
step   560  t=  2625.1s  E=-198.001259 ± 0.056769  var=12.9808  tau=0.01  Rhat=1.117
step   580  t=  2717.4s  E=-198.046782 ± 0.057100  var=13.2888  tau=0.00  Rhat=1.118
step   600  t=  2809.7s  E=-198.017536 ± 0.068267  var=18.2573  tau=0.02  Rhat=1.130
step   620  t=  2902.0s  E=-197.919597 ± 0.059267  var=13.9502  tau=0.02  Rhat=1.120
step   640  t=  2994.3s  E=-197.973985 ± 0.072965  var=21.2024  tau=0.01  Rhat=1.130
step   660  t=  3086.5s  E=-198.081325 ± 0.058438  var=14.2322  tau=0.00  Rhat=1.117
step   680  t=  3178.7s  E=-198.009798 ± 0.064125  var=17.2968  tau=0.00  Rhat=1.111
step   700  t=  3270.8s  E=-198.094255 ± 0.053101  var=12.7376  tau=0.00  Rhat=1.106
step   720  t=  3362.9s  E=-198.042504 ± 0.053013  var=11.7003  tau=0.00  Rhat=1.122
step   740  t=  3455.2s  E=-198.101692 ± 0.056553  var=12.8373  tau=0.01  Rhat=1.119
step   760  t=  3547.4s  E=-198.129344 ± 0.053037  var=11.7878  tau=0.00  Rhat=1.122
step   780  t=  3639.7s  E=-198.054371 ± 0.051648  var=10.8623  tau=0.00  Rhat=1.113
step   800  t=  3732.0s  E=-197.982110 ± 0.053452  var=11.8110  tau=0.00  Rhat=1.117
step   820  t=  3824.4s  E=-198.081373 ± 0.055513  var=12.5134  tau=0.00  Rhat=1.117
step   840  t=  3916.7s  E=-198.122021 ± 0.057333  var=12.9700  tau=0.02  Rhat=1.126
step   860  t=  4009.1s  E=-198.047582 ± 0.051564  var=10.9999  tau=0.00  Rhat=1.117
step   880  t=  4101.4s  E=-198.122028 ± 0.050047  var=10.8369  tau=0.00  Rhat=1.113
step   900  t=  4193.8s  E=-198.136092 ± 0.068256  var=19.2982  tau=0.00  Rhat=1.111
step   920  t=  4286.2s  E=-198.101992 ± 0.052535  var=11.7556  tau=0.00  Rhat=1.115
step   940  t=  4378.6s  E=-198.068843 ± 0.051930  var=10.8647  tau=0.01  Rhat=1.120
step   960  t=  4471.1s  E=-198.039613 ± 0.060906  var=14.1216  tau=0.04  Rhat=1.128
step   980  t=  4563.6s  E=-198.154769 ± 0.064249  var=16.8253  tau=0.00  Rhat=1.117
step  1000  t=  4656.1s  E=-198.156466 ± 0.053111  var=11.6164  tau=0.00  Rhat=1.117
step  1020  t=  4748.5s  E=-198.124419 ± 0.056411  var=12.5950  tau=0.02  Rhat=1.118
step  1040  t=  4841.0s  E=-198.065523 ± 0.060250  var=14.3898  tau=0.02  Rhat=1.116
step  1060  t=  4933.4s  E=-198.113601 ± 0.047337  var=9.3732  tau=0.00  Rhat=1.115
step  1080  t=  5025.8s  E=-198.142424 ± 0.054744  var=13.1655  tau=0.00  Rhat=1.111
step  1100  t=  5118.3s  E=-198.150502 ± 0.049661  var=10.7723  tau=0.00  Rhat=1.115
step  1120  t=  5210.7s  E=-198.098736 ± 0.057808  var=15.6249  tau=0.00  Rhat=1.081
step  1140  t=  5303.1s  E=-198.147323 ± 0.053550  var=11.6923  tau=0.00  Rhat=1.116
step  1160  t=  5395.5s  E=-198.161815 ± 0.049208  var=9.8025  tau=0.01  Rhat=1.117
step  1180  t=  5488.0s  E=-198.121996 ± 0.046844  var=9.9305  tau=0.00  Rhat=1.109
step  1200  t=  5580.4s  E=-198.266292 ± 0.060669  var=14.4795  tau=0.02  Rhat=1.127
step  1220  t=  5672.9s  E=-198.186526 ± 0.052633  var=10.8465  tau=0.02  Rhat=1.115
step  1240  t=  5765.3s  E=-198.156798 ± 0.050553  var=10.2153  tau=0.01  Rhat=1.120
step  1260  t=  5857.7s  E=-198.116568 ± 0.049939  var=10.2786  tau=0.00  Rhat=1.114
step  1280  t=  5950.1s  E=-198.124256 ± 0.052106  var=11.4315  tau=0.00  Rhat=1.115
step  1300  t=  6042.5s  E=-198.176112 ± 0.051556  var=10.5745  tau=0.01  Rhat=1.120
step  1320  t=  6134.9s  E=-198.155284 ± 0.049509  var=10.0602  tau=0.00  Rhat=1.117
step  1340  t=  6227.3s  E=-198.189729 ± 0.064611  var=15.4899  tau=0.05  Rhat=1.129
step  1360  t=  6319.8s  E=-198.189196 ± 0.050008  var=10.5041  tau=0.00  Rhat=1.114
step  1380  t=  6412.2s  E=-198.190482 ± 0.048201  var=9.2852  tau=0.01  Rhat=1.120
step  1400  t=  6504.5s  E=-198.223497 ± 0.047160  var=9.5597  tau=0.00  Rhat=1.113
step  1420  t=  6597.0s  E=-198.096161 ± 0.066507  var=17.0780  tau=0.03  Rhat=1.119
step  1440  t=  6689.4s  E=-198.167786 ± 0.049658  var=10.5190  tau=0.00  Rhat=1.118
step  1460  t=  6781.7s  E=-198.194672 ± 0.050424  var=9.8764  tau=0.03  Rhat=1.122
step  1480  t=  6874.2s  E=-198.232860 ± 0.057404  var=14.1312  tau=0.00  Rhat=1.112
step  1500  t=  6966.6s  E=-198.158182 ± 0.052647  var=11.6629  tau=0.00  Rhat=1.112
step  1520  t=  7059.0s  E=-198.285559 ± 0.045349  var=8.4420  tau=0.00  Rhat=1.119
step  1540  t=  7151.5s  E=-198.095845 ± 0.050655  var=10.4051  tau=0.01  Rhat=1.125
step  1560  t=  7243.9s  E=-198.294854 ± 0.055510  var=11.9946  tau=0.03  Rhat=1.126
step  1580  t=  7336.3s  E=-198.233344 ± 0.047005  var=9.6064  tau=0.00  Rhat=1.114
step  1600  t=  7428.6s  E=-198.114283 ± 0.071403  var=21.4283  tau=0.00  Rhat=1.113
step  1620  t=  7520.7s  E=-198.097406 ± 0.069219  var=18.6230  tau=0.03  Rhat=1.128
step  1640  t=  7612.9s  E=-198.180551 ± 0.056058  var=12.5377  tau=0.01  Rhat=1.118
step  1660  t=  7705.2s  E=-198.126080 ± 0.051648  var=11.3084  tau=0.00  Rhat=1.115
step  1680  t=  7797.6s  E=-198.197072 ± 0.062840  var=16.4595  tau=0.00  Rhat=1.115
step  1700  t=  7890.0s  E=-198.214849 ± 0.046467  var=8.6699  tau=0.01  Rhat=1.129
step  1720  t=  7982.4s  E=-198.192391 ± 0.053305  var=12.1084  tau=0.00  Rhat=1.117
step  1740  t=  8074.8s  E=-198.192154 ± 0.045982  var=9.2644  tau=0.00  Rhat=1.117
step  1760  t=  8167.2s  E=-198.162486 ± 0.050975  var=10.0369  tau=0.03  Rhat=1.136
step  1780  t=  8259.7s  E=-198.210138 ± 0.056291  var=12.1044  tau=0.04  Rhat=1.124
step  1800  t=  8352.2s  E=-198.175866 ± 0.054783  var=12.8876  tau=0.00  Rhat=1.116
step  1820  t=  8444.7s  E=-198.259887 ± 0.048700  var=9.9213  tau=0.00  Rhat=1.112
step  1840  t=  8537.1s  E=-198.227253 ± 0.054321  var=11.7212  tau=0.02  Rhat=1.129
step  1860  t=  8629.5s  E=-198.193290 ± 0.049558  var=9.6024  tau=0.02  Rhat=1.124
step  1880  t=  8721.9s  E=-198.124395 ± 0.052803  var=10.8805  tau=0.02  Rhat=1.124
step  1900  t=  8814.2s  E=-198.225575 ± 0.054870  var=12.7560  tau=0.00  Rhat=1.117
step  1920  t=  8906.5s  E=-198.221870 ± 0.059783  var=13.9735  tau=0.02  Rhat=1.124
step  1940  t=  8998.9s  E=-198.132840 ± 0.063154  var=14.6612  tau=0.06  Rhat=1.135
step  1960  t=  9091.3s  E=-198.192562 ± 0.052349  var=11.0345  tau=0.01  Rhat=1.126
step  1980  t=  9183.6s  E=-198.211120 ± 0.049173  var=9.7816  tau=0.01  Rhat=1.121
FINAL gcnn J1J2/square_100_P_0.5: E = -198.216393 ± 0.009448 (Pauli, total), E/N = -0.4955410 S.S, var 11.0941, tau 0.03, Rhat 1.004; wall 02:35:51 on 1 x NVIDIA A100 80GB PCIe; 20032 parameters, 2000 steps x 4096 samples
DONE gcnn-j1j2-100 2026-09-21T13:10:39Z
