NVIDIA A100 80GB PCIe, 81920 MiB
devices: [CudaDevice(id=0)]
rbm on J1J2/square_100_P_0.5: 10200 parameters, n_conn 400
step     0  t=    29.9s  E=-103.803267 ± 0.439576  var=795.4686  tau=0.00  Rhat=1.120
step    20  t=    45.5s  E=-126.786235 ± 0.370110  var=576.1707  tau=0.00  Rhat=1.119
step    40  t=    61.1s  E=-164.306948 ± 0.236908  var=220.6527  tau=0.02  Rhat=1.116
step    60  t=    77.3s  E=-180.989114 ± 0.172738  var=112.8406  tau=0.04  Rhat=1.126
step    80  t=    93.7s  E=-185.164227 ± 0.163971  var=108.2431  tau=0.01  Rhat=1.116
step   100  t=   110.2s  E=-186.134126 ± 0.166259  var=114.4175  tau=0.00  Rhat=1.121
step   120  t=   126.7s  E=-186.140496 ± 0.174014  var=118.5617  tau=0.02  Rhat=1.123
step   140  t=   143.3s  E=-185.841064 ± 0.182410  var=132.3927  tau=0.01  Rhat=1.125
step   160  t=   159.9s  E=-185.580662 ± 0.180578  var=133.0219  tau=0.00  Rhat=1.117
step   180  t=   176.4s  E=-185.646281 ± 0.189421  var=142.6827  tau=0.02  Rhat=1.121
step   200  t=   192.9s  E=-185.021047 ± 0.191573  var=144.8270  tau=0.02  Rhat=1.121
step   220  t=   209.3s  E=-185.151997 ± 0.194504  var=144.4204  tau=0.04  Rhat=1.130
step   240  t=   225.7s  E=-185.128353 ± 0.187753  var=144.0726  tau=0.00  Rhat=1.115
step   260  t=   242.0s  E=-185.021973 ± 0.188919  var=142.3383  tau=0.01  Rhat=1.121
step   280  t=   258.2s  E=-184.900872 ± 0.189239  var=143.8890  tau=0.01  Rhat=1.118
step   300  t=   274.4s  E=-185.258145 ± 0.186814  var=142.7915  tau=0.00  Rhat=1.120
step   320  t=   290.6s  E=-185.103743 ± 0.192306  var=142.9337  tau=0.03  Rhat=1.132
step   340  t=   306.7s  E=-185.065159 ± 0.196006  var=143.8014  tau=0.05  Rhat=1.132
step   360  t=   322.8s  E=-185.192904 ± 0.186320  var=134.9499  tau=0.03  Rhat=1.119
step   380  t=   338.9s  E=-184.832460 ± 0.191679  var=145.4627  tau=0.02  Rhat=1.121
step   400  t=   355.0s  E=-185.361760 ± 0.190548  var=145.3977  tau=0.01  Rhat=1.123
step   420  t=   371.0s  E=-185.179385 ± 0.186052  var=135.8145  tau=0.02  Rhat=1.126
step   440  t=   387.0s  E=-185.119714 ± 0.192647  var=140.2514  tau=0.04  Rhat=1.125
step   460  t=   403.0s  E=-184.537281 ± 0.179232  var=136.8522  tau=0.00  Rhat=1.117
step   480  t=   419.0s  E=-185.331049 ± 0.185700  var=132.6082  tau=0.03  Rhat=1.123
step   500  t=   435.0s  E=-185.325547 ± 0.193160  var=145.1787  tau=0.03  Rhat=1.124
step   520  t=   451.0s  E=-185.921755 ± 0.187758  var=141.0464  tau=0.01  Rhat=1.120
step   540  t=   466.9s  E=-185.439167 ± 0.188945  var=134.4996  tau=0.04  Rhat=1.133
step   560  t=   483.0s  E=-185.363629 ± 0.184805  var=134.0300  tau=0.02  Rhat=1.115
step   580  t=   499.0s  E=-185.861157 ± 0.186506  var=139.7210  tau=0.01  Rhat=1.123
step   600  t=   514.9s  E=-185.939871 ± 0.184512  var=129.0474  tau=0.04  Rhat=1.129
step   620  t=   530.9s  E=-185.566264 ± 0.184882  var=129.6126  tau=0.04  Rhat=1.127
step   640  t=   546.9s  E=-185.946332 ± 0.184018  var=132.7559  tau=0.02  Rhat=1.132
step   660  t=   562.9s  E=-185.769560 ± 0.185588  var=137.5527  tau=0.01  Rhat=1.122
step   680  t=   578.8s  E=-186.177223 ± 0.182770  var=132.6918  tau=0.02  Rhat=1.121
step   700  t=   594.7s  E=-186.001257 ± 0.190001  var=134.5636  tau=0.05  Rhat=1.127
step   720  t=   610.7s  E=-186.098894 ± 0.179293  var=130.8591  tau=0.00  Rhat=1.119
step   740  t=   626.6s  E=-186.059797 ± 0.180316  var=124.2592  tau=0.04  Rhat=1.126
step   760  t=   642.6s  E=-186.171226 ± 0.176436  var=127.9560  tau=0.00  Rhat=1.122
step   780  t=   658.6s  E=-186.075309 ± 0.189441  var=140.4259  tau=0.02  Rhat=1.120
step   800  t=   674.5s  E=-185.763162 ± 0.176375  var=119.7486  tau=0.03  Rhat=1.124
step   820  t=   690.5s  E=-186.230827 ± 0.181045  var=127.2294  tau=0.03  Rhat=1.125
step   840  t=   706.4s  E=-186.140821 ± 0.178409  var=122.0245  tau=0.03  Rhat=1.130
step   860  t=   722.4s  E=-186.011510 ± 0.173265  var=116.0136  tau=0.03  Rhat=1.124
step   880  t=   738.4s  E=-186.200349 ± 0.174375  var=124.1294  tau=0.00  Rhat=1.123
step   900  t=   754.3s  E=-186.496086 ± 0.177223  var=126.1733  tau=0.01  Rhat=1.119
step   920  t=   770.2s  E=-186.176141 ± 0.174480  var=119.7104  tau=0.02  Rhat=1.126
step   940  t=   786.2s  E=-186.174448 ± 0.178477  var=123.2490  tau=0.03  Rhat=1.120
step   960  t=   802.2s  E=-186.565061 ± 0.180120  var=122.4108  tau=0.04  Rhat=1.125
step   980  t=   818.1s  E=-186.504741 ± 0.182216  var=129.2965  tau=0.03  Rhat=1.118
step  1000  t=   834.0s  E=-186.310887 ± 0.182143  var=131.7748  tau=0.02  Rhat=1.121
step  1020  t=   850.0s  E=-186.532217 ± 0.175789  var=115.7284  tau=0.05  Rhat=1.125
step  1040  t=   866.0s  E=-186.348787 ± 0.174616  var=123.0105  tau=0.01  Rhat=1.119
step  1060  t=   881.9s  E=-186.686625 ± 0.188646  var=132.1748  tau=0.05  Rhat=1.132
step  1080  t=   898.0s  E=-186.546389 ± 0.176866  var=119.7163  tau=0.04  Rhat=1.127
step  1100  t=   914.0s  E=-186.753918 ± 0.188597  var=142.3080  tau=0.01  Rhat=1.120
step  1120  t=   930.0s  E=-186.498845 ± 0.175453  var=114.4760  tau=0.05  Rhat=1.130
step  1140  t=   945.9s  E=-186.529473 ± 0.176276  var=121.5741  tau=0.02  Rhat=1.126
step  1160  t=   961.9s  E=-186.453106 ± 0.178501  var=119.9706  tau=0.04  Rhat=1.126
step  1180  t=   977.9s  E=-186.624976 ± 0.170227  var=111.1632  tau=0.03  Rhat=1.124
step  1200  t=   993.9s  E=-187.038737 ± 0.167631  var=112.3912  tau=0.01  Rhat=1.127
step  1220  t=  1009.9s  E=-186.840945 ± 0.168933  var=113.2199  tau=0.02  Rhat=1.120
step  1240  t=  1026.0s  E=-187.240092 ± 0.173476  var=117.4329  tau=0.02  Rhat=1.117
step  1260  t=  1042.0s  E=-187.057263 ± 0.169714  var=114.1138  tau=0.02  Rhat=1.124
step  1280  t=  1058.0s  E=-186.998816 ± 0.166276  var=109.5187  tau=0.02  Rhat=1.126
step  1300  t=  1074.0s  E=-187.294849 ± 0.173869  var=115.5909  tau=0.04  Rhat=1.125
step  1320  t=  1089.9s  E=-187.140300 ± 0.166798  var=113.1488  tau=0.00  Rhat=1.123
step  1340  t=  1105.9s  E=-187.146783 ± 0.171393  var=107.3446  tau=0.06  Rhat=1.128
step  1360  t=  1121.9s  E=-187.247471 ± 0.169935  var=110.9931  tau=0.03  Rhat=1.123
step  1380  t=  1137.8s  E=-187.212248 ± 0.164150  var=101.7758  tau=0.04  Rhat=1.130
step  1400  t=  1153.7s  E=-187.614846 ± 0.168019  var=102.3958  tau=0.06  Rhat=1.128
step  1420  t=  1169.7s  E=-187.417323 ± 0.163406  var=109.0405  tau=0.00  Rhat=1.119
step  1440  t=  1185.7s  E=-187.721305 ± 0.160143  var=101.1572  tau=0.02  Rhat=1.125
step  1460  t=  1201.7s  E=-187.388371 ± 0.162465  var=100.6811  tau=0.04  Rhat=1.126
step  1480  t=  1217.7s  E=-187.287334 ± 0.161266  var=105.1916  tau=0.01  Rhat=1.115
step  1500  t=  1233.8s  E=-187.876475 ± 0.168452  var=107.8616  tau=0.04  Rhat=1.125
step  1520  t=  1249.7s  E=-187.863516 ± 0.165543  var=110.2686  tau=0.01  Rhat=1.121
step  1540  t=  1265.7s  E=-187.550305 ± 0.155500  var=99.4430  tau=0.00  Rhat=1.119
step  1560  t=  1281.7s  E=-187.522002 ± 0.163432  var=104.8850  tau=0.02  Rhat=1.119
step  1580  t=  1297.7s  E=-187.741532 ± 0.159926  var=102.5162  tau=0.01  Rhat=1.114
step  1600  t=  1313.7s  E=-187.933301 ± 0.165151  var=104.8357  tau=0.03  Rhat=1.124
step  1620  t=  1329.7s  E=-187.907509 ± 0.162334  var=104.8213  tau=0.01  Rhat=1.117
step  1640  t=  1345.7s  E=-187.806307 ± 0.163999  var=102.2447  tau=0.04  Rhat=1.127
step  1660  t=  1361.7s  E=-187.803987 ± 0.160125  var=102.7198  tau=0.01  Rhat=1.117
step  1680  t=  1377.7s  E=-187.893023 ± 0.157069  var=96.5189  tau=0.02  Rhat=1.119
step  1700  t=  1393.6s  E=-188.039455 ± 0.157158  var=97.5623  tau=0.02  Rhat=1.130
step  1720  t=  1409.6s  E=-188.156590 ± 0.157676  var=95.3636  tau=0.03  Rhat=1.123
step  1740  t=  1425.6s  E=-187.971913 ± 0.155203  var=98.7718  tau=0.00  Rhat=1.120
step  1760  t=  1441.6s  E=-187.891979 ± 0.157724  var=96.6538  tau=0.03  Rhat=1.117
step  1780  t=  1457.6s  E=-187.772121 ± 0.154041  var=98.6599  tau=0.00  Rhat=1.120
step  1800  t=  1473.5s  E=-188.314744 ± 0.164663  var=103.2379  tau=0.04  Rhat=1.129
step  1820  t=  1489.5s  E=-188.284875 ± 0.157502  var=95.0596  tau=0.03  Rhat=1.124
step  1840  t=  1505.5s  E=-188.199113 ± 0.157916  var=94.2176  tau=0.04  Rhat=1.135
step  1860  t=  1521.4s  E=-188.246201 ± 0.157064  var=96.4914  tau=0.02  Rhat=1.125
step  1880  t=  1537.5s  E=-188.373306 ± 0.156414  var=96.9422  tau=0.02  Rhat=1.126
step  1900  t=  1553.5s  E=-188.433657 ± 0.153051  var=92.5896  tau=0.02  Rhat=1.118
step  1920  t=  1569.4s  E=-188.361792 ± 0.155771  var=95.0489  tau=0.02  Rhat=1.120
step  1940  t=  1585.3s  E=-188.441319 ± 0.154366  var=95.7990  tau=0.01  Rhat=1.120
step  1960  t=  1601.2s  E=-188.439924 ± 0.157973  var=97.7948  tau=0.02  Rhat=1.126
step  1980  t=  1617.1s  E=-188.287675 ± 0.156505  var=98.6067  tau=0.01  Rhat=1.116
FINAL rbm J1J2/square_100_P_0.5: E = -188.536491 ± 0.027933 (Pauli, total), E/N = -0.4713412 S.S, var 95.6222, tau 0.03, Rhat 1.005; wall 00:27:27 on 1 x NVIDIA A100 80GB PCIe; 10200 parameters, 2000 steps x 4096 samples
DONE rbm-j1j2-100 2026-09-21T11:19:55Z
