NVIDIA A100 80GB PCIe, 81920 MiB
devices: [CudaDevice(id=0)]
gcnn on J1J2/square_100_P_0.5: 20032 parameters, n_conn 400
step     0  t=    39.3s  E=-104.070563 ± 0.444452  var=785.5217  tau=0.02  Rhat=1.123
step    20  t=   131.8s  E=-129.537248 ± 0.368968  var=576.5931  tau=0.00  Rhat=1.117
step    40  t=   224.1s  E=-169.867842 ± 0.230466  var=199.0894  tau=0.05  Rhat=1.131
step    60  t=   316.4s  E=-185.855219 ± 0.152994  var=82.7117  tau=0.08  Rhat=1.134
step    80  t=   408.7s  E=-191.906580 ± 0.119908  var=55.1225  tau=0.03  Rhat=1.121
step   100  t=   501.0s  E=-194.683773 ± 0.102684  var=41.0687  tau=0.03  Rhat=1.121
step   120  t=   593.3s  E=-195.983117 ± 0.093870  var=35.6109  tau=0.01  Rhat=1.121
step   140  t=   685.6s  E=-196.699809 ± 0.080901  var=28.2673  tau=0.00  Rhat=1.119
step   160  t=   777.9s  E=-197.079670 ± 0.074534  var=23.0430  tau=0.00  Rhat=1.118
step   180  t=   870.1s  E=-197.393607 ± 0.079407  var=25.8731  tau=0.00  Rhat=1.124
step   200  t=   962.4s  E=-197.515267 ± 0.066788  var=16.8870  tau=0.04  Rhat=1.125
step   220  t=  1054.7s  E=-197.520266 ± 0.063514  var=15.7135  tau=0.03  Rhat=1.122
step   240  t=  1147.0s  E=-197.483532 ± 0.063233  var=15.7742  tau=0.02  Rhat=1.117
step   260  t=  1239.3s  E=-197.703967 ± 0.059524  var=14.4032  tau=0.00  Rhat=1.115
step   280  t=  1331.5s  E=-197.666491 ± 0.066311  var=17.3499  tau=0.02  Rhat=1.119
step   300  t=  1423.8s  E=-197.754963 ± 0.064971  var=16.3064  tau=0.03  Rhat=1.122
step   320  t=  1516.1s  E=-197.836732 ± 0.060220  var=15.0194  tau=0.00  Rhat=1.117
step   340  t=  1608.5s  E=-197.743190 ± 0.062004  var=15.2565  tau=0.02  Rhat=1.123
step   360  t=  1700.8s  E=-197.833559 ± 0.056592  var=13.6224  tau=0.00  Rhat=1.112
step   380  t=  1793.1s  E=-197.803285 ± 0.061130  var=15.0657  tau=0.01  Rhat=1.121
step   400  t=  1885.5s  E=-197.874716 ± 0.061465  var=15.3962  tau=0.00  Rhat=1.119
step   420  t=  1977.8s  E=-197.886777 ± 0.055708  var=12.6929  tau=0.00  Rhat=1.113
step   440  t=  2070.2s  E=-197.852830 ± 0.062064  var=14.9956  tau=0.03  Rhat=1.119
step   460  t=  2162.5s  E=-197.881353 ± 0.054398  var=11.0674  tau=0.05  Rhat=1.125
step   480  t=  2254.8s  E=-197.914678 ± 0.056754  var=12.8893  tau=0.01  Rhat=1.114
step   500  t=  2347.1s  E=-197.961404 ± 0.060966  var=14.7894  tau=0.01  Rhat=1.120
step   520  t=  2439.5s  E=-197.930639 ± 0.073619  var=21.7811  tau=0.01  Rhat=1.117
step   540  t=  2531.8s  E=-198.029622 ± 0.054285  var=12.3260  tau=0.00  Rhat=1.114
step   560  t=  2624.2s  E=-197.943098 ± 0.053961  var=12.0430  tau=0.00  Rhat=1.119
step   580  t=  2716.5s  E=-198.009281 ± 0.054956  var=11.3872  tau=0.04  Rhat=1.118
step   600  t=  2808.8s  E=-197.975232 ± 0.063935  var=16.9362  tau=0.00  Rhat=1.115
step   620  t=  2901.2s  E=-198.013636 ± 0.049185  var=10.0660  tau=0.00  Rhat=1.116
step   640  t=  2993.6s  E=-198.005657 ± 0.051942  var=10.8666  tau=0.01  Rhat=1.123
step   660  t=  3086.0s  E=-198.020555 ± 0.050566  var=11.0199  tau=0.00  Rhat=1.112
step   680  t=  3178.4s  E=-198.088248 ± 0.056493  var=13.0194  tau=0.00  Rhat=1.121
step   700  t=  3270.7s  E=-198.077130 ± 0.052294  var=11.4611  tau=0.00  Rhat=1.122
step   720  t=  3363.1s  E=-197.879669 ± 0.106525  var=45.9209  tau=0.01  Rhat=1.121
step   740  t=  3455.4s  E=-197.972229 ± 0.059109  var=14.1802  tau=0.00  Rhat=1.116
step   760  t=  3547.7s  E=-198.033014 ± 0.049489  var=10.2469  tau=0.00  Rhat=1.121
step   780  t=  3640.0s  E=-198.092910 ± 0.049848  var=10.4348  tau=0.00  Rhat=1.120
step   800  t=  3732.3s  E=-198.085130 ± 0.059609  var=12.8021  tau=0.07  Rhat=1.138
step   820  t=  3824.7s  E=-198.183944 ± 0.053267  var=10.9345  tau=0.03  Rhat=1.119
step   840  t=  3917.0s  E=-198.086113 ± 0.052434  var=11.2184  tau=0.00  Rhat=1.116
step   860  t=  4009.3s  E=-198.014481 ± 0.059011  var=14.3864  tau=0.00  Rhat=1.120
step   880  t=  4101.6s  E=-198.038897 ± 0.054602  var=12.3217  tau=0.00  Rhat=1.123
step   900  t=  4194.0s  E=-198.205596 ± 0.049086  var=10.0054  tau=0.00  Rhat=1.122
step   920  t=  4286.3s  E=-198.135206 ± 0.049905  var=10.4265  tau=0.00  Rhat=1.112
step   940  t=  4378.6s  E=-198.160521 ± 0.051321  var=10.9821  tau=0.00  Rhat=1.113
step   960  t=  4471.0s  E=-198.043473 ± 0.053615  var=11.8410  tau=0.00  Rhat=1.121
step   980  t=  4563.3s  E=-198.199684 ± 0.056116  var=12.6168  tau=0.01  Rhat=1.121
step  1000  t=  4655.6s  E=-198.171213 ± 0.050380  var=9.3359  tau=0.06  Rhat=1.125
step  1020  t=  4747.9s  E=-198.091827 ± 0.060150  var=14.9388  tau=0.00  Rhat=1.115
step  1040  t=  4840.2s  E=-198.075070 ± 0.055802  var=12.4766  tau=0.01  Rhat=1.127
step  1060  t=  4932.4s  E=-198.141738 ± 0.051544  var=11.0058  tau=0.00  Rhat=1.116
step  1080  t=  5024.7s  E=-198.206980 ± 0.050171  var=10.7700  tau=0.00  Rhat=1.112
step  1100  t=  5117.0s  E=-198.164774 ± 0.045064  var=8.6440  tau=0.00  Rhat=1.116
step  1120  t=  5209.3s  E=-198.183035 ± 0.051809  var=10.2506  tau=0.04  Rhat=1.124
step  1140  t=  5301.6s  E=-198.214223 ± 0.055584  var=11.9305  tau=0.03  Rhat=1.122
step  1160  t=  5393.8s  E=-198.188193 ± 0.057232  var=13.0713  tau=0.01  Rhat=1.117
step  1180  t=  5486.1s  E=-198.105763 ± 0.048561  var=9.8465  tau=0.00  Rhat=1.115
step  1200  t=  5578.5s  E=-198.182967 ± 0.049335  var=9.9668  tau=0.00  Rhat=1.116
step  1220  t=  5670.8s  E=-198.271993 ± 0.049321  var=9.5672  tau=0.02  Rhat=1.119
step  1240  t=  5763.1s  E=-198.100199 ± 0.056721  var=12.3966  tau=0.03  Rhat=1.124
step  1260  t=  5855.4s  E=-198.255759 ± 0.051346  var=11.2324  tau=0.00  Rhat=1.110
step  1280  t=  5947.9s  E=-198.102592 ± 0.046855  var=8.8248  tau=0.01  Rhat=1.125
step  1300  t=  6040.3s  E=-198.164084 ± 0.053985  var=11.9186  tau=0.00  Rhat=1.126
step  1320  t=  6132.7s  E=-198.122032 ± 0.070599  var=19.7397  tau=0.02  Rhat=1.121
step  1340  t=  6225.1s  E=-198.135180 ± 0.049332  var=10.6009  tau=0.00  Rhat=1.112
step  1360  t=  6317.5s  E=-198.137879 ± 0.051931  var=9.9681  tau=0.05  Rhat=1.133
step  1380  t=  6409.9s  E=-198.245778 ± 0.053561  var=11.2325  tau=0.02  Rhat=1.126
step  1400  t=  6502.3s  E=-198.125604 ± 0.049021  var=9.9351  tau=0.00  Rhat=1.121
step  1420  t=  6594.8s  E=-198.200955 ± 0.052782  var=11.3021  tau=0.00  Rhat=1.120
step  1440  t=  6687.3s  E=-198.150332 ± 0.046423  var=8.9043  tau=0.00  Rhat=1.108
step  1460  t=  6779.7s  E=-198.214219 ± 0.046295  var=8.8669  tau=0.00  Rhat=1.115
step  1480  t=  6872.1s  E=-198.250570 ± 0.050853  var=10.9550  tau=0.00  Rhat=1.117
step  1500  t=  6964.5s  E=-198.209593 ± 0.053414  var=10.7242  tau=0.04  Rhat=1.126
step  1520  t=  7056.9s  E=-198.119647 ± 0.050400  var=10.5099  tau=0.00  Rhat=1.123
step  1540  t=  7149.3s  E=-198.209358 ± 0.048005  var=9.7698  tau=0.00  Rhat=1.106
step  1560  t=  7241.7s  E=-198.246897 ± 0.043742  var=7.7772  tau=0.00  Rhat=1.110
step  1580  t=  7334.2s  E=-198.195672 ± 0.050745  var=10.4716  tau=0.00  Rhat=1.129
step  1600  t=  7426.6s  E=-198.244420 ± 0.049040  var=10.1308  tau=0.00  Rhat=1.110
step  1620  t=  7519.0s  E=-198.208711 ± 0.053851  var=12.3907  tau=0.00  Rhat=1.114
step  1640  t=  7611.4s  E=-198.226520 ± 0.049811  var=9.9337  tau=0.01  Rhat=1.116
step  1660  t=  7703.8s  E=-198.272284 ± 0.042134  var=7.3535  tau=0.00  Rhat=1.114
step  1680  t=  7796.2s  E=-198.193996 ± 0.060434  var=15.1793  tau=0.00  Rhat=1.132
step  1700  t=  7888.6s  E=-198.175597 ± 0.049763  var=9.8547  tau=0.01  Rhat=1.118
step  1720  t=  7981.0s  E=-198.179615 ± 0.049686  var=9.5828  tau=0.03  Rhat=1.117
step  1740  t=  8073.5s  E=-198.255434 ± 0.047967  var=9.6527  tau=0.00  Rhat=1.113
step  1760  t=  8165.9s  E=-198.185123 ± 0.054734  var=11.5401  tau=0.03  Rhat=1.121
step  1780  t=  8258.3s  E=-198.204662 ± 0.049090  var=10.0316  tau=0.00  Rhat=1.116
step  1800  t=  8350.7s  E=-198.311505 ± 0.044065  var=8.4268  tau=0.00  Rhat=1.113
step  1820  t=  8443.1s  E=-198.187580 ± 0.044389  var=8.0952  tau=0.00  Rhat=1.125
step  1840  t=  8535.4s  E=-198.297972 ± 0.054109  var=11.3109  tau=0.03  Rhat=1.137
step  1860  t=  8627.9s  E=-198.208442 ± 0.055565  var=11.4329  tau=0.05  Rhat=1.125
step  1880  t=  8720.3s  E=-198.229134 ± 0.045740  var=8.6054  tau=0.00  Rhat=1.121
step  1900  t=  8812.7s  E=-198.204025 ± 0.054839  var=12.5263  tau=0.00  Rhat=1.116
step  1920  t=  8905.1s  E=-198.298560 ± 0.045979  var=8.9118  tau=0.00  Rhat=1.115
step  1940  t=  8997.6s  E=-198.332539 ± 0.051247  var=12.5229  tau=0.00  Rhat=1.114
step  1960  t=  9090.0s  E=-198.348819 ± 0.045788  var=8.1900  tau=0.02  Rhat=1.124
step  1980  t=  9182.3s  E=-198.273104 ± 0.049040  var=9.1720  tau=0.04  Rhat=1.125
FINAL gcnn J1J2/square_100_P_0.5: E = -198.251969 ± 0.008819 (Pauli, total), E/N = -0.4956299 S.S, var 10.4282, tau 0.00, Rhat 1.004; wall 02:35:50 on 1 x NVIDIA A100 80GB PCIe; 20032 parameters, 2000 steps x 4096 samples
DONE gcnn-j1j2-100 2026-09-24T17:41:31Z
