[run] host 99problems start 2026-09-19T15:32:37+02:00
Downloading cpython-3.11.14-linux-x86_64-gnu (download) (29.8MiB)
 Downloaded cpython-3.11.14-linux-x86_64-gnu (download)
Using CPython 3.11.14
Creating virtual environment at: .venv
Activate with: source .venv/bin/activate
Resolved 42 packages in 272ms
Downloading scipy (39.2MiB)
Downloading pygments (1.1MiB)
Downloading setuptools (2.2MiB)
Downloading llvmlite (41.8MiB)
Downloading igraph (3.0MiB)
Downloading jax (1.9MiB)
Downloading numba (3.5MiB)
Downloading numpy (17.4MiB)
Downloading ml-dtypes (2.1MiB)
Downloading jaxlib (76.0MiB)
 Downloaded pygments
 Downloaded jax
 Downloaded igraph
 Downloaded setuptools
Downloading tensorstore (14.2MiB)
 Downloaded ml-dtypes
 Downloaded numba
 Downloaded numpy
 Downloaded llvmlite
 Downloaded scipy
 Downloaded tensorstore
 Downloaded jaxlib
Prepared 42 packages in 11.07s
Installed 42 packages in 31ms
 + absl-py==2.1.0
 + beartype==0.18.5
 + cffi==1.16.0
 + chex==0.1.86
 + equinox==0.11.4
 + etils==1.9.2
 + flax==0.8.5
 + fsspec==2024.6.1
 + igraph==0.11.6
 + importlib-resources==6.4.0
 + jax==0.4.30
 + jaxlib==0.4.30
 + jaxtyping==0.2.33
 + llvmlite==0.42.0
 + markdown-it-py==3.0.0
 + mdurl==0.1.2
 + ml-dtypes==0.4.0
 + msgpack==1.0.8
 + nest-asyncio==1.6.0
 + netket==3.13.0
 + numba==0.59.1
 + numba4jax==0.0.12
 + numpy==1.26.4
 + opt-einsum==3.3.0
 + optax==0.2.3
 + orbax-checkpoint==0.5.22
 + orjson==3.10.6
 + plum-dispatch==2.5.2
 + protobuf==5.27.2
 + pycparser==2.22
 + pygments==2.18.0
 + pyyaml==6.0.1
 + rich==13.7.1
 + scipy==1.14.0
 + setuptools==71.1.0
 + tensorstore==0.1.63
 + texttable==1.7.0
 + toolz==0.12.1
 + tqdm==4.66.4
 + typeguard==2.13.3
 + typing-extensions==4.12.2
 + zipp==3.19.2
[run] env ready 2026-09-19T15:32:56+02:00
netket 3.13.0 jax 0.4.30 python 3.11.14
[CpuDevice(id=0)]
[run] === --boundary peri --L 10 --h 1  2026-09-19T15:33:00+02:00
./out/ising_peri_1d_L10_h=1/rbm_a1_sr/out
n_params 120
start_time 2026-09-19 15:33:06
used_time 249.36213040351868
energy -12.784382 ± 0.000065 [σ²=0.004806, R̂=1.0005]
[run] --- eval  2026-09-19T15:37:19+02:00
{
 "instance": "ising_peri_1d_L10_h=1",
 "N": 10,
 "exact_ed": -12.78490644299931,
 "exact_freefermion": -12.784906442999324,
 "fullsum": {
  "mean": -12.784376149011054,
  "variance": 0.004822194429201588
 },
 "mc_estimates": [
  {
   "mean": -12.784403087641607,
   "error_of_mean": 6.8069749562392e-05,
   "variance": 0.004835720764301532,
   "tau_corr": 0.0023622632143296407,
   "R_hat": 1.000497024163228
  },
  {
   "mean": -12.784375309534965,
   "error_of_mean": 6.688938324309828e-05,
   "variance": 0.004821947380128639,
   "tau_corr": 0.0,
   "R_hat": 1.0004967388950998
  },
  {
   "mean": -12.784276408021327,
   "error_of_mean": 6.776257640306794e-05,
   "variance": 0.004783697937165965,
   "tau_corr": 0.0032525554702791393,
   "R_hat": 1.0004858486008317
  },
  {
   "mean": -12.784285943506433,
   "error_of_mean": 6.719506031154323e-05,
   "variance": 0.00482710524822834,
   "tau_corr": 0.0,
   "R_hat": 1.0004734793699137
  },
  {
   "mean": -12.784475399262163,
   "error_of_mean": 6.678959644839538e-05,
   "variance": 0.004804742312545362,
   "tau_corr": 0.0,
   "R_hat": 1.0004727066760302
  }
 ]
}
[run] === --boundary open --L 10 --h 1  2026-09-19T15:37:42+02:00
./out/ising_open_1d_L10_h=1/rbm_a1_sr/out
n_params 120
start_time 2026-09-19 15:37:46
used_time 327.77967071533203
energy -12.381393 ± 0.000027 [σ²=0.000753, R̂=1.0005]
[run] --- eval  2026-09-19T15:43:18+02:00
{
 "instance": "ising_open_1d_L10_h=1",
 "N": 10,
 "exact_ed": -12.381489999654764,
 "fullsum": {
  "mean": -12.381410827900591,
  "variance": 0.0007573546482705009
 },
 "mc_estimates": [
  {
   "mean": -12.381428372810689,
   "error_of_mean": 2.637970417443371e-05,
   "variance": 0.0007570019221420708,
   "tau_corr": 0.0,
   "R_hat": 1.0004471538952207
  },
  {
   "mean": -12.381419411106862,
   "error_of_mean": 2.7856248712822604e-05,
   "variance": 0.0007566052172983019,
   "tau_corr": 0.03770719606593531,
   "R_hat": 1.000573051987562
  },
  {
   "mean": -12.381401546937326,
   "error_of_mean": 2.675466351873697e-05,
   "variance": 0.0007582415092055761,
   "tau_corr": 0.0,
   "R_hat": 1.000486840874157
  },
  {
   "mean": -12.38135297850522,
   "error_of_mean": 2.535068073843333e-05,
   "variance": 0.0007560772303333082,
   "tau_corr": 0.0,
   "R_hat": 1.0004529807827636
  },
  {
   "mean": -12.381415603432544,
   "error_of_mean": 2.735444588851474e-05,
   "variance": 0.0007580645303903516,
   "tau_corr": 0.0175109990874992,
   "R_hat": 1.0005447302705115
  }
 ]
}
[run] === --boundary peri --L 32 --h 0.5  2026-09-19T15:43:36+02:00
./out/ising_peri_1d_L32_h=0.5/rbm_a1_sr/out
n_params 1088
start_time 2026-09-19 15:43:41
used_time 1254.717943429947
energy -34.03197 ± 0.00010 [σ²=0.01013, R̂=1.0006]
[run] --- eval  2026-09-19T16:05:00+02:00
{
 "instance": "ising_peri_1d_L32_h=0.5",
 "N": 32,
 "exact_freefermion": -34.03342111916818,
 "mc_estimates": [
  {
   "mean": -34.02744310892355,
   "error_of_mean": 0.00023348306429657893,
   "variance": 0.039208089729199855,
   "tau_corr": 0.2289621906061019,
   "R_hat": 1.0012099432495116
  },
  {
   "mean": -34.032122557711254,
   "error_of_mean": 0.00010390651587593665,
   "variance": 0.01018682887477184,
   "tau_corr": 0.05566938816416456,
   "R_hat": 1.0006071139632495
  },
  {
   "mean": -34.032093043834735,
   "error_of_mean": 0.00010636003297812779,
   "variance": 0.010090056259834449,
   "tau_corr": 0.08780497363840067,
   "R_hat": 1.0006791349830004
  },
  {
   "mean": -34.032051458708374,
   "error_of_mean": 0.00010650898197062751,
   "variance": 0.01021030783536243,
   "tau_corr": 0.0825102193681232,
   "R_hat": 1.0006175571882847
  },
  {
   "mean": -34.03216833646982,
   "error_of_mean": 0.00010673796859740487,
   "variance": 0.010474170885784286,
   "tau_corr": 0.0702799841731866,
   "R_hat": 1.0006314677318444
  }
 ]
}
[run] done 2026-09-19T16:06:35+02:00
